Component: ARM Compiler 5.06 update 1 (build 61) Tool: armlink [4d35a8]

==============================================================================

Section Cross References

    main.o(i.BLE_send_rawdata) refers to main.o(i.ble_send) for ble_send
    main.o(i.BLE_send_rawdata) refers to gc_protocol.o(.data) for m_ble_status
    main.o(i.BLE_send_rawdata) refers to main.o(.data) for __count
    main.o(i.BLE_send_rawdata) refers to main.o(.bss) for send_raw_bf
    main.o(i.BLE_send_rawdata) refers to gc_activity.o(.data) for g_hr
    main.o(i.BLE_send_rawdata_test) refers to main.o(i.ble_send) for ble_send
    main.o(i.BLE_send_rawdata_test) refers to gc_protocol.o(.data) for m_ble_status
    main.o(i.BLE_send_rawdata_test) refers to main.o(.data) for ble_100ms_count
    main.o(i.BLE_send_rawdata_test) refers to main.o(.bss) for send_raw_bf
    main.o(i.BLE_send_rawdata_test) refers to gc_activity.o(.data) for g_hr
    main.o(i.__cmd_nus_ble_send) refers to ble_nus.o(i.ble_nus_string_send) for ble_nus_string_send
    main.o(i.__cmd_nus_ble_send) refers to main.o(.bss) for m_nus
    main.o(i.accelerator_sensor_init) refers to main.o(i.nrf_gpio_cfg_input) for nrf_gpio_cfg_input
    main.o(i.accelerator_sensor_init) refers to nrf_drv_gpiote.o(i.nrf_drv_gpiote_in_init) for nrf_drv_gpiote_in_init
    main.o(i.accelerator_sensor_init) refers to printfa.o(i.__0printf) for __2printf
    main.o(i.accelerator_sensor_init) refers to nrf_drv_gpiote.o(i.nrf_drv_gpiote_in_event_enable) for nrf_drv_gpiote_in_event_enable
    main.o(i.accelerator_sensor_init) refers to bma2x2_support.o(i.bma2x2_data_readout_template) for bma2x2_data_readout_template
    main.o(i.accelerator_sensor_init) refers to main.o(.constdata) for .constdata
    main.o(i.accelerator_sensor_init) refers to main.o(i.gpiote_acc_intr_handler) for gpiote_acc_intr_handler
    main.o(i.advertising_init) refers to memseta.o(.text) for __aeabi_memclr4
    main.o(i.advertising_init) refers to ble_advertising.o(i.ble_advertising_init) for ble_advertising_init
    main.o(i.advertising_init) refers to app_error.o(i.app_error_handler_bare) for app_error_handler_bare
    main.o(i.advertising_init) refers to main.o(.data) for m_adv_uuids
    main.o(i.advertising_init) refers to main.o(i.on_adv_evt) for on_adv_evt
    main.o(i.application_timers_start) refers to app_timer.o(i.app_timer_start) for app_timer_start
    main.o(i.application_timers_start) refers to app_error.o(i.app_error_handler_bare) for app_error_handler_bare
    main.o(i.application_timers_start) refers to main.o(.constdata) for m_shell_timer_id
    main.o(i.assert_nrf_callback) refers to app_error.o(i.app_error_handler) for app_error_handler
    main.o(i.ble_evt_dispatch) refers to ble_conn_params.o(i.ble_conn_params_on_ble_evt) for ble_conn_params_on_ble_evt
    main.o(i.ble_evt_dispatch) refers to ble_nus.o(i.ble_nus_on_ble_evt) for ble_nus_on_ble_evt
    main.o(i.ble_evt_dispatch) refers to main.o(i.on_ble_evt) for on_ble_evt
    main.o(i.ble_evt_dispatch) refers to ble_advertising.o(i.ble_advertising_on_ble_evt) for ble_advertising_on_ble_evt
    main.o(i.ble_evt_dispatch) refers to bsp_btn_ble.o(i.bsp_btn_ble_on_ble_evt) for bsp_btn_ble_on_ble_evt
    main.o(i.ble_evt_dispatch) refers to main.o(.bss) for m_nus
    main.o(i.ble_send) refers to ble_nus.o(i.ble_nus_string_send) for ble_nus_string_send
    main.o(i.ble_send) refers to main.o(.data) for g_total_send_count
    main.o(i.ble_send) refers to main.o(.bss) for m_nus
    main.o(i.ble_send) refers to gc_protocol.o(.data) for m_ble_status
    main.o(i.ble_stack_init) refers to softdevice_handler.o(i.softdevice_handler_init) for softdevice_handler_init
    main.o(i.ble_stack_init) refers to app_error.o(i.app_error_handler_bare) for app_error_handler_bare
    main.o(i.ble_stack_init) refers to softdevice_handler.o(i.softdevice_enable_get_default_config) for softdevice_enable_get_default_config
    main.o(i.ble_stack_init) refers to softdevice_handler.o(i.sd_check_ram_start) for sd_check_ram_start
    main.o(i.ble_stack_init) refers to softdevice_handler.o(i.softdevice_enable) for softdevice_enable
    main.o(i.ble_stack_init) refers to softdevice_handler.o(i.softdevice_ble_evt_handler_set) for softdevice_ble_evt_handler_set
    main.o(i.ble_stack_init) refers to main.o(.constdata) for .constdata
    main.o(i.ble_stack_init) refers to main.o(.bss) for BLE_EVT_BUFFER
    main.o(i.ble_stack_init) refers to main.o(i.ble_evt_dispatch) for ble_evt_dispatch
    main.o(i.bsp_event_handler) refers to gc_activity.o(i.get_GMT) for get_GMT
    main.o(i.bsp_event_handler) refers to printfa.o(i.__0printf) for __2printf
    main.o(i.bsp_event_handler) refers to memseta.o(.text) for __aeabi_memset
    main.o(i.bsp_event_handler) refers to flash_control.o(i.gc_flash_page_write_data) for gc_flash_page_write_data
    main.o(i.bsp_event_handler) refers to nrf_delay.o(i.nrf_delay_ms) for nrf_delay_ms
[...]
    0x00024ed4   0x0000002c   Code   RO         6392    i.HRD_Set_LHRatio_Off  pixart_sdnn1_004_m4f_keil.lib(HRD.o)
    0x00024f00   0x00000020   Code   RO         6393    i.HRD_Set_LHRatio_On  pixart_sdnn1_004_m4f_keil.lib(HRD.o)
    0x00024f20   0x0000001c   Code   RO         6395    i.HRD_Set_PeakProcessReadyCounter_Th  pixart_sdnn1_004_m4f_keil.lib(HRD.o)
    0x00024f3c   0x0000002c   Code   RO         6397    i.HRD_Set_SDNN_Off  pixart_sdnn1_004_m4f_keil.lib(HRD.o)
    0x00024f68   0x00000020   Code   RO         6398    i.HRD_Set_SDNN_On   pixart_sdnn1_004_m4f_keil.lib(HRD.o)
    0x00024f88   0x00000040   Code   RO         6401    i.HRD_iDs           pixart_sdnn1_004_m4f_keil.lib(HRD.o)
    0x00024fc8   0x00000024   Code   RO         6402    i.HRD_iLpf          pixart_sdnn1_004_m4f_keil.lib(HRD.o)
    0x00024fec   0x000000a8   Code   RO         6403    i.HRD_oUS           pixart_sdnn1_004_m4f_keil.lib(HRD.o)
    0x00025094   0x000000b8   Code   RO         6404    i.HRD_oUS_RRI       pixart_sdnn1_004_m4f_keil.lib(HRD.o)
    0x0002514c   0x00000038   Code   RO         6405    i.HRD_pALE          pixart_sdnn1_004_m4f_keil.lib(HRD.o)
    0x00025184   0x00000018   Code   RO         6407    i.HRD_pHPF          pixart_sdnn1_004_m4f_keil.lib(HRD.o)
    0x0002519c   0x00000024   Code   RO         6408    i.HRD_pLPF          pixart_sdnn1_004_m4f_keil.lib(HRD.o)
    0x000251c0   0x00000064   Code   RO         6409    i.HRD_xCorrelaton   pixart_sdnn1_004_m4f_keil.lib(HRD.o)
    0x00025224   0x00000038   Code   RO         8876    i.HR_IIR_LP_Filter_Process  pah8002motion3_01_m4f_keil.lib(filter8002_fixed.o)
    0x0002525c   0x00000018   Code   RO         8877    i.HR_Init_IIR_LP_Filter  pah8002motion3_01_m4f_keil.lib(filter8002_fixed.o)
    0x00025274   0x00000030   Code   RO         8878    i.HR_Init_Med_Filter  pah8002motion3_01_m4f_keil.lib(filter8002_fixed.o)
    0x000252a4   0x00000014   Code   RO         8879    i.HR_Init_Smooth_Pred_Process  pah8002motion3_01_m4f_keil.lib(filter8002_fixed.o)
    0x000252b8   0x00000328   Code   RO         7751    i.HR_MULTI_CH_FFT_Peak_Find_Process  pah8002motion3_01_m4f_keil.lib(Hr_motion8002.o)
    0x000255e0   0x000000c4   Code   RO         8880    i.HR_Med_Filter_Process  pah8002motion3_01_m4f_keil.lib(filter8002_fixed.o)
    0x000256a4   0x0000006c   Code   RO         8881    i.HR_Smooth_Pred_Process  pah8002motion3_01_m4f_keil.lib(filter8002_fixed.o)
    0x00025710   0x000000b8   Code   RO         7752    i.HR_Timing_Adjust_Process  pah8002motion3_01_m4f_keil.lib(Hr_motion8002.o)
    0x000257c8   0x00000028   Code   RO         5217    i.I2C_routine       bma2x2_support.o
    0x000257f0   0x00000038   Code   RO         5279    i.Init_OLED_PORT    oled.o
    0x00025828   0x0000003e   Code   RO         9022    i.Judge_Motion      pah8002motion3_01_m4f_keil.lib(peak_search.o)
    0x00025866   0x00000002   PAD
    0x00025868   0x00000188   Code   RO         9023    i.Judge_Up_Dn_Smooth_Rms_Gs  pah8002motion3_01_m4f_keil.lib(peak_search.o)
    0x000259f0   0x0000023c   Code   RO         9156    i.Local_Peak_Dy_Hr_Model_Chk  pah8002motion3_01_m4f_keil.lib(harmonic_grp_tracking.o)
    0x00025c2c   0x000000fc   Code   RO         9024    i.Local_Peak_Search  pah8002motion3_01_m4f_keil.lib(peak_search.o)
    0x00025d28   0x00000126   Code   RO         8803    i.Log_Double_Harmonic_Confirm_Frm  pah8002motion3_01_m4f_keil.lib(cal_hr.o)
    0x00025e4e   0x00000080   Code   RO         7753    i.Mass_Exercise_Detect  pah8002motion3_01_m4f_keil.lib(Hr_motion8002.o)
    0x00025ece   0x00000002   PAD
    0x00025ed0   0x0000015a   Code   RO         9025    i.Motion_Idx_Tracking  pah8002motion3_01_m4f_keil.lib(peak_search.o)
    0x0002602a   0x00000002   PAD
    0x0002602c   0x00000018   Code   RO         1455    i.NVIC_ClearPendingIRQ  gc_saadc.o
    0x00026044   0x00000018   Code   RO         4360    i.NVIC_ClearPendingIRQ  app_timer.o
    0x0002605c   0x00000016   Code   RO         4361    i.NVIC_EnableIRQ    app_timer.o
    0x00026072   0x00000002   PAD
    0x00026074   0x00000018   Code   RO         4362    i.NVIC_SetPendingIRQ  app_timer.o
    0x0002608c   0x00000028   Code   RO         4363    i.NVIC_SetPriority  app_timer.o
    0x000260b4   0x00000040   Code   RO         1170    i.NVIC_SystemReset  gc_protocol.o
    0x000260f4   0x00000008   Code   RO         6413    i.Nabs              pixart_sdnn1_004_m4f_keil.lib(HRD.o)
    0x000260fc   0x00000060   Code   RO         9158    i.Near_Motion_Flag_Release  pah8002motion3_01_m4f_keil.lib(harmonic_grp_tracking.o)
    0x0002615c   0x0000003c   Code   RO         7981    i.OFM_DisplayClose  pixart_sdnn1_004_m4f_keil.lib(DisplayFilter.o)
    0x00026198   0x00000040   Code   RO         7982    i.OFM_DisplayOpen   pixart_sdnn1_004_m4f_keil.lib(DisplayFilter.o)
    0x000261d8   0x00000024   Code   RO         7985    i.OFM_DisplayReset  pixart_sdnn1_004_m4f_keil.lib(DisplayFilter.o)
    0x000261fc   0x00000168   Code   RO         6414    i.OFM_HRDProcess    pixart_sdnn1_004_m4f_keil.lib(HRD.o)
    0x00026364   0x00000158   Code   RO         6415    i.OFM_HRDProcess_Continuse  pixart_sdnn1_004_m4f_keil.lib(HRD.o)
    0x000264bc   0x00000028   Code   RO         5280    i.OLED_Clear        oled.o
    0x000264e4   0x00000038   Code   RO         5281    i.OLED_Clear_Line   oled.o
    0x0002651c   0x000000cc   Code   RO         5282    i.OLED_Power        oled.o
    0x000265e8   0x00000068   Code   RO         5283    i.OLED_Write_Command  oled.o
    0x00026650   0x00000068   Code   RO         5284    i.OLED_Write_Data   oled.o
    0x000266b8   0x00000158   Code   RO         1287    i.OLED_act          display.o
    0x00026810   0x00000058   Code   RO          842    i.OLED_blank        font.o
    0x00026868   0x0000004a   Code   RO         1288    i.OLED_call         display.o
    0x000268b2   0x00000002   PAD
    0x000268b4   0x000000e4   Code   RO         1289    i.OLED_calorie      display.o
    0x00026998   0x0000006a   Code   RO         1290    i.OLED_charge       display.o
    0x00026a02   0x00000002   PAD
    0x00026a04   0x0000014c   Code   RO         1292    i.OLED_clock        display.o
    0x00026b50   0x00000158   Code   RO         1293    i.OLED_coach        display.o
    0x00026ca8   0x000002b0   Code   RO         1294    i.OLED_display      display.o
    0x00026f58   0x00000168   Code   RO         1295    i.OLED_hr           display.o
    0x000270c0   0x00000110   Code   RO         1296    i.OLED_sleep        display.o
    0x000271d0   0x00000068   Code   RO         1297    i.OLED_sms          display.o
    0x00027238   0x00000068   Code   RO         1298    i.OLED_sns          display.o
    0x000272a0   0x000000dc   Code   RO         1299    i.OLED_step         display.o
    0x0002737c   0x000000da   Code   RO         1300    i.OLED_stress       display.o
    0x00027456   0x00000068   Code   RO         1301    i.OLED_unanswer     display.o
    0x000274be   0x00000002   PAD
    0x000274c0   0x00000030   Code   RO         6417    i.PI_Calculate_Open  pixart_sdnn1_004_m4f_keil.lib(HRD.o)
    0x000274f0   0x00000044   Code   RO         6419    i.PI_Calculate_Reset  pixart_sdnn1_004_m4f_keil.lib(HRD.o)
    0x00027534   0x00000078   Code   RO         7755    i.PPG_Nromalize1    pah8002motion3_01_m4f_keil.lib(Hr_motion8002.o)
    0x000275ac   0x0000017a   Code   RO         8804    i.Peak_Idx_Mask     pah8002motion3_01_m4f_keil.lib(cal_hr.o)
    0x00027726   0x00000002   PAD
    0x00027728   0x0000012c   Code   RO         9026    i.Peak_Search       pah8002motion3_01_m4f_keil.lib(peak_search.o)
    0x00027854   0x00000178   Code   RO         9159    i.Post_Grp_Tracking_Chk  pah8002motion3_01_m4f_keil.lib(harmonic_grp_tracking.o)
    0x000279cc   0x00000430   Code   RO         9160    i.Post_Hr_Check     pah8002motion3_01_m4f_keil.lib(harmonic_grp_tracking.o)
    0x00027dfc   0x000000d6   Code   RO         7756    i.Post_Mass_Exercise_Check  pah8002motion3_01_m4f_keil.lib(Hr_motion8002.o)
    0x00027ed2   0x00000002   PAD
    0x00027ed4   0x000000e2   Code   RO         7757    i.Post_Pred_Check   pah8002motion3_01_m4f_keil.lib(Hr_motion8002.o)
    0x00027fb6   0x00000002   PAD
    0x00027fb8   0x00000034   Code   RO         4364    i.RTC1_IRQHandler   app_timer.o
    0x00027fec   0x000000e6   Code   RO         7758    i.Record_Rest_Hr_St_Info  pah8002motion3_01_m4f_keil.lib(Hr_motion8002.o)
    0x000280d2   0x00000058   Code   RO         9127    i.Retry_Try_Signal_grade  pah8002motion3_01_m4f_keil.lib(signal_grade.o)
    0x0002812a   0x00000002   PAD
    0x0002812c   0x000000d8   Code   RO         3996    i.SAADC_IRQHandler  nrf_drv_saadc.o
    0x00028204   0x00000014   Code   RO         3503    i.SPIM0_SPIS0_TWIM0_TWIS0_SPI0_TWI0_IRQHandler  nrf_drv_twi.o
    0x00028218   0x00000014   Code   RO         3690    i.SPIM1_SPIS1_TWIM1_TWIS1_SPI1_TWI1_IRQHandler  nrf_drv_spi.o
    0x0002822c   0x00000018   Code   RO         3691    i.SPIM2_SPIS2_SPI2_IRQHandler  nrf_drv_spi.o
    0x00028244   0x00000038   Code   RO         5441    i.SPI_FLASH_BufferRead  spi_flash.o
    0x0002827c   0x00000030   Code   RO         5444    i.SPI_FLASH_PageWrite  spi_flash.o
    0x000282ac   0x0000002c   Code   RO         5448    i.SPI_FLASH_SectorErase  spi_flash.o
    0x000282d8   0x00000022   Code   RO         5453    i.SPI_FLASH_WriteEnable  spi_flash.o
    0x000282fa   0x00000018   Code   RO         8979    i.SQRT_c51          pah8002motion3_01_m4f_keil.lib(math_op.o)
    0x00028312   0x00000008   Code   RO         4365    i.SWI0_EGU0_IRQHandler  app_timer.o
    0x0002831a   0x00000002   PAD
    0x0002831c   0x00000030   Code   RO         4911    i.SWI2_EGU2_IRQHandler  softdevice_handler.o
    0x0002834c   0x000000bc   Code   RO         9027    i.Search_Non_Mask_Candi  pah8002motion3_01_m4f_keil.lib(peak_search.o)
    0x00028408   0x0000008e   Code   RO         9029    i.Sort_Harmonic_Candi  pah8002motion3_01_m4f_keil.lib(peak_search.o)
    0x00028496   0x00000002   PAD
    0x00028498   0x000001fe   Code   RO         7759    i.Split_Motion_Peak  pah8002motion3_01_m4f_keil.lib(Hr_motion8002.o)
    0x00028696   0x00000002   PAD
    0x00028698   0x00000088   Code   RO         6421    i.SquareRootFloat   pixart_sdnn1_004_m4f_keil.lib(HRD.o)
    0x00028720   0x00000010   Code   RO         6095    i.SystemCoreClockUpdate  system_nrf52.o
    0x00028730   0x00000234   Code   RO         6096    i.SystemInit        system_nrf52.o
    0x00028964   0x00000018   Code   RO         2764    i.UARTE0_UART0_IRQHandler  nrf_drv_uart.o
    0x0002897c   0x00000014   Code   RO         7760    i.Valid_1ch_Check   pah8002motion3_01_m4f_keil.lib(Hr_motion8002.o)
    0x00028990   0x00000020   Code   RO         9644    i.__0printf         mc_w.l(printfa.o)
    0x000289b0   0x00000028   Code   RO         9646    i.__0sprintf        mc_w.l(printfa.o)
    0x000289d8   0x00000030   Code   RO         9763    i.__ARM_fpclassify  m_wm.l(fpclassify.o)
    0x00028a08   0x00000026   Code   RO         9765    i.__ARM_fpclassifyf  m_wm.l(fpclassifyf.o)
    0x00028a2e   0x00000002   PAD
    0x00028a30   0x00000008   Code   RO         9848    i.__aeabi_errno_addr  mc_w.l(errno.o)
    0x00028a38   0x000001e8   Code   RO         9288    i.__hardfp_expf     m_wm.l(expf.o)
    0x00028c20   0x00000014   Code   RO         9302    i.__hardfp_fabs     m_wm.l(fabs.o)
    0x00028c34   0x00000180   Code   RO         9308    i.__hardfp_log10f   m_wm.l(log10f.o)
    0x00028db4   0x00000004   PAD
    0x00028db8   0x00000c50   Code   RO         9322    i.__hardfp_pow      m_wm.l(pow.o)
    0x00029a08   0x000000c8   Code   RO         9336    i.__hardfp_sin      m_wm.l(sin.o)
    0x00029ad0   0x0000007a   Code   RO         9360    i.__hardfp_sqrt     m_wm.l(sqrt.o)
    0x00029b4a   0x0000003a   Code   RO         9372    i.__hardfp_sqrtf    m_wm.l(sqrtf.o)
    0x00029b84   0x00000004   PAD
    0x00029b88   0x00000438   Code   RO         9784    i.__ieee754_rem_pio2  m_wm.l(rred.o)
    0x00029fc0   0x00000170   Code   RO         9746    i.__kernel_cos      m_wm.l(cos_i.o)
    0x0002a130   0x000000f8   Code   RO         9781    i.__kernel_poly     m_wm.l(poly.o)
    0x0002a228   0x00000130   Code   RO         9792    i.__kernel_sin      m_wm.l(sin_i.o)
    0x0002a358   0x00000030   Code   RO         9749    i.__mathlib_dbl_divzero  m_wm.l(dunder.o)
    0x0002a388   0x00000014   Code   RO         9750    i.__mathlib_dbl_infnan  m_wm.l(dunder.o)
    0x0002a39c   0x00000014   Code   RO         9751    i.__mathlib_dbl_infnan2  m_wm.l(dunder.o)
    0x0002a3b0   0x00000020   Code   RO         9752    i.__mathlib_dbl_invalid  m_wm.l(dunder.o)
    0x0002a3d0   0x00000020   Code   RO         9753    i.__mathlib_dbl_overflow  m_wm.l(dunder.o)
    0x0002a3f0   0x00000020   Code   RO         9755    i.__mathlib_dbl_underflow  m_wm.l(dunder.o)
    0x0002a410   0x00000014   Code   RO         9767    i.__mathlib_flt_divzero  m_wm.l(funder.o)
    0x0002a424   0x00000006   Code   RO         9768    i.__mathlib_flt_infnan  m_wm.l(funder.o)
    0x0002a42a   0x00000002   PAD
    0x0002a42c   0x00000010   Code   RO         9770    i.__mathlib_flt_invalid  m_wm.l(funder.o)
    0x0002a43c   0x00000010   Code   RO         9771    i.__mathlib_flt_overflow  m_wm.l(funder.o)
    0x0002a44c   0x00000010   Code   RO         9773    i.__mathlib_flt_underflow  m_wm.l(funder.o)
    0x0002a45c   0x0000000e   Code   RO         9878    i.__scatterload_copy  mc_w.l(handlers.o)
    0x0002a46a   0x00000002   Code   RO         9879    i.__scatterload_null  mc_w.l(handlers.o)
    0x0002a46c   0x0000000e   Code   RO         9880    i.__scatterload_zeroinit  mc_w.l(handlers.o)
    0x0002a47a   0x0000000c   Code   RO         4590    i.__sd_nvic_irq_disable  app_util_platform.o
    0x0002a486   0x00000002   PAD
    0x0002a488   0x0000000c   Code   RO         9850    i.__set_errno       mc_w.l(errno.o)
    0x0002a494   0x000000d0   Code   RO         5899    i._burst_loop_read_reg  pah8002_comm_spi.o
    0x0002a564   0x000000b8   Code   RO         5900    i._burst_read_reg   pah8002_comm_spi.o
    0x0002a61c   0x00000164   Code   RO         9651    i._fp_digits        mc_w.l(printfa.o)
    0x0002a780   0x000000b4   Code   RO         6422    i._get_memory_size  pixart_sdnn1_004_m4f_keil.lib(HRD.o)
    0x0002a834   0x00000006   Code   RO         6423    i._get_struct_size  pixart_sdnn1_004_m4f_keil.lib(HRD.o)
    0x0002a83a   0x00000002   PAD
    0x0002a83c   0x00000084   Code   RO         6170    i._pah8002_entrance_check  pah8002motion3_01_m4f_keil.lib(pah8002_api.o)
    0x0002a8c0   0x000000c4   Code   RO         5681    i._pah8002_task     pah8002.o
    0x0002a984   0x000006dc   Code   RO         9652    i._printf_core      mc_w.l(printfa.o)
    0x0002b060   0x00000024   Code   RO         9653    i._printf_post_padding  mc_w.l(printfa.o)
    0x0002b084   0x0000002e   Code   RO         9654    i._printf_pre_padding  mc_w.l(printfa.o)
    0x0002b0b2   0x00000002   PAD
    0x0002b0b4   0x00000068   Code   RO         5901    i._read_reg         pah8002_comm_spi.o
    0x0002b11c   0x0000003c   Code   RO         5902    i._set_bank         pah8002_comm_spi.o
    0x0002b158   0x00000154   Code   RO         6424    i._set_memory_ptr   pixart_sdnn1_004_m4f_keil.lib(HRD.o)
    0x0002b2ac   0x000000a8   Code   RO         6425    i._set_struct_ptr   pixart_sdnn1_004_m4f_keil.lib(HRD.o)
    0x0002b354   0x0000000a   Code   RO         9656    i._sputc            mc_w.l(printfa.o)
    0x0002b35e   0x00000002   PAD
    0x0002b360   0x00000060   Code   RO         5903    i._write_reg        pah8002_comm_spi.o
    0x0002b3c0   0x000000e0   Code   RO            8    i.accelerator_sensor_init  main.o
    0x0002b4a0   0x00000010   Code   RO         1250    i.accelerometer_get_fifo  gc_util.o
    0x0002b4b0   0x00000104   Code   RO         1023    i.activity_intensity  gc_activity.o
    0x0002b5b4   0x000001c6   Code   RO         1691    i.adv_data_encode   ble_advdata.o
    0x0002b77a   0x00000012   Code   RO         1692    i.advdata_check     ble_advdata.o
    0x0002b78c   0x00000054   Code   RO         1638    i.advertising_buttons_configure  bsp_btn_ble.o
    0x0002b7e0   0x0000009c   Code   RO            9    i.advertising_init  main.o
    0x0002b87c   0x00000044   Code   RO         4255    i.app_error_fault_handler  app_error_weak.o
    0x0002b8c0   0x0000001c   Code   RO         4216    i.app_error_handler_bare  app_error.o
    0x0002b8dc   0x00000020   Code   RO         2109    i.app_evt_notify    device_manager_peripheral.o
    0x0002b8fc   0x0000001e   Code   RO         4280    i.app_fifo_get      app_fifo.o
    0x0002b91a   0x00000024   Code   RO         4281    i.app_fifo_init     app_fifo.o
    0x0002b93e   0x00000022   Code   RO         4283    i.app_fifo_put      app_fifo.o
    0x0002b960   0x00000030   Code   RO         3050    i.app_notify        pstorage.o
    0x0002b990   0x00000028   Code   RO         3051    i.app_notify_error_state_transit  pstorage.o
    0x0002b9b8   0x0000003c   Code   RO         4368    i.app_timer_create  app_timer.o
    0x0002b9f4   0x000000b8   Code   RO         4369    i.app_timer_init    app_timer.o
    0x0002baac   0x00000058   Code   RO         4370    i.app_timer_start   app_timer.o
    0x0002bb04   0x00000034   Code   RO         4371    i.app_timer_stop    app_timer.o
    0x0002bb38   0x00000038   Code   RO         2384    i.app_uart_get      app_uart_fifo.o
    0x0002bb70   0x000000cc   Code   RO         2385    i.app_uart_init     app_uart_fifo.o
    0x0002bc3c   0x00000038   Code   RO         2386    i.app_uart_put      app_uart_fifo.o
    0x0002bc74   0x0000000c   Code   RO         4591    i.app_util_critical_region_enter  app_util_platform.o
    0x0002bc80   0x00000048   Code   RO         4592    i.app_util_critical_region_exit  app_util_platform.o
    0x0002bcc8   0x00000052   Code   RO         1693    i.appearance_encode  ble_advdata.o
    0x0002bd1a   0x00000002   PAD
    0x0002bd1c   0x00000028   Code   RO           10    i.application_timers_start  main.o
    0x0002bd44   0x000000bc   Code   RO         2765    i.apply_config      nrf_drv_uart.o
    0x0002be00   0x00000014   Code   RO         3833    i.are_app_channels  nrf_drv_ppi.o
    0x0002be14   0x00000094   Code   RO         1694    i.ble_advdata_set   ble_advdata.o
    0x0002bea8   0x0000017c   Code   RO         1813    i.ble_advertising_init  ble_advertising.o
    0x0002c024   0x000000f8   Code   RO         1814    i.ble_advertising_on_ble_evt  ble_advertising.o
    0x0002c11c   0x00000010   Code   RO         1817    i.ble_advertising_peer_address_clear  ble_advertising.o
    0x0002c12c   0x00000288   Code   RO         1819    i.ble_advertising_start  ble_advertising.o
    0x0002c3b4   0x00000070   Code   RO         1903    i.ble_conn_params_init  ble_conn_params.o
    0x0002c424   0x0000003e   Code   RO         1904    i.ble_conn_params_on_ble_evt  ble_conn_params.o
    0x0002c462   0x00000074   Code   RO         1695    i.ble_device_addr_encode  ble_advdata.o
    0x0002c4d6   0x00000002   PAD
    0x0002c4d8   0x0000002c   Code   RO           12    i.ble_evt_dispatch  main.o
    0x0002c504   0x00000094   Code   RO         2000    i.ble_nus_init      ble_nus.o
    0x0002c598   0x00000042   Code   RO         2001    i.ble_nus_on_ble_evt  ble_nus.o
    0x0002c5da   0x00000056   Code   RO         2002    i.ble_nus_string_send  ble_nus.o
    0x0002c630   0x00000108   Code   RO         1171    i.ble_rcv_rtc       gc_protocol.o
    0x0002c738   0x00000c10   Code   RO         1172    i.ble_receive_handler  gc_protocol.o
    0x0002d348   0x00000038   Code   RO           13    i.ble_send          main.o
    0x0002d380   0x00000040   Code   RO         1173    i.ble_send_enable   gc_protocol.o
    0x0002d3c0   0x000000b4   Code   RO           14    i.ble_stack_init    main.o
    0x0002d474   0x000000a4   Code   RO         5219    i.bma2x2_data_readout_template  bma2x2_support.o
    0x0002d518   0x00000048   Code   RO         5010    i.bma2x2_get_bw     bma2x2.o
    0x0002d560   0x00000054   Code   RO         5018    i.bma2x2_init       bma2x2.o
    0x0002d5b4   0x00000184   Code   RO         5024    i.bma2x2_read_accel_xyz  bma2x2.o
    0x0002d738   0x0000003c   Code   RO         5027    i.bma2x2_read_reg   bma2x2.o
    0x0002d774   0x00000128   Code   RO         5028    i.bma2x2_set_bw     bma2x2.o
    0x0002d89c   0x000000a4   Code   RO         5029    i.bma2x2_set_intr_double_tap  bma2x2.o
    0x0002d940   0x00000138   Code   RO         5030    i.bma2x2_set_intr_enable  bma2x2.o
    0x0002da78   0x000000a4   Code   RO         5032    i.bma2x2_set_intr_slope  bma2x2.o
    0x0002db1c   0x00000090   Code   RO         5034    i.bma2x2_set_mode_value  bma2x2.o
    0x0002dbac   0x00000138   Code   RO         5035    i.bma2x2_set_power_mode  bma2x2.o
    0x0002dce4   0x000000b8   Code   RO         5036    i.bma2x2_set_range  bma2x2.o
    0x0002dd9c   0x0000003c   Code   RO         5040    i.bma2x2_write_reg  bma2x2.o
    0x0002ddd8   0x00000d60   Code   RO         7956    i.br_iir_init       pixart_sdnn1_004_m4f_keil.lib(br_iir.o)
    0x0002eb38   0x00000078   Code   RO         1640    i.bsp_btn_ble_on_ble_evt  bsp_btn_ble.o
    0x0002ebb0   0x000000dc   Code   RO         1538    i.bsp_button_event_handler  bsp.o
    0x0002ec8c   0x0000005c   Code   RO         1543    i.bsp_event_to_button_action_assign  bsp.o
    0x0002ece8   0x00000020   Code   RO         1544    i.bsp_indication_set  bsp.o
    0x0002ed08   0x0000059c   Code   RO         1547    i.bsp_led_indication  bsp.o
    0x0002f2a4   0x00000104   Code   RO         1024    i.calorie           gc_activity.o
    0x0002f3a8   0x00000204   Code   RO         1025    i.calorie_hr        gc_activity.o
    0x0002f5ac   0x000000c0   Code   RO         1026    i.calorie_step      gc_activity.o
    0x0002f66c   0x00000020   Code   RO         2526    i.channel_free      nrf_drv_gpiote.o
    0x0002f68c   0x00000010   Code   RO         2527    i.channel_handler_get  nrf_drv_gpiote.o
    0x0002f69c   0x00000080   Code   RO         2528    i.channel_port_alloc  nrf_drv_gpiote.o
    0x0002f71c   0x0000000c   Code   RO         2529    i.channel_port_get  nrf_drv_gpiote.o
    0x0002f728   0x00000014   Code   RO          931    i.check_flash_page_last  flash_control.o
    0x0002f73c   0x000000bc   Code   RO           16    i.check_saved_info  main.o
    0x0002f7f8   0x00000104   Code   RO         3052    i.clear_operation_execute  pstorage.o
    0x0002f8fc   0x00000028   Code   RO         3053    i.clear_post_processing_run  pstorage.o
    0x0002f924   0x00000010   Code   RO         5611    i.cmd_MS5607_reset  an520.o
    0x0002f934   0x00000050   Code   RO          619    i.cmd_ferase        command.o
    0x0002f984   0x0000005c   Code   RO          620    i.cmd_fread         command.o
    0x0002f9e0   0x00000074   Code   RO          621    i.cmd_fwrite        command.o
    0x0002fa54   0x00000114   Code   RO          622    i.cmd_help          command.o
    0x0002fb68   0x00000064   Code   RO          623    i.cmd_opmode        command.o
    0x0002fbcc   0x00000048   Code   RO          624    i.cmd_parse         command.o
    0x0002fc14   0x00000048   Code   RO         3054    i.cmd_process       pstorage.o
    0x0002fc5c   0x00000074   Code   RO         5613    i.cmd_prom          an520.o
    0x0002fcd0   0x00000014   Code   RO         3055    i.cmd_queue_dequeue  pstorage.o
    0x0002fce4   0x00000050   Code   RO         3056    i.cmd_queue_element_init  pstorage.o
    0x0002fd34   0x0000009c   Code   RO         3057    i.cmd_queue_enqueue  pstorage.o
    0x0002fdd0   0x00000020   Code   RO         3058    i.cmd_queue_init    pstorage.o
    0x0002fdf0   0x0000005c   Code   RO          625    i.cmd_reset         command.o
    0x0002fe4c   0x00000028   Code   RO         3059    i.command_end_procedure_run  pstorage.o
    0x0002fe74   0x00000074   Code   RO          626    i.command_execute   command.o
    0x0002fee8   0x0000002c   Code   RO         3060    i.command_queue_element_consume  pstorage.o
    0x0002ff14   0x00000090   Code   RO         4373    i.compare_reg_update  app_timer.o
    0x0002ffa4   0x0000009c   Code   RO         6031    i.config_gpio_pah8002  spi_pah8002.o
    0x00030040   0x0000005a   Code   RO         1696    i.conn_int_check    ble_advdata.o
    0x0003009a   0x00000068   Code   RO         1697    i.conn_int_encode   ble_advdata.o
    0x00030102   0x00000010   Code   RO           17    i.conn_params_error_handler  main.o
    0x00030112   0x00000002   PAD
    0x00030114   0x0000005c   Code   RO           18    i.conn_params_init  main.o
    0x00030170   0x00000084   Code   RO         1906    i.conn_params_negotiation  ble_conn_params.o
    0x000301f4   0x00000054   Code   RO         1642    i.connection_buttons_configure  bsp_btn_ble.o
    0x00030248   0x00000040   Code   RO         2112    i.connection_instance_init  device_manager_peripheral.o
    0x00030288   0x0000003c   Code   RO         1027    i.convert_gmt_to_display_time  gc_activity.o
    0x000302c4   0x00000174   Code   RO         8513    i.cubicInterpolate  pixart_sdnn1_004_m4f_keil.lib(xCorrelation.o)
    0x00030438   0x0000002e   Code   RO         5682    i.data_convert_4ch_to_3ch  pah8002.o
    0x00030466   0x00000002   PAD
    0x00030468   0x0000007c   Code   RO         3061    i.data_page_erase_state_run  pstorage.o
    0x000304e4   0x00000034   Code   RO         3062    i.data_to_swap_write_state_run  pstorage.o
    0x00030518   0x00000034   Code   RO          627    i.debug_shell       command.o
    0x0003054c   0x00000018   Code   RO           19    i.delay_ms          main.o
    0x00030564   0x00000022   Code   RO           20    i.device_manager_evt_handler  main.o
    0x00030586   0x00000002   PAD
    0x00030588   0x000000cc   Code   RO           21    i.device_manager_init  main.o
    0x00030654   0x00000018   Code   RO         2127    i.dm_handle_initialize  device_manager_peripheral.o
    0x0003066c   0x00000108   Code   RO         2128    i.dm_init           device_manager_peripheral.o
    0x00030774   0x00000200   Code   RO         2131    i.dm_pstorage_cb_handler  device_manager_peripheral.o
    0x00030974   0x000000b0   Code   RO         2132    i.dm_register       device_manager_peripheral.o
    0x00030a24   0x00000120   Code   RO          843    i.dp_BT             font.o
    0x00030b44   0x000000f0   Code   RO          844    i.dp_battery        font.o
    0x00030c34   0x000000f0   Code   RO          845    i.dp_charge         font.o
    0x00030d24   0x00000104   Code   RO          847    i.dp_icon_mini      font.o
    0x00030e28   0x000000b4   Code   RO          848    i.dp_icon_small     font.o
    0x00030edc   0x00000144   Code   RO          849    i.dp_lnum           font.o
    0x00031020   0x00000120   Code   RO          850    i.dp_mnum           font.o
    0x00031140   0x000000e8   Code   RO          851    i.dp_snum           font.o
    0x00031228   0x0000005c   Code   RO          852    i.dp_unit           font.o
    0x00031284   0x00000248   Code   RO          853    i.dp_week           font.o
    0x000314cc   0x00000064   Code   RO         4374    i.elapsed_ticks_acquire  app_timer.o
    0x00031530   0x000000b4   Code   RO          932    i.erase_flash_next_sector  flash_control.o
    0x000315e4   0x00000030   Code   RO         6097    i.errata_16         system_nrf52.o
    0x00031614   0x00000054   Code   RO         6098    i.errata_31         system_nrf52.o
    0x00031668   0x00000030   Code   RO         6099    i.errata_32         system_nrf52.o
    0x00031698   0x00000054   Code   RO         6100    i.errata_36         system_nrf52.o
    0x000316ec   0x00000030   Code   RO         6101    i.errata_37         system_nrf52.o
    0x0003171c   0x00000030   Code   RO         6102    i.errata_57         system_nrf52.o
    0x0003174c   0x00000030   Code   RO         6103    i.errata_66         system_nrf52.o
    0x0003177c   0x00000058   Code   RO         4375    i.expired_timers_handler  app_timer.o
    0x000317d4   0x000000c8   Code   RO         1028    i.f_info_recall     gc_activity.o
    0x0003189c   0x00000018   Code   RO         9304    i.fabs              m_wm.l(fabs.o)
    0x000318b4   0x00000018   Code   RO         4286    i.fifo_get          app_fifo.o
    0x000318cc   0x0000000a   Code   RO         2387    i.fifo_length       app_uart_fifo.o
    0x000318d6   0x0000000a   Code   RO         4287    i.fifo_length       app_fifo.o
    0x000318e0   0x00000012   Code   RO         4288    i.fifo_peek         app_fifo.o
    0x000318f2   0x00000012   Code   RO         4289    i.fifo_put          app_fifo.o
    0x00031904   0x00000114   Code   RO          933    i.find_flash_page_write_position_at_boot  flash_control.o
    0x00031a18   0x0000001e   Code   RO         3692    i.finish_transfer   nrf_drv_spi.o
    0x00031a36   0x00000036   Code   RO         1698    i.flags_encode      ble_advdata.o
    0x00031a6c   0x00000036   Code   RO         1821    i.flash_access_in_progress  ble_advertising.o
    0x00031aa2   0x00000002   PAD
    0x00031aa4   0x0000002c   Code   RO         3064    i.flash_api_err_code_process  pstorage.o
    0x00031ad0   0x00000010   Code   RO         3067    i.flash_page_erase  pstorage.o
    0x00031ae0   0x0000001c   Code   RO         3068    i.flash_write       pstorage.o
    0x00031afc   0x00000010   Code   RO         4875    i.fputc             retarget.o
    0x00031b0c   0x00000050   Code   RO         9672    i.free              mc_w.l(malloc.o)
    0x00031b5c   0x00000018   Code   RO         4656    i.fs_queued_op_count_get  fstorage.o
    0x00031b74   0x00000080   Code   RO           22    i.gap_params_init   main.o
    0x00031bf4   0x00000018   Code   RO         1456    i.gc_battery_sense  gc_saadc.o
    0x00031c0c   0x0000007e   Code   RO           23    i.gc_dev_gpio_set   main.o
    0x00031c8a   0x00000002   PAD
    0x00031c8c   0x00000074   Code   RO           24    i.gc_dev_initialize  main.o
    0x00031d00   0x00000018   Code   RO         5683    i.gc_disable_pah8002  pah8002.o
    0x00031d18   0x00000012   Code   RO         5684    i.gc_enable_pah8002  pah8002.o
    0x00031d2a   0x00000012   Code   RO          934    i.gc_flash_erase    flash_control.o
    0x00031d3c   0x00000030   Code   RO          935    i.gc_flash_fwrite   flash_control.o
    0x00031d6c   0x000000ac   Code   RO          936    i.gc_flash_page_read_data  flash_control.o
    0x00031e18   0x0000003e   Code   RO          937    i.gc_flash_page_start  flash_control.o
    0x00031e56   0x00000064   Code   RO          938    i.gc_flash_page_write_data  flash_control.o
    0x00031eba   0x00000020   Code   RO          939    i.gc_flash_read     flash_control.o
    0x00031eda   0x00000002   PAD
    0x00031edc   0x000000b0   Code   RO           25    i.gc_hr_sleep_process  main.o
    0x00031f8c   0x0000009c   Code   RO           26    i.gc_ppi_gpiote_init  main.o
    0x00032028   0x00000050   Code   RO         5685    i.gc_protocol_ctrl_pah8002  pah8002.o
    0x00032078   0x0000008c   Code   RO         5457    i.gc_spi_flash_init  spi_flash.o
    0x00032104   0x0000000c   Code   RO         6032    i.gc_spi_pah8002_init  spi_pah8002.o
    0x00032110   0x0000007c   Code   RO           27    i.gc_twi_init       main.o
    0x0003218c   0x00000088   Code   RO         1030    i.get_GMT           gc_activity.o
    0x00032214   0x00000240   Code   RO         1458    i.get_battery_level  gc_saadc.o
    0x00032454   0x00000050   Code   RO          940    i.get_flash_page_write_position  flash_control.o
    0x000324a4   0x00000020   Code   RO         1031    i.get_month_day     gc_activity.o
    0x000324c4   0x00000060   Code   RO         5905    i.get_pah8002_checksum  pah8002_comm_spi.o
    0x00032524   0x0000012c   Code   RO           28    i.get_pah8002_hr    main.o
    0x00032650   0x0000018c   Code   RO         1032    i.get_realtime_HR   gc_activity.o
    0x000327dc   0x00000948   Code   RO         1033    i.get_realtime_step  gc_activity.o
    0x00033124   0x0000001c   Code   RO           29    i.get_sys_tick      main.o
    0x00033140   0x00000090   Code   RO          829    i.get_time          gc_time.o
    0x000331d0   0x000000c4   Code   RO         1034    i.get_time_from_GMT  gc_activity.o
    0x00033294   0x00000040   Code   RO           30    i.gpiote_acc_intr_handler  main.o
    0x000332d4   0x00000020   Code   RO         1459    i.gpiote_battery_sense_evt_handler  gc_saadc.o
    0x000332f4   0x00000014   Code   RO         6033    i.gpiote_in_evt_handler  spi_pah8002.o
    0x00033308   0x00000050   Code   RO         1035    i.greencom_step_process  gc_activity.o
    0x00033358   0x00000068   Code   RO         3069    i.head_restore_state_run  pstorage.o
    0x000333c0   0x000000e4   Code   RO         8882    i.hpf20hz_fixed_c   pah8002motion3_01_m4f_keil.lib(filter8002_fixed.o)
    0x000334a4   0x00000050   Code   RO         8883    i.hpf20hz_fixed_c_initialize  pah8002motion3_01_m4f_keil.lib(filter8002_fixed.o)
    0x000334f4   0x000000e4   Code   RO         8884    i.hpf_20hz_5_fixed_c  pah8002motion3_01_m4f_keil.lib(filter8002_fixed.o)
    0x000335d8   0x00000050   Code   RO         8885    i.hpf_20hz_5_fixed_c_initialize  pah8002motion3_01_m4f_keil.lib(filter8002_fixed.o)
    0x00033628   0x0000005c   Code   RO           31    i.hr_power_enable   main.o
    0x00033684   0x00000054   Code   RO         5615    i.i2c_send          an520.o
    0x000336d8   0x0000000e   Code   RO         5460    i.in_pin_handler    spi_flash.o
    0x000336e6   0x00000002   PAD
    0x000336e8   0x00000024   Code   RO         5616    i.init_an520        an520.o
    0x0003370c   0x00000074   Code   RO         1460    i.init_battery_sense_event  gc_saadc.o
    0x00033780   0x00000058   Code   RO         5369    i.init_rtc          rtc.o
    0x000337d8   0x000000a4   Code   RO         4912    i.intern_softdevice_events_execute  softdevice_handler.o
    0x0003387c   0x00000024   Code   RO         3693    i.irq_handler_spim  nrf_drv_spi.o
    0x000338a0   0x000000dc   Code   RO         3504    i.irq_handler_twi   nrf_drv_twi.o
    0x0003397c   0x00000020   Code   RO         3835    i.is_allocated_channel  nrf_drv_ppi.o
    0x0003399c   0x00000012   Code   RO         3837    i.is_app_channel    nrf_drv_ppi.o
    0x000339ae   0x00000002   PAD
    0x000339b0   0x00000024   Code   RO         1907    i.is_conn_params_ok  ble_conn_params.o
    0x000339d4   0x00000034   Code   RO         1036    i.is_leap_year      gc_activity.o
    0x00033a08   0x00000058   Code   RO         3070    i.is_page_erase_required  pstorage.o
    0x00033a60   0x0000001c   Code   RO         3839    i.is_programmable_app_channel  nrf_drv_ppi.o
    0x00033a7c   0x00000050   Code   RO         3071    i.is_tail_data_page_swap_required  pstorage.o
    0x00033acc   0x00000010   Code   RO         3072    i.is_word_aligned   pstorage.o
    0x00033adc   0x0000005c   Code   RO          629    i.ks_get_command    command.o
    0x00033b38   0x0000006a   Code   RO         1699    i.le_role_encode    ble_advdata.o
    0x00033ba2   0x00000002   PAD
    0x00033ba4   0x00000098   Code   RO         4376    i.list_deletions_handler  app_timer.o
    0x00033c3c   0x0000010c   Code   RO         4377    i.list_insertions_handler  app_timer.o
    0x00033d48   0x00000040   Code   RO         1037    i.low_battey_alarm  gc_activity.o
    0x00033d88   0x0000013e   Code   RO         8886    i.lpf20hz_fixed_c   pah8002motion3_01_m4f_keil.lib(filter8002_fixed.o)
    0x00033ec6   0x00000002   PAD
    0x00033ec8   0x00000050   Code   RO         8887    i.lpf20hz_fixed_c_initialize  pah8002motion3_01_m4f_keil.lib(filter8002_fixed.o)
    0x00033f18   0x0000013e   Code   RO         8888    i.lpf_20hz_6hz_fixed_c  pah8002motion3_01_m4f_keil.lib(filter8002_fixed.o)
    0x00034056   0x00000002   PAD
    0x00034058   0x00000050   Code   RO         8889    i.lpf_20hz_6hz_fixed_c_initialize  pah8002motion3_01_m4f_keil.lib(filter8002_fixed.o)
    0x000340a8   0x00000120   Code   RO           32    i.main              main.o
    0x000341c8   0x0000006c   Code   RO         9673    i.malloc            mc_w.l(malloc.o)
    0x00034234   0x00000076   Code   RO         1700    i.manuf_specific_data_encode  ble_advdata.o
    0x000342aa   0x00000002   PAD
    0x000342ac   0x00000078   Code   RO          941    i.move_flash_page_write_position  flash_control.o
    0x00034324   0x0000000c   Code   RO         8890    i.mul_s32_s32_s32_sr30  pah8002motion3_01_m4f_keil.lib(filter8002_fixed.o)
    0x00034330   0x0000000c   Code   RO         8891    i.mul_s32_s32_s32_sr31  pah8002motion3_01_m4f_keil.lib(filter8002_fixed.o)
    0x0003433c   0x000000c2   Code   RO         1701    i.name_encode       ble_advdata.o
    0x000343fe   0x0000001a   Code   RO         2460    i.nrf_delay_ms      nrf_delay.o
    0x00034418   0x00000060   Code   RO         2487    i.nrf_drv_common_irq_enable  nrf_drv_common.o
    0x00034478   0x0000000a   Code   RO         3505    i.nrf_drv_get_IRQn  nrf_drv_twi.o
    0x00034482   0x0000001a   Code   RO         2530    i.nrf_drv_gpiote_in_event_addr_get  nrf_drv_gpiote.o
    0x0003449c   0x00000054   Code   RO         2531    i.nrf_drv_gpiote_in_event_disable  nrf_drv_gpiote.o
    0x000344f0   0x000000b8   Code   RO         2532    i.nrf_drv_gpiote_in_event_enable  nrf_drv_gpiote.o
    0x000345a8   0x00000104   Code   RO         2533    i.nrf_drv_gpiote_in_init  nrf_drv_gpiote.o
    0x000346ac   0x0000003a   Code   RO         2535    i.nrf_drv_gpiote_in_uninit  nrf_drv_gpiote.o
    0x000346e6   0x00000002   PAD
    0x000346e8   0x00000054   Code   RO         2536    i.nrf_drv_gpiote_init  nrf_drv_gpiote.o
    0x0003473c   0x00000024   Code   RO         2542    i.nrf_drv_gpiote_out_task_disable  nrf_drv_gpiote.o
    0x00034760   0x0000002c   Code   RO         2546    i.nrf_drv_gpiote_out_toggle  nrf_drv_gpiote.o
    0x0003478c   0x00000014   Code   RO         3694    i.nrf_drv_is_in_RAM  nrf_drv_spi.o
    0x000347a0   0x0000006c   Code   RO         3840    i.nrf_drv_ppi_channel_alloc  nrf_drv_ppi.o
    0x0003480c   0x0000004c   Code   RO         3841    i.nrf_drv_ppi_channel_assign  nrf_drv_ppi.o
    0x00034858   0x0000002e   Code   RO         3842    i.nrf_drv_ppi_channel_disable  nrf_drv_ppi.o
    0x00034886   0x00000002   PAD
    0x00034888   0x00000038   Code   RO         3843    i.nrf_drv_ppi_channel_enable  nrf_drv_ppi.o
    0x000348c0   0x00000044   Code   RO         3845    i.nrf_drv_ppi_channel_free  nrf_drv_ppi.o
    0x00034904   0x00000008   Code   RO         3846    i.nrf_drv_ppi_channel_to_mask  nrf_drv_ppi.o
    0x0003490c   0x00000018   Code   RO         3853    i.nrf_drv_ppi_init  nrf_drv_ppi.o
    0x00034924   0x0000003c   Code   RO         3997    i.nrf_drv_saadc_abort  nrf_drv_saadc.o
    0x00034960   0x0000008c   Code   RO         3998    i.nrf_drv_saadc_buffer_convert  nrf_drv_saadc.o
    0x000349ec   0x00000058   Code   RO         3999    i.nrf_drv_saadc_channel_init  nrf_drv_saadc.o
    0x00034a44   0x00000058   Code   RO         4000    i.nrf_drv_saadc_channel_uninit  nrf_drv_saadc.o
    0x00034a9c   0x00000080   Code   RO         4001    i.nrf_drv_saadc_init  nrf_drv_saadc.o
    0x00034b1c   0x00000014   Code   RO         4002    i.nrf_drv_saadc_is_busy  nrf_drv_saadc.o
    0x00034b30   0x000000b0   Code   RO         4003    i.nrf_drv_saadc_limits_set  nrf_drv_saadc.o
    0x00034be0   0x00000020   Code   RO         4004    i.nrf_drv_saadc_sample  nrf_drv_saadc.o
    0x00034c00   0x00000080   Code   RO         4006    i.nrf_drv_saadc_uninit  nrf_drv_saadc.o
    0x00034c80   0x00000150   Code   RO         3696    i.nrf_drv_spi_init  nrf_drv_spi.o
    0x00034dd0   0x0000002c   Code   RO         3698    i.nrf_drv_spi_transfer  nrf_drv_spi.o
    0x00034dfc   0x00000074   Code   RO         3699    i.nrf_drv_spi_uninit  nrf_drv_spi.o
    0x00034e70   0x00000078   Code   RO         3700    i.nrf_drv_spi_xfer  nrf_drv_spi.o
    0x00034ee8   0x00000024   Code   RO         3508    i.nrf_drv_twi_enable  nrf_drv_twi.o
    0x00034f0c   0x0000009c   Code   RO         3509    i.nrf_drv_twi_init  nrf_drv_twi.o
    0x00034fa8   0x00000030   Code   RO         3510    i.nrf_drv_twi_rx    nrf_drv_twi.o
    0x00034fd8   0x0000003e   Code   RO         3513    i.nrf_drv_twi_tx    nrf_drv_twi.o
    0x00035016   0x00000002   PAD
    0x00035018   0x0000003c   Code   RO         3515    i.nrf_drv_twi_xfer  nrf_drv_twi.o
    0x00035054   0x000000e4   Code   RO         2767    i.nrf_drv_uart_init  nrf_drv_uart.o
    0x00035138   0x000000b0   Code   RO         2768    i.nrf_drv_uart_rx   nrf_drv_uart.o
    0x000351e8   0x00000020   Code   RO         2771    i.nrf_drv_uart_rx_enable  nrf_drv_uart.o
    0x00035208   0x000000b4   Code   RO         2772    i.nrf_drv_uart_rx_for_uart  nrf_drv_uart.o
    0x000352bc   0x000000b4   Code   RO         2773    i.nrf_drv_uart_rx_for_uarte  nrf_drv_uart.o
    0x00035370   0x00000048   Code   RO         2774    i.nrf_drv_uart_tx   nrf_drv_uart.o
    0x000353b8   0x0000008c   Code   RO         2776    i.nrf_drv_uart_tx_for_uart  nrf_drv_uart.o
    0x00035444   0x00000070   Code   RO         2777    i.nrf_drv_uart_tx_for_uarte  nrf_drv_uart.o
    0x000354b4   0x00000014   Code   RO         2778    i.nrf_drv_uart_tx_in_progress  nrf_drv_uart.o
    0x000354c8   0x00000024   Code   RO           33    i.nrf_gpio_cfg      main.o
    0x000354ec   0x00000024   Code   RO         2549    i.nrf_gpio_cfg      nrf_drv_gpiote.o
    0x00035510   0x00000024   Code   RO         2780    i.nrf_gpio_cfg      nrf_drv_uart.o
    0x00035534   0x00000024   Code   RO         3701    i.nrf_gpio_cfg      nrf_drv_spi.o
    0x00035558   0x00000024   Code   RO         6034    i.nrf_gpio_cfg      spi_pah8002.o
    0x0003557c   0x00000018   Code   RO         2550    i.nrf_gpio_cfg_default  nrf_drv_gpiote.o
    0x00035594   0x0000001a   Code   RO           34    i.nrf_gpio_cfg_input  main.o
    0x000355ae   0x0000001a   Code   RO         2782    i.nrf_gpio_cfg_input  nrf_drv_uart.o
    0x000355c8   0x00000018   Code   RO           35    i.nrf_gpio_cfg_output  main.o
    0x000355e0   0x0000002c   Code   RO         1038    i.nrf_gpio_cfg_output  gc_activity.o
    0x0003560c   0x0000002c   Code   RO         1302    i.nrf_gpio_cfg_output  display.o
    0x00035638   0x00000018   Code   RO         2783    i.nrf_gpio_cfg_output  nrf_drv_uart.o
    0x00035650   0x00000018   Code   RO         3702    i.nrf_gpio_cfg_output  nrf_drv_spi.o
    0x00035668   0x00000024   Code   RO         2551    i.nrf_gpio_cfg_sense_set  nrf_drv_gpiote.o
    0x0003568c   0x00000010   Code   RO           36    i.nrf_gpio_pin_clear  main.o
    0x0003569c   0x00000010   Code   RO         1039    i.nrf_gpio_pin_clear  gc_activity.o
    0x000356ac   0x00000010   Code   RO         1303    i.nrf_gpio_pin_clear  display.o
    0x000356bc   0x00000010   Code   RO         3516    i.nrf_gpio_pin_clear  nrf_drv_twi.o
    0x000356cc   0x00000010   Code   RO         3703    i.nrf_gpio_pin_clear  nrf_drv_spi.o
    0x000356dc   0x00000010   Code   RO         5285    i.nrf_gpio_pin_clear  oled.o
    0x000356ec   0x00000010   Code   RO         5906    i.nrf_gpio_pin_clear  pah8002_comm_spi.o
    0x000356fc   0x00000010   Code   RO           37    i.nrf_gpio_pin_set  main.o
    0x0003570c   0x00000010   Code   RO         2784    i.nrf_gpio_pin_set  nrf_drv_uart.o
    0x0003571c   0x00000010   Code   RO         3517    i.nrf_gpio_pin_set  nrf_drv_twi.o
    0x0003572c   0x00000010   Code   RO         3704    i.nrf_gpio_pin_set  nrf_drv_spi.o
    0x0003573c   0x00000010   Code   RO         5907    i.nrf_gpio_pin_set  pah8002_comm_spi.o
    0x0003574c   0x0000000c   Code   RO         2554    i.nrf_gpiote_event_addr_get  nrf_drv_gpiote.o
    0x00035758   0x0000001c   Code   RO         2555    i.nrf_gpiote_event_clear  nrf_drv_gpiote.o
    0x00035774   0x00000016   Code   RO         2556    i.nrf_gpiote_event_is_set  nrf_drv_gpiote.o
    0x0003578a   0x00000002   PAD
    0x0003578c   0x0000000c   Code   RO         2557    i.nrf_gpiote_int_enable  nrf_drv_gpiote.o
    0x00035798   0x00000010   Code   RO         2558    i.nrf_gpiote_te_default  nrf_drv_gpiote.o
    0x000357a8   0x00000010   Code   RO         3855    i.nrf_ppi_channel_disable  nrf_drv_ppi.o
    0x000357b8   0x00000010   Code   RO         4007    i.nrf_saadc_buffer_init  nrf_drv_saadc.o
    0x000357c8   0x00000068   Code   RO         4129    i.nrf_saadc_channel_init  nrf_saadc.o
    0x00035830   0x00000018   Code   RO         4008    i.nrf_saadc_channel_input_set  nrf_drv_saadc.o
    0x00035848   0x00000014   Code   RO         4009    i.nrf_saadc_event_check  nrf_drv_saadc.o
    0x0003585c   0x0000000c   Code   RO         4010    i.nrf_saadc_event_clear  nrf_drv_saadc.o
    0x00035868   0x0000000c   Code   RO         4011    i.nrf_saadc_int_disable  nrf_drv_saadc.o
    0x00035874   0x0000000c   Code   RO         4012    i.nrf_saadc_int_enable  nrf_drv_saadc.o
    0x00035880   0x00000014   Code   RO         4013    i.nrf_saadc_limit_int_get  nrf_drv_saadc.o
    0x00035894   0x0000000c   Code   RO         4014    i.nrf_saadc_task_trigger  nrf_drv_saadc.o
    0x000358a0   0x0000000e   Code   RO         3705    i.nrf_spim_event_check  nrf_drv_spi.o
    0x000358ae   0x00000006   Code   RO         3706    i.nrf_spim_event_clear  nrf_drv_spi.o
    0x000358b4   0x00000006   Code   RO         3707    i.nrf_spim_int_disable  nrf_drv_spi.o
    0x000358ba   0x00000006   Code   RO         3708    i.nrf_spim_int_enable  nrf_drv_spi.o
    0x000358c0   0x00000006   Code   RO         3709    i.nrf_spim_task_trigger  nrf_drv_spi.o
    0x000358c6   0x0000000e   Code   RO         3518    i.nrf_twi_event_check  nrf_drv_twi.o
    0x000358d4   0x00000006   Code   RO         3519    i.nrf_twi_event_clear  nrf_drv_twi.o
    0x000358da   0x00000006   Code   RO         3520    i.nrf_twi_int_disable  nrf_drv_twi.o
    0x000358e0   0x00000006   Code   RO         3521    i.nrf_twi_int_enable  nrf_drv_twi.o
    0x000358e6   0x00000006   Code   RO         3522    i.nrf_twi_shorts_set  nrf_drv_twi.o
    0x000358ec   0x00000006   Code   RO         3523    i.nrf_twi_task_trigger  nrf_drv_twi.o
    0x000358f2   0x0000000c   Code   RO         2785    i.nrf_uart_errorsrc_get_and_clear  nrf_drv_uart.o
    0x000358fe   0x0000000e   Code   RO         2786    i.nrf_uart_event_check  nrf_drv_uart.o
    0x0003590c   0x00000006   Code   RO         2787    i.nrf_uart_event_clear  nrf_drv_uart.o
    0x00035912   0x0000000a   Code   RO         2788    i.nrf_uart_hwfc_pins_set  nrf_drv_uart.o
    0x0003591c   0x00000006   Code   RO         2789    i.nrf_uart_int_disable  nrf_drv_uart.o
    0x00035922   0x00000006   Code   RO         2790    i.nrf_uart_int_enable  nrf_drv_uart.o
    0x00035928   0x00000012   Code   RO         2791    i.nrf_uart_int_enable_check  nrf_drv_uart.o
    0x0003593a   0x00000006   Code   RO         2792    i.nrf_uart_task_trigger  nrf_drv_uart.o
    0x00035940   0x0000000a   Code   RO         2793    i.nrf_uart_txrx_pins_set  nrf_drv_uart.o
    0x0003594a   0x0000000c   Code   RO         2794    i.nrf_uarte_errorsrc_get_and_clear  nrf_drv_uart.o
    0x00035956   0x0000000e   Code   RO         2795    i.nrf_uarte_event_check  nrf_drv_uart.o
    0x00035964   0x00000006   Code   RO         2796    i.nrf_uarte_event_clear  nrf_drv_uart.o
    0x0003596a   0x0000000c   Code   RO         2797    i.nrf_uarte_hwfc_pins_set  nrf_drv_uart.o
    0x00035976   0x00000006   Code   RO         2798    i.nrf_uarte_int_disable  nrf_drv_uart.o
    0x0003597c   0x00000006   Code   RO         2799    i.nrf_uarte_int_enable  nrf_drv_uart.o
    0x00035982   0x0000000a   Code   RO         2800    i.nrf_uarte_rx_amount_get  nrf_drv_uart.o
    0x0003598c   0x00000006   Code   RO         2801    i.nrf_uarte_task_trigger  nrf_drv_uart.o
    0x00035992   0x0000000e   Code   RO         2802    i.nrf_uarte_txrx_pins_set  nrf_drv_uart.o
    0x000359a0   0x000000e0   Code   RO           38    i.nus_data_handler  main.o
    0x00035a80   0x00000012   Code   RO           39    i.oled_init         main.o
    0x00035a92   0x00000002   PAD
    0x00035a94   0x00000044   Code   RO           40    i.on_adv_evt        main.o
    0x00035ad8   0x00000134   Code   RO           41    i.on_ble_evt        main.o
    0x00035c0c   0x0000002c   Code   RO           42    i.on_conn_params_evt  main.o
    0x00035c38   0x00000018   Code   RO         1908    i.on_conn_params_update  ble_conn_params.o
    0x00035c50   0x00000038   Code   RO         1909    i.on_connect        ble_conn_params.o
    0x00035c88   0x00000006   Code   RO         2003    i.on_connect        ble_nus.o
    0x00035c8e   0x00000002   PAD
    0x00035c90   0x00000040   Code   RO         1910    i.on_disconnect     ble_conn_params.o
    0x00035cd0   0x00000008   Code   RO         2004    i.on_disconnect     ble_nus.o
    0x00035cd8   0x00000058   Code   RO         1911    i.on_write          ble_conn_params.o
    0x00035d30   0x00000050   Code   RO         2005    i.on_write          ble_nus.o
    0x00035d80   0x0000004c   Code   RO         5908    i.pah8002_burst_read_reg  pah8002_comm_spi.o
    0x00035dcc   0x00000064   Code   RO         5686    i.pah8002_check     pah8002.o
    0x00035e30   0x0000000c   Code   RO         6171    i.pah8002_clear     pah8002motion3_01_m4f_keil.lib(pah8002_api.o)
    0x00035e3c   0x0000001c   Code   RO         6172    i.pah8002_close     pah8002motion3_01_m4f_keil.lib(pah8002_api.o)
    0x00035e58   0x00000060   Code   RO         5687    i.pah8002_deinit    pah8002.o
    0x00035eb8   0x00000044   Code   RO         5688    i.pah8002_dyn_switch_ppg_mode  pah8002.o
    0x00035efc   0x00000060   Code   RO         5689    i.pah8002_enter_normal_long_et_mode  pah8002.o
    0x00035f5c   0x0000007c   Code   RO         5690    i.pah8002_enter_normal_mode  pah8002.o
    0x00035fd8   0x00000060   Code   RO         5692    i.pah8002_enter_suspend_mode  pah8002.o
    0x00036038   0x00000040   Code   RO         5693    i.pah8002_enter_touch_mode  pah8002.o
    0x00036078   0x00000090   Code   RO         6173    i.pah8002_entrance  pah8002motion3_01_m4f_keil.lib(pah8002_api.o)
    0x00036108   0x000001d8   Code   RO         6175    i.pah8002_get_default_backup_parameters  pah8002motion3_01_m4f_keil.lib(pah8002_api.o)
    0x000362e0   0x00000020   Code   RO         6177    i.pah8002_get_hr    pah8002motion3_01_m4f_keil.lib(pah8002_api.o)
    0x00036300   0x0000002c   Code   RO         6179    i.pah8002_get_hr_trust_level  pah8002motion3_01_m4f_keil.lib(pah8002_api.o)
    0x0003632c   0x00000050   Code   RO         5694    i.pah8002_get_touch_flag  pah8002.o
    0x0003637c   0x000000ec   Code   RO         5695    i.pah8002_get_touch_flag_ppg_mode  pah8002.o
    0x00036468   0x000000d4   Code   RO         5696    i.pah8002_init      pah8002.o
    0x0003653c   0x0000000c   Code   RO         5697    i.pah8002_intr_isr  pah8002.o
    0x00036548   0x00000034   Code   RO         5699    i.pah8002_normal_long_et_mode_init  pah8002.o
    0x0003657c   0x00000044   Code   RO         5700    i.pah8002_normal_mode_init  pah8002.o
    0x000365c0   0x00000074   Code   RO         6182    i.pah8002_open      pah8002motion3_01_m4f_keil.lib(pah8002_api.o)
    0x00036634   0x00000006   Code   RO         6183    i.pah8002_query_open_size  pah8002motion3_01_m4f_keil.lib(pah8002_api.o)
    0x0003663a   0x00000024   Code   RO         5910    i.pah8002_read_reg  pah8002_comm_spi.o
    0x0003665e   0x00000002   PAD
    0x00036660   0x00000020   Code   RO         6184    i.pah8002_reset     pah8002motion3_01_m4f_keil.lib(pah8002_api.o)
    0x00036680   0x000002b4   Code   RO         6185    i.pah8002_save_backup_parameters  pah8002motion3_01_m4f_keil.lib(pah8002_api.o)
    0x00036934   0x00000154   Code   RO         6186    i.pah8002_set_param  pah8002motion3_01_m4f_keil.lib(pah8002_api.o)
    0x00036a88   0x0000005c   Code   RO         5701    i.pah8002_start     pah8002.o
    0x00036ae4   0x00000034   Code   RO         5703    i.pah8002_sw_reset  pah8002.o
    0x00036b18   0x00000164   Code   RO         5704    i.pah8002_task      pah8002.o
    0x00036c7c   0x0000004c   Code   RO         5705    i.pah8002_touch_mode_init  pah8002.o
    0x00036cc8   0x00000094   Code   RO         5706    i.pah8002_wakeup    pah8002.o
    0x00036d5c   0x00000044   Code   RO         5911    i.pah8002_write_reg  pah8002_comm_spi.o
    0x00036da0   0x00000018   Code   RO         1822    i.peer_address_exists  ble_advertising.o
    0x00036db8   0x00000058   Code   RO         2151    i.peer_instance_init  device_manager_peripheral.o
    0x00036e10   0x0000001c   Code   RO         2559    i.pin_in_use_by_gpiote  nrf_drv_gpiote.o
    0x00036e2c   0x00000018   Code   RO         2560    i.pin_in_use_by_port  nrf_drv_gpiote.o
    0x00036e44   0x00000020   Code   RO         2561    i.pin_in_use_by_te  nrf_drv_gpiote.o
    0x00036e64   0x0000000c   Code   RO         2562    i.pin_in_use_clear  nrf_drv_gpiote.o
    0x00036e70   0x00000048   Code   RO           43    i.power_manage      main.o
    0x00036eb8   0x0000002c   Code   RO         3074    i.pstorage_access_status_get  pstorage.o
    0x00036ee4   0x000000a0   Code   RO         3075    i.pstorage_block_identifier_get  pstorage.o
    0x00036f84   0x00000120   Code   RO         3076    i.pstorage_clear    pstorage.o
    0x000370a4   0x0000001e   Code   RO         3077    i.pstorage_flash_page_end  pstorage.o
    0x000370c2   0x0000000a   Code   RO         3078    i.pstorage_flash_page_size  pstorage.o
    0x000370cc   0x00000090   Code   RO         3079    i.pstorage_init     pstorage.o
    0x0003715c   0x000000f4   Code   RO         3080    i.pstorage_load     pstorage.o
    0x00037250   0x00000110   Code   RO         3081    i.pstorage_register  pstorage.o
    0x00037360   0x00000028   Code   RO           44    i.recall_GMT_offset  main.o
    0x00037388   0x0000000c   Code   RO         4378    i.rtc1_compare0_set  app_timer.o
    0x00037394   0x0000000c   Code   RO         4379    i.rtc1_counter_get  app_timer.o
    0x000373a0   0x00000018   Code   RO         4380    i.rtc1_init         app_timer.o
    0x000373b8   0x0000003c   Code   RO         4381    i.rtc1_start        app_timer.o
    0x000373f4   0x00000058   Code   RO         4382    i.rtc1_stop         app_timer.o
    0x0003744c   0x000000a0   Code   RO         5372    i.rtc_i2c_read      rtc.o
    0x000374ec   0x00000078   Code   RO         5373    i.rtc_i2c_write     rtc.o
    0x00037564   0x00000078   Code   RO         5374    i.rtc_set_time      rtc.o
    0x000375dc   0x0000013c   Code   RO         5709    i.run_pxialg        pah8002.o
    0x00037718   0x00000050   Code   RO         2804    i.rx_byte           nrf_drv_uart.o
    0x00037768   0x00000136   Code   RO         2006    i.rx_char_add       ble_nus.o
    0x0003789e   0x00000002   PAD
    0x000378a0   0x00000024   Code   RO         2805    i.rx_done_event     nrf_drv_uart.o
    0x000378c4   0x00000024   Code   RO         2806    i.rx_enable         nrf_drv_uart.o
    0x000378e8   0x00000074   Code   RO         6432    i.sHRDPeakDetection_ModeSwitch  pixart_sdnn1_004_m4f_keil.lib(HRD.o)
    0x0003795c   0x000000cc   Code   RO         6433    i.sHRDPeakDetection_Open  pixart_sdnn1_004_m4f_keil.lib(HRD.o)
    0x00037a28   0x0000018c   Code   RO         6434    i.sHRDPeakDetection_Process  pixart_sdnn1_004_m4f_keil.lib(HRD.o)
    0x00037bb4   0x00000040   Code   RO         6435    i.sHRDPeakDetection_Reset  pixart_sdnn1_004_m4f_keil.lib(HRD.o)
    0x00037bf4   0x00000020   Code   RO         6437    i.sHRD_Check_Ready_Init_Buffer  pixart_sdnn1_004_m4f_keil.lib(HRD.o)
    0x00037c14   0x0000005e   Code   RO         6438    i.sHRD_Check_Ready_Open  pixart_sdnn1_004_m4f_keil.lib(HRD.o)
    0x00037c72   0x00000002   PAD
    0x00037c74   0x00000028   Code   RO         6440    i.sHRD_Check_Ready_Reset  pixart_sdnn1_004_m4f_keil.lib(HRD.o)
    0x00037c9c   0x00000016   Code   RO         6443    i.sMA_Filter_Init_Buffer  pixart_sdnn1_004_m4f_keil.lib(HRD.o)
    0x00037cb2   0x0000000a   Code   RO         6444    i.sMA_Filter_Open   pixart_sdnn1_004_m4f_keil.lib(HRD.o)
    0x00037cbc   0x00000064   Code   RO         6445    i.sMA_Filter_Process  pixart_sdnn1_004_m4f_keil.lib(HRD.o)
    0x00037d20   0x00000018   Code   RO         6446    i.sMA_Filter_Reset  pixart_sdnn1_004_m4f_keil.lib(HRD.o)
    0x00037d38   0x00000002   Code   RO         8349    i.sMedian_Filter_Close  pixart_sdnn1_004_m4f_keil.lib(MedianFilter.o)
    0x00037d3a   0x0000001e   Code   RO         8350    i.sMedian_Filter_Init_Buffer  pixart_sdnn1_004_m4f_keil.lib(MedianFilter.o)
    0x00037d58   0x00000008   Code   RO         8351    i.sMedian_Filter_Open  pixart_sdnn1_004_m4f_keil.lib(MedianFilter.o)
    0x00037d60   0x00000082   Code   RO         8352    i.sMedian_Filter_Process  pixart_sdnn1_004_m4f_keil.lib(MedianFilter.o)
    0x00037de2   0x00000022   Code   RO         8353    i.sMedian_Filter_Reset  pixart_sdnn1_004_m4f_keil.lib(MedianFilter.o)
    0x00037e04   0x00000038   Code   RO         6448    i.sNLMS_Filter_Init_Buffer  pixart_sdnn1_004_m4f_keil.lib(HRD.o)
    0x00037e3c   0x00000028   Code   RO         6449    i.sNLMS_Filter_Open  pixart_sdnn1_004_m4f_keil.lib(HRD.o)
    0x00037e64   0x000000e0   Code   RO         6450    i.sNLMS_Filter_ProcessS  pixart_sdnn1_004_m4f_keil.lib(HRD.o)
    0x00037f44   0x0000004c   Code   RO         6451    i.sNLMS_Filter_Reset  pixart_sdnn1_004_m4f_keil.lib(HRD.o)
    0x00037f90   0x00000016   Code   RO         6453    i.sPeak_Counter_Filter_Init_Buffer  pixart_sdnn1_004_m4f_keil.lib(HRD.o)
    0x00037fa6   0x00000010   Code   RO         6454    i.sPeak_Counter_Filter_Open  pixart_sdnn1_004_m4f_keil.lib(HRD.o)
    0x00037fb6   0x00000018   Code   RO         6456    i.sPeak_Counter_Filter_Reset  pixart_sdnn1_004_m4f_keil.lib(HRD.o)
    0x00037fce   0x00000002   PAD
    0x00037fd0   0x00000034   Code   RO         6461    i.sSDNN_Init_Buffer  pixart_sdnn1_004_m4f_keil.lib(HRD.o)
    0x00038004   0x00000030   Code   RO         6462    i.sSDNN_Open        pixart_sdnn1_004_m4f_keil.lib(HRD.o)
    0x00038034   0x000001b8   Code   RO         6463    i.sSDNN_PreCheck    pixart_sdnn1_004_m4f_keil.lib(HRD.o)
    0x000381ec   0x000003a8   Code   RO         6464    i.sSDNN_PreProcess  pixart_sdnn1_004_m4f_keil.lib(HRD.o)
    0x00038594   0x0000012c   Code   RO         6465    i.sSDNN_Process     pixart_sdnn1_004_m4f_keil.lib(HRD.o)
    0x000386c0   0x00000050   Code   RO         6466    i.sSDNN_Reset       pixart_sdnn1_004_m4f_keil.lib(HRD.o)
    0x00038710   0x0000002c   Code   RO         6467    i.sSDNN_SetData     pixart_sdnn1_004_m4f_keil.lib(HRD.o)
    0x0003873c   0x0000001a   Code   RO         6469    i.sTwicingMA_Filter_EfficientEA1  pixart_sdnn1_004_m4f_keil.lib(HRD.o)
    0x00038756   0x0000001a   Code   RO         6470    i.sTwicingMA_Filter_EfficientEA2  pixart_sdnn1_004_m4f_keil.lib(HRD.o)
    0x00038770   0x00000020   Code   RO         6471    i.sTwicingMA_Filter_Init_Buffer  pixart_sdnn1_004_m4f_keil.lib(HRD.o)
    0x00038790   0x00000038   Code   RO         6472    i.sTwicingMA_Filter_Open  pixart_sdnn1_004_m4f_keil.lib(HRD.o)
    0x000387c8   0x000000ac   Code   RO         6473    i.sTwicingMA_Filter_Process  pixart_sdnn1_004_m4f_keil.lib(HRD.o)
    0x00038874   0x00000054   Code   RO         6474    i.sTwicingMA_Filter_Reset  pixart_sdnn1_004_m4f_keil.lib(HRD.o)
    0x000388c8   0x00000090   Code   RO         1461    i.saadc_callback    gc_saadc.o
    0x00038958   0x0000008c   Code   RO         1462    i.saadc_init        gc_saadc.o
    0x000389e4   0x0000001c   Code   RO         4913    i.sd_check_ram_start  softdevice_handler.o
    0x00038a00   0x000000d0   Code   RO         4914    i.sd_nvic_EnableIRQ  softdevice_handler.o
    0x00038ad0   0x00000068   Code   RO         4595    i.sd_nvic_critical_region_enter  app_util_platform.o
    0x00038b38   0x00000036   Code   RO         1702    i.sec_mgr_oob_flags_encode  ble_advdata.o
    0x00038b6e   0x00000002   PAD
    0x00038b70   0x00000220   Code   RO           45    i.sensor_timer_handler  main.o
    0x00038d90   0x00000096   Code   RO         1703    i.service_data_encode  ble_advdata.o
    0x00038e26   0x00000002   PAD
    0x00038e28   0x0000001c   Code   RO           46    i.services_init     main.o
    0x00038e44   0x00000070   Code   RO         6477    i.siLPF_Filter_Open_Fs1000  pixart_sdnn1_004_m4f_keil.lib(HRD.o)
    0x00038eb4   0x00000070   Code   RO         6478    i.siLPF_Filter_Open_Fs200  pixart_sdnn1_004_m4f_keil.lib(HRD.o)
    0x00038f24   0x00000140   Code   RO         6479    i.siLPF_Filter_ProcessS_Fs1000  pixart_sdnn1_004_m4f_keil.lib(HRD.o)
    0x00039064   0x00000140   Code   RO         6480    i.siLPF_Filter_ProcessS_Fs200  pixart_sdnn1_004_m4f_keil.lib(HRD.o)
    0x000391a4   0x00000020   Code   RO         6481    i.siLPF_Filter_Reset_Fs1000  pixart_sdnn1_004_m4f_keil.lib(HRD.o)
    0x000391c4   0x00000020   Code   RO         6482    i.siLPF_Filter_Reset_Fs200  pixart_sdnn1_004_m4f_keil.lib(HRD.o)
    0x000391e4   0x00000014   Code   RO         3085    i.sm_state_change   pstorage.o
    0x000391f8   0x00000002   Code   RO         8385    i.soLPF_Filter_Close_Fs100  pixart_sdnn1_004_m4f_keil.lib(oLPF_Fs100.o)
    0x000391fa   0x00000002   Code   RO         8416    i.soLPF_Filter_Close_Fs200  pixart_sdnn1_004_m4f_keil.lib(oLPF_Fs200.o)
    0x000391fc   0x00000070   Code   RO         8386    i.soLPF_Filter_Open_Fs100  pixart_sdnn1_004_m4f_keil.lib(oLPF_Fs100.o)
    0x0003926c   0x00000070   Code   RO         8417    i.soLPF_Filter_Open_Fs200  pixart_sdnn1_004_m4f_keil.lib(oLPF_Fs200.o)
    0x000392dc   0x00000168   Code   RO         8387    i.soLPF_Filter_ProcessS_Fs100  pixart_sdnn1_004_m4f_keil.lib(oLPF_Fs100.o)
    0x00039444   0x00000168   Code   RO         8418    i.soLPF_Filter_ProcessS_Fs200  pixart_sdnn1_004_m4f_keil.lib(oLPF_Fs200.o)
    0x000395ac   0x00000020   Code   RO         8388    i.soLPF_Filter_Reset_Fs100  pixart_sdnn1_004_m4f_keil.lib(oLPF_Fs100.o)
    0x000395cc   0x00000020   Code   RO         8419    i.soLPF_Filter_Reset_Fs200  pixart_sdnn1_004_m4f_keil.lib(oLPF_Fs200.o)
    0x000395ec   0x00000018   Code   RO         4915    i.softdevice_ble_evt_handler_set  softdevice_handler.o
    0x00039604   0x0000001c   Code   RO         4916    i.softdevice_enable  softdevice_handler.o
    0x00039620   0x0000002c   Code   RO         4917    i.softdevice_enable_get_default_config  softdevice_handler.o
    0x0003964c   0x00000014   Code   RO         4918    i.softdevice_fault_handler  softdevice_handler.o
    0x00039660   0x00000064   Code   RO         4919    i.softdevice_handler_init  softdevice_handler.o
    0x000396c4   0x00000002   Code   RO         8450    i.spHPF_Filter_Close_Fs20  pixart_sdnn1_004_m4f_keil.lib(pHPF.o)
    0x000396c6   0x00000002   PAD
    0x000396c8   0x0000006c   Code   RO         8451    i.spHPF_Filter_Open_Fs20  pixart_sdnn1_004_m4f_keil.lib(pHPF.o)
    0x00039734   0x000000a0   Code   RO         8452    i.spHPF_Filter_ProcessS_Fs20  pixart_sdnn1_004_m4f_keil.lib(pHPF.o)
    0x000397d4   0x0000001c   Code   RO         8453    i.spHPF_Filter_Reset  pixart_sdnn1_004_m4f_keil.lib(pHPF.o)
    0x000397f0   0x0000007a   Code   RO         6483    i.spKurtosis_CheckIsMotion  pixart_sdnn1_004_m4f_keil.lib(HRD.o)
    0x0003986a   0x00000002   PAD
    0x0003986c   0x00000024   Code   RO         6485    i.spKurtosis_Init_Buffer  pixart_sdnn1_004_m4f_keil.lib(HRD.o)
    0x00039890   0x00000044   Code   RO         6486    i.spKurtosis_Open   pixart_sdnn1_004_m4f_keil.lib(HRD.o)
    0x000398d4   0x00000110   Code   RO         6487    i.spKurtosis_Process  pixart_sdnn1_004_m4f_keil.lib(HRD.o)
    0x000399e4   0x0000004c   Code   RO         6488    i.spKurtosis_Reset  pixart_sdnn1_004_m4f_keil.lib(HRD.o)
    0x00039a30   0x00000002   Code   RO         8481    i.spLPF_Filter_Close_Fs20  pixart_sdnn1_004_m4f_keil.lib(pLPF.o)
    0x00039a32   0x00000002   PAD
    0x00039a34   0x00000070   Code   RO         8482    i.spLPF_Filter_Open_Fs20  pixart_sdnn1_004_m4f_keil.lib(pLPF.o)
    0x00039aa4   0x00000100   Code   RO         8483    i.spLPF_Filter_ProcessS_Fs20  pixart_sdnn1_004_m4f_keil.lib(pLPF.o)
    0x00039ba4   0x00000020   Code   RO         8484    i.spLPF_Filter_Reset  pixart_sdnn1_004_m4f_keil.lib(pLPF.o)
    0x00039bc4   0x00000088   Code   RO         6035    i.spi_pah8002_master_init  spi_pah8002.o
    0x00039c4c   0x000001f8   Code   RO         5462    i.spi_send_recv     spi_flash.o
    0x00039e44   0x00000132   Code   RO         3710    i.spim_xfer         nrf_drv_spi.o
    0x00039f76   0x0000006e   Code   RO         9362    i.sqrt              m_wm.l(sqrt.o)
    0x00039fe4   0x0000000e   Code   RO         1704    i.srdata_check      ble_advdata.o
    0x00039ff2   0x00000002   PAD
    0x00039ff4   0x00000010   Code   RO         3086    i.state_data_erase_entry_run  pstorage.o
    0x0003a004   0x0000008c   Code   RO         3087    i.state_data_erase_swap_entry_run  pstorage.o
    0x0003a090   0x00000038   Code   RO         3088    i.state_entry_action_run  pstorage.o
    0x0003a0c8   0x00000010   Code   RO         3089    i.state_erase_data_page_entry_run  pstorage.o
    0x0003a0d8   0x0000001c   Code   RO         3090    i.state_idle_entry_run  pstorage.o
    0x0003a0f4   0x00000034   Code   RO         3091    i.state_restore_head_entry_run  pstorage.o
    0x0003a128   0x00000058   Code   RO         3092    i.state_restore_tail_entry_run  pstorage.o
    0x0003a180   0x00000008   Code   RO         3093    i.state_store_entry_run  pstorage.o
    0x0003a188   0x0000001e   Code   RO         3094    i.state_swap_erase_entry_run  pstorage.o
    0x0003a1a6   0x00000002   PAD
    0x0003a1a8   0x00000038   Code   RO         3095    i.state_write_data_swap_entry_run  pstorage.o
    0x0003a1e0   0x00000068   Code   RO         3096    i.store_cmd_flash_write_execute  pstorage.o
    0x0003a248   0x0000000a   Code   RO         3097    i.store_operation_execute  pstorage.o
    0x0003a252   0x00000056   Code   RO          630    i.strncmpi          command.o
    0x0003a2a8   0x00000020   Code   RO         3099    i.swap_erase_state_run  pstorage.o
    0x0003a2c8   0x00000008   Code   RO         3100    i.swap_sub_sm_exit_action_run  pstorage.o
    0x0003a2d0   0x00000018   Code   RO         3101    i.swap_sub_state_entry_action_run  pstorage.o
    0x0003a2e8   0x00000020   Code   RO         3102    i.swap_sub_state_err_busy_process  pstorage.o
    0x0003a308   0x00000014   Code   RO         3104    i.swap_sub_state_state_change  pstorage.o
    0x0003a31c   0x00000002   Code   RO         8514    i.sxCorrelation_Close  pixart_sdnn1_004_m4f_keil.lib(xCorrelation.o)
    0x0003a31e   0x00000002   PAD
    0x0003a320   0x00000270   Code   RO         8515    i.sxCorrelation_EstimatePeriod  pixart_sdnn1_004_m4f_keil.lib(xCorrelation.o)
    0x0003a590   0x0000003c   Code   RO         8516    i.sxCorrelation_Init_Buffer  pixart_sdnn1_004_m4f_keil.lib(xCorrelation.o)
    0x0003a5cc   0x0000001c   Code   RO         8517    i.sxCorrelation_Open  pixart_sdnn1_004_m4f_keil.lib(xCorrelation.o)
    0x0003a5e8   0x0000009c   Code   RO         8518    i.sxCorrelation_Process  pixart_sdnn1_004_m4f_keil.lib(xCorrelation.o)
    0x0003a684   0x00000020   Code   RO         8519    i.sxCorrelation_Reset  pixart_sdnn1_004_m4f_keil.lib(xCorrelation.o)
    0x0003a6a4   0x00000018   Code   RO         8577    i.sxHampelFilter_Reset  pixart_sdnn1_004_m4f_keil.lib(xHampelFilter.o)
    0x0003a6bc   0x0000001c   Code   RO         3105    i.tail_restore_state_run  pstorage.o
    0x0003a6d8   0x0000004c   Code   RO         3106    i.tail_word_size_calculate  pstorage.o
    0x0003a724   0x000000f0   Code   RO         7911    i.tanf_c            pixart_sdnn1_004_m4f_keil.lib(AdjustmentLPF.o)
    0x0003a814   0x0000000a   Code   RO         4383    i.ticks_diff_get    app_timer.o
    0x0003a81e   0x00000002   PAD
    0x0003a820   0x00000038   Code   RO         4384    i.timeout_handler_exec  app_timer.o
    0x0003a858   0x00000054   Code   RO         4385    i.timer_list_handler  app_timer.o
    0x0003a8ac   0x0000000a   Code   RO         4386    i.timer_list_handler_sched  app_timer.o
    0x0003a8b6   0x00000002   PAD
    0x0003a8b8   0x00000068   Code   RO         4387    i.timer_list_insert  app_timer.o
    0x0003a920   0x0000006c   Code   RO         4388    i.timer_list_remove  app_timer.o
    0x0003a98c   0x0000005c   Code   RO         4389    i.timer_start_op_schedule  app_timer.o
    0x0003a9e8   0x00000040   Code   RO         4391    i.timer_stop_op_schedule  app_timer.o
    0x0003aa28   0x00000098   Code   RO         4392    i.timer_timeouts_check  app_timer.o
    0x0003aac0   0x0000000a   Code   RO         4393    i.timer_timeouts_check_sched  app_timer.o
    0x0003aaca   0x00000002   PAD
    0x0003aacc   0x0000002c   Code   RO           48    i.timers_init       main.o
    0x0003aaf8   0x00000046   Code   RO         1705    i.tk_value_encode   ble_advdata.o
    0x0003ab3e   0x00000014   Code   RO          631    i.tolower           command.o
    0x0003ab52   0x00000002   PAD
    0x0003ab54   0x00000094   Code   RO         3524    i.twi_clear_bus     nrf_drv_twi.o
    0x0003abe8   0x0000004c   Code   RO         3525    i.twi_receive_byte  nrf_drv_twi.o
    0x0003ac34   0x000000a4   Code   RO         3526    i.twi_rx_start_transfer  nrf_drv_twi.o
    0x0003acd8   0x00000048   Code   RO         3527    i.twi_send_byte     nrf_drv_twi.o
    0x0003ad20   0x00000122   Code   RO         3528    i.twi_transfer      nrf_drv_twi.o
    0x0003ae42   0x000000aa   Code   RO         3529    i.twi_tx_start_transfer  nrf_drv_twi.o
    0x0003aeec   0x000000b8   Code   RO         3530    i.twi_xfer          nrf_drv_twi.o
    0x0003afa4   0x00000038   Code   RO         2807    i.tx_byte           nrf_drv_uart.o
    0x0003afdc   0x000000ec   Code   RO         2007    i.tx_char_add       ble_nus.o
    0x0003b0c8   0x0000002c   Code   RO         2808    i.tx_done_event     nrf_drv_uart.o
    0x0003b0f4   0x00000036   Code   RO         1706    i.tx_power_level_encode  ble_advdata.o
    0x0003b12a   0x00000002   PAD
    0x0003b12c   0x00000078   Code   RO           49    i.uart_event_handle  main.o
    0x0003b1a4   0x000000c0   Code   RO         2388    i.uart_event_handler  app_uart_fifo.o
    0x0003b264   0x00000058   Code   RO           50    i.uart_init         main.o
    0x0003b2bc   0x00000160   Code   RO         2809    i.uart_irq_handler  nrf_drv_uart.o
    0x0003b41c   0x0000012c   Code   RO         2810    i.uarte_irq_handler  nrf_drv_uart.o
    0x0003b548   0x0000000c   Code   RO         1707    i.uint16_encode     ble_advdata.o
    0x0003b554   0x00000074   Code   RO         1251    i.update_accelerometer_buffer  gc_util.o
    0x0003b5c8   0x00000008   Code   RO         3107    i.update_operation_execute  pstorage.o
    0x0003b5d0   0x00000014   Code   RO         2153    i.update_status_bit_reset  device_manager_peripheral.o
    0x0003b5e4   0x00000090   Code   RO         1912    i.update_timeout_handler  ble_conn_params.o
    0x0003b674   0x00000058   Code   RO         4394    i.user_id_get       app_timer.o
    0x0003b6cc   0x00000030   Code   RO         4395    i.user_op_alloc     app_timer.o
    0x0003b6fc   0x00000004   Code   RO         4396    i.user_op_enque     app_timer.o
    0x0003b700   0x0000004e   Code   RO         1708    i.uuid_list_encode  ble_advdata.o
    0x0003b74e   0x000000dc   Code   RO         1709    i.uuid_list_sized_encode  ble_advdata.o
    0x0003b82a   0x00000012   Code   RO         1823    i.whitelist_has_entries  ble_advertising.o
    0x0003b83c   0x00000034   Data   RO           52    .constdata          main.o
    0x0003b870   0x00000040   Data   RO          633    .constdata          command.o
    0x0003b8b0   0x00000c12   Data   RO          854    .constdata          font.o
    0x0003c4c2   0x00000002   PAD
    0x0003c4c4   0x0000000c   Data   RO         1463    .constdata          gc_saadc.o
    0x0003c4d0   0x0000003c   Data   RO         1552    .constdata          bsp.o
    0x0003c50c   0x00000004   Data   RO         1914    .constdata          ble_conn_params.o
    0x0003c510   0x00000010   Data   RO         2008    .constdata          ble_nus.o
    0x0003c520   0x00000020   Data   RO         2390    .constdata          app_uart_fifo.o
    0x0003c540   0x00000020   Data   RO         2812    .constdata          nrf_drv_uart.o
    0x0003c560   0x00000028   Data   RO         3109    .constdata          pstorage.o
    0x0003c588   0x00000024   Data   RO         3532    .constdata          nrf_drv_twi.o
    0x0003c5ac   0x00000020   Data   RO         3712    .constdata          nrf_drv_spi.o
    0x0003c5cc   0x00000003   Data   RO         4016    .constdata          nrf_drv_saadc.o
    0x0003c5cf   0x00000001   PAD
    0x0003c5d0   0x0000001c   Data   RO         5464    .constdata          spi_flash.o
    0x0003c5ec   0x000006f6   Data   RO         5711    .constdata          pah8002.o
    0x0003cce2   0x00000002   PAD
    0x0003cce4   0x0000001c   Data   RO         6036    .constdata          spi_pah8002.o
    0x0003cd00   0x000000c8   Data   RO         6489    .constdata          pixart_sdnn1_004_m4f_keil.lib(HRD.o)
    0x0003cdc8   0x000001e0   Data   RO         7761    .constdata          pah8002motion3_01_m4f_keil.lib(Hr_motion8002.o)
    0x0003cfa8   0x00000064   Data   RO         8389    .constdata          pixart_sdnn1_004_m4f_keil.lib(oLPF_Fs100.o)
    0x0003d00c   0x00000064   Data   RO         8420    .constdata          pixart_sdnn1_004_m4f_keil.lib(oLPF_Fs200.o)
    0x0003d070   0x00000024   Data   RO         8454    .constdata          pixart_sdnn1_004_m4f_keil.lib(pHPF.o)
    0x0003d094   0x0000004c   Data   RO         8485    .constdata          pixart_sdnn1_004_m4f_keil.lib(pLPF.o)
    0x0003d0e0   0x00000160   Data   RO         8892    .constdata          pah8002motion3_01_m4f_keil.lib(filter8002_fixed.o)
    0x0003d240   0x00000404   Data   RO         8981    .constdata          pah8002motion3_01_m4f_keil.lib(math_op.o)
    0x0003d644   0x00000030   Data   RO         9291    .constdata          m_wm.l(expf.o)
    0x0003d674   0x00000040   Data   RO         9311    .constdata          m_wm.l(log10f.o)
    0x0003d6b4   0x00000004   PAD
    0x0003d6b8   0x00000088   Data   RO         9325    .constdata          m_wm.l(pow.o)
    0x0003d740   0x00000030   Data   RO         9747    .constdata          m_wm.l(cos_i.o)
    0x0003d770   0x00000008   Data   RO         9783    .constdata          m_wm.l(qnan.o)
    0x0003d778   0x000000c8   Data   RO         9786    .constdata          m_wm.l(rred.o)
    0x0003d840   0x00000028   Data   RO         9793    .constdata          m_wm.l(sin_i.o)
    0x0003d868   0x00000081   Data   RO         9819    .constdata          mc_w.l(ctype_o.o)
    0x0003d8e9   0x00000003   PAD
    0x0003d8ec   0x00000004   Data   RO         9820    .constdata          mc_w.l(ctype_o.o)
    0x0003d8f0   0x0000002e   Data   RO          634    .conststring        command.o
    0x0003d91e   0x00000002   PAD
    0x0003d920   0x0000005a   Data   RO         1177    .conststring        gc_protocol.o
    0x0003d97a   0x00000002   PAD
    0x0003d97c   0x00000020   Data   RO         9876    Region$$Table       anon$$obj.o


    Execution Region RW_IRAM1 (Base: 0x20002080, Size: 0x0000de58, Max: 0x0000df80, ABSOLUTE, COMPRESSED[0x000001fc])

    Base Addr    Size         Type   Attr      Idx    E Section Name        Object

    0x20002080   0x00000050   Data   RW           53    .data               main.o
    0x200020d0   0x00000001   Data   RW          635    .data               command.o
    0x200020d1   0x00000001   PAD
    0x200020d2   0x00000006   Data   RW          942    .data               flash_control.o
    0x200020d8   0x000000bb   Data   RW         1041    .data               gc_activity.o
    0x20002193   0x00000001   PAD
    0x20002194   0x00000025   Data   RW         1178    .data               gc_protocol.o
    0x200021b9   0x00000001   Data   RW         1253    .data               gc_util.o
    0x200021ba   0x00000014   Data   RW         1304    .data               display.o
    0x200021ce   0x00000002   PAD
    0x200021d0   0x00000011   Data   RW         1464    .data               gc_saadc.o
    0x200021e1   0x00000003   PAD
    0x200021e4   0x00000019   Data   RW         1553    .data               bsp.o
    0x200021fd   0x00000003   PAD
    0x20002200   0x00000008   Data   RW         1644    .data               bsp_btn_ble.o
    0x20002208   0x00000020   Data   RW         1825    .data               ble_advertising.o
    0x20002228   0x00000015   Data   RW         1915    .data               ble_conn_params.o
    0x2000223d   0x00000003   PAD
    0x20002240   0x00000014   Data   RW         2156    .data               device_manager_peripheral.o
    0x20002254   0x00000006   Data   RW         2391    .data               app_uart_fifo.o
    0x2000225a   0x00000002   PAD
    0x2000225c   0x00000028   Data   RW         3110    .data               pstorage.o
    0x20002284   0x00000009   Data   RW         3857    .data               nrf_drv_ppi.o
    0x2000228d   0x00000003   PAD
    0x20002290   0x00000022   Data   RW         4397    .data               app_timer.o
    0x200022b2   0x00000002   PAD
    0x200022b4   0x00000008   Data   RW         4876    .data               retarget.o
    0x200022bc   0x00000018   Data   RW         4924    .data               softdevice_handler.o
    0x200022d4   0x00000005   Data   RW         5041    .data               bma2x2.o
    0x200022d9   0x00000001   Data   RW         5286    .data               oled.o
    0x200022da   0x00000002   Data   RW         5375    .data               rtc.o
    0x200022dc   0x0000000a   Data   RW         5465    .data               spi_flash.o
    0x200022e6   0x00000002   PAD
    0x200022e8   0x0000002c   Data   RW         5712    .data               pah8002.o
    0x20002314   0x00000006   Data   RW         5913    .data               pah8002_comm_spi.o
    0x2000231a   0x00000008   Data   RW         6037    .data               spi_pah8002.o
    0x20002322   0x00000002   PAD
    0x20002324   0x00000004   Data   RW         6104    .data               system_nrf52.o
    0x20002328   0x00000008   Data   RW         6188    .data               pah8002motion3_01_m4f_keil.lib(pah8002_api.o)
    0x20002330   0x000001a0   Data   RW         6490    .data               pixart_sdnn1_004_m4f_keil.lib(HRD.o)
    0x200024d0   0x00000014   Data   RW         7987    .data               pixart_sdnn1_004_m4f_keil.lib(DisplayFilter.o)
    0x200024e4   0x00000200   Data   RW         8046    .data               pixart_sdnn1_004_m4f_keil.lib(FFT.o)
    0x200026e4   0x00000004   Data   RW         9404    .data               mc_w.l(strtok.o)
    0x200026e8   0x00000004   Data   RW         9846    .data               mc_w.l(mvars.o)
    0x200026ec   0x00000004   Data   RW         9847    .data               mc_w.l(mvars.o)
    0x200026f0   0x00000004   Data   RW         9851    .data               mc_w.l(errno.o)
    0x200026f4   0x0000123c   Zero   RW           51    .bss                main.o
    0x20003930   0x00000044   Zero   RW          632    .bss                command.o
    0x20003974   0x000001b8   Zero   RW         1040    .bss                gc_activity.o
    0x20003b2c   0x00000039   Zero   RW         1176    .bss                gc_protocol.o
    0x20003b65   0x00000001   PAD
    0x20003b66   0x00000078   Zero   RW         1252    .bss                gc_util.o
    0x20003bde   0x00000002   PAD
    0x20003be0   0x0000006c   Zero   RW         1551    .bss                bsp.o
    0x20003c4c   0x00000103   Zero   RW         1824    .bss                ble_advertising.o
    0x20003d4f   0x00000001   PAD
    0x20003d50   0x0000003c   Zero   RW         1913    .bss                ble_conn_params.o
    0x20003d8c   0x00000133   Zero   RW         2154    .bss                device_manager_peripheral.o
    0x20003ebf   0x00000001   PAD
    0x20003ec0   0x00000020   Zero   RW         2389    .bss                app_uart_fifo.o
    0x20003ee0   0x00000058   Zero   RW         2563    .bss                nrf_drv_gpiote.o
    0x20003f38   0x00000020   Zero   RW         2811    .bss                nrf_drv_uart.o
    0x20003f58   0x000000d8   Zero   RW         3108    .bss                pstorage.o
    0x20004030   0x00000038   Zero   RW         3531    .bss                nrf_drv_twi.o
    0x20004068   0x00000040   Zero   RW         3711    .bss                nrf_drv_spi.o
    0x200040a8   0x0000002c   Zero   RW         4015    .bss                nrf_drv_saadc.o
    0x200040d4   0x00000058   Zero   RW         4667    .bss                fstorage.o
    0x2000412c   0x0000000c   Zero   RW         4923    .bss                softdevice_handler.o
    0x20004138   0x00000018   Zero   RW         5220    .bss                bma2x2_support.o
    0x20004150   0x00000020   Zero   RW         5618    .bss                an520.o
    0x20004170   0x00000180   Zero   RW         5710    .bss                pah8002.o
    0x200042f0   0x00000140   Zero   RW         5912    .bss                pah8002_comm_spi.o
    0x20004430   0x000006a8   Zero   RW         7958    .bss                pixart_sdnn1_004_m4f_keil.lib(br_iir.o)
    0x20004ad8   0x00009400   Zero   RW         6086    HEAP                arm_startup_nrf52.o
    0x2000ded8   0x00002000   Zero   RW         6085    STACK               arm_startup_nrf52.o


==============================================================================

Image component sizes


      Code (inc. data)   RO Data    RW Data    ZI Data      Debug   Object Name

       252        108          0          0         32       3111   an520.o
        28          0          0          0          0       2093   app_error.o
        68          8          0          0          0        746   app_error_weak.o
       170          0          0          0          0       4842   app_fifo.o
      2450        278          0         34          0      58579   app_timer.o
       518         68         32          6         32      10070   app_uart_fifo.o
       200         24          0          0          0       9546   app_util_platform.o
        36          8       1024          0      46080        860   arm_startup_nrf52.o
      2136          0          0          0          0      22840   ble_advdata.o
      1388        128          0         32        259       8600   ble_advertising.o
       718        122          4         21         60      18032   ble_conn_params.o
       940          4         16          0          0       6906   ble_nus.o
      2240         98          0          5          0       9912   bma2x2.o
       548        200          0          0         24       3719   bma2x2_support.o
      1780        106         60         25        108       5525   bsp.o
       288         10          0          8          0       3293   bsp_btn_ble.o
      1434        436        110          1         68      79382   command.o
      1180         92          0         20        307      13031   device_manager_peripheral.o
      3558        216          0         20          0      10733   display.o
      1108        160          0          6          0      10141   flash_control.o
      2816        418       3090          0          0      15253   font.o
        24          6          0          0         88       3024   fstorage.o
      4880        500          0        187        440      21243   gc_activity.o
      3480        590         90         37         57      13106   gc_protocol.o
      1056         96         12         17          0      38135   gc_saadc.o
       144          4          0          0          0       1165   gc_time.o
       132         16          0          1        120      36804   gc_util.o
      4780        964         52         80       4668     231486   main.o
       144          0          0          0          0       1611   nrf_delay.o
        96         12          0          0          0      28787   nrf_drv_common.o
      1686        188          0          0         88      28142   nrf_drv_gpiote.o
       500         44          0          9          0      13758   nrf_drv_ppi.o
      1204        110          3          0         44      20858   nrf_drv_saadc.o
      1182         62         32          0         64      22491   nrf_drv_spi.o
      1910         58         36          0         56      29468   nrf_drv_twi.o
      2532        184         32          0         32      66828   nrf_drv_uart.o
       104          6          0          0          0       6121   nrf_saadc.o
       604        124          0          1          0       8485   oled.o
      2708        300       1782         44        384      20997   pah8002.o
       960        224          0          6        320       9254   pah8002_comm_spi.o
      3428        346         40         40        216      38634   pstorage.o
        16          0          0          8          0       2586   retarget.o
       534        168          0          2          0       4187   rtc.o
       664         80          0         24         12      38300   softdevice_handler.o
       840        326         28         10          0      11347   spi_flash.o
       360        130         28          8          0       6602   spi_pah8002.o
       988        102          0          4          0      32062   system_nrf52.o

    ----------------------------------------------------------------------
     58888       7124       6512        680      53564    1032695   Object Totals
         0          0         32          0          0          0   (incl. Generated)
        76          0          9         24          5          0   (incl. Padding)

    ----------------------------------------------------------------------

      Code (inc. data)   RO Data    RW Data    ZI Data      Debug   Library Member Name

       368         46         48          0          0        200   cos_i.o
       184         44          0          0          0        744   dunder.o
       488         62         48          0          0        236   expf.o
        44          0          0          0          0        248   fabs.o
        48          0          0          0          0        124   fpclassify.o
        38          0          0          0          0        116   fpclassifyf.o
        74         24          0          0          0        580   funder.o
       384         52         64          0          0        140   log10f.o
       248          0          0          0          0        152   poly.o
      3152        296        136          0          0        352   pow.o
         0          0          8          0          0          0   qnan.o
      1080        142        200          0          0        188   rred.o
       200         20          0          0          0        164   sin.o
       304         24         40          0          0        208   sin_i.o
       232          0          0          0          0        296   sqrt.o
        58          0          0          0          0        136   sqrtf.o
        94          0          0          0          0          0   __dclz77c.o
        28          0          0          0          0         68   _chval.o
       158          0          0          0          0         92   _strtoul.o
        26          0          0          0          0         80   atoi.o
         8          4        133          0          0         68   ctype_o.o
         0          0          0          0          0          0   entry.o
         0          0          0          0          0          0   entry10a.o
         0          0          0          0          0          0   entry11a.o
         8          4          0          0          0          0   entry2.o
         4          0          0          0          0          0   entry5.o
         0          0          0          0          0          0   entry7b.o
         0          0          0          0          0          0   entry8b.o
         8          4          0          0          0          0   entry9a.o
        20         10          0          4          0        136   errno.o
        30          0          0          0          0          0   handlers.o
        36          8          0          0          0         68   init.o
         0          0          0          0          0          0   iusefp.o
        98          0          0          0          0         84   ldiv.o
        30          0          0          0          0         68   llshl.o
        36          0          0          0          0         68   llsshr.o
        32          0          0          0          0         68   llushr.o
       188         20          0          0          0        160   malloc.o
        26          0          0          0          0         80   memcmp.o
        36          0          0          0          0         68   memcpya.o
        36          0          0          0          0        108   memseta.o
         0          0          0          8          0          0   mvars.o
      2276         96          0          0          0        596   printfa.o
        14          0          0          0          0         68   strlen.o
        68          6          0          4          0         80   strtok.o
       112          0          0          0          0         88   strtol.o
       114          0          0          0          0         92   strtoul.o
        44          0          0          0          0         80   uidiv.o
        98          0          0          0          0         92   uldiv.o
        48          0          0          0          0         68   cdrcmple.o
        56          0          0          0          0         88   d2f.o
       334          0          0          0          0        148   dadd.o
       222          0          0          0          0        100   ddiv.o
       186          0          0          0          0        176   depilogue.o
        62          0          0          0          0         80   dfixi.o
        50          0          0          0          0         76   dfixui.o
        48          0          0          0          0         68   dfixul.o
        34          0          0          0          0         76   dflti.o
        26          0          0          0          0         76   dfltui.o
       228          0          0          0          0         96   dmul.o
        46          0          0          0          0         80   dscalb.o
       162          0          0          0          0        100   dsqrt.o
        38          0          0          0          0         68   f2d.o
       110          0          0          0          0        168   fepilogue.o
        44          0          0          0          0         92   ffltl.o
      7004         42        480          0          0      31966   Hr_motion8002.o
       652          0          0          0          0      34254   api_set.o
      7030         46          0          0          0      15965   cal_hr.o
      1888         50        352          0          0      12139   filter8002_fixed.o
      5788         36          0          0          0      17417   harmonic_grp_tracking.o
       696         36       1028          0          0       3189   math_op.o
      2050         72          0          8          0      29534   pah8002_api.o
      5312         18          0          0          0      17555   peak_search.o
      1728          4          0          0          0       3192   signal_grade.o
      1186         96          0          0          0       5277   AdjustmentLPF.o
       160         42          0         20          0      10256   DisplayFilter.o
      1380         68          0        512          0       6168   FFT.o
     15342        800        200        416          0      97904   HRD.o
       204          0          0          0          0       3498   MedianFilter.o
      3424       1710          0          0       1704       1958   br_iir.o
       506         14        100          0          0       2938   oLPF_Fs100.o
       506         14        100          0          0       3518   oLPF_Fs200.o
       298         14         36          0          0       2793   pHPF.o
       402         14         76          0          0       2825   pLPF.o
      1274         72          0          0          0       7895   xCorrelation.o
        24          6          0          0          0       1031   xHampelFilter.o

    ----------------------------------------------------------------------
     69172       4020       3056        972       1704     319028   Library Totals
        94          4          7          0          0          0   (incl. Padding)

    ----------------------------------------------------------------------

      Code (inc. data)   RO Data    RW Data    ZI Data      Debug   Library Name

      6902        710        544          0          0       3884   m_wm.l
      3628        152        133         16          0       2312   mc_w.l
      1694          0          0          0          0       1560   mf_w.l
     32148        304       1860          8          0     165211   pah8002motion3_01_m4f_keil.lib
     24706       2850        512        948       1704     146061   pixart_sdnn1_004_m4f_keil.lib

    ----------------------------------------------------------------------
     69172       4020       3056        972       1704     319028   Library Totals

    ----------------------------------------------------------------------

==============================================================================


      Code (inc. data)   RO Data    RW Data    ZI Data      Debug   

    128060      11144       9568       1652      55268    1269575   Grand Totals
    128060      11144       9568        508      55268    1269575   ELF Image Totals (compressed)
    128060      11144       9568        508          0          0   ROM Totals

==============================================================================

    Total RO  Size (Code + RO Data)               137628 ( 134.40kB)
    Total RW  Size (RW Data + ZI Data)             56920 (  55.59kB)
    Total ROM Size (Code + RO Data + RW Data)     138136 ( 134.90kB)

==============================================================================

