Component: ARM Compiler 5.06 update 1 (build 61) Tool: armlink [4d35a8]

==============================================================================

Section Cross References

    main.o(i.BLE_send_ADC) refers to main.o(i.ble_send) for ble_send
    main.o(i.BLE_send_ADC) refers to gc_protocol.o(.data) for m_ble_status
    main.o(i.BLE_send_ADC) refers to main.o(.data) for ble_100ms_count
    main.o(i.BLE_send_ADC) refers to main.o(.bss) for send_raw_bf
    main.o(i.BLE_send_ADC) refers to gc_saadc.o(.data) for gc_saadc
    main.o(i.BLE_send_ADC) refers to gc_activity.o(.data) for g_hr
    main.o(i.BLE_send_featuredata) refers to flash_control.o(i.find_req_past_feature) for find_req_past_feature
    main.o(i.BLE_send_featuredata) refers to printfa.o(i.__0printf) for __2printf
    main.o(i.BLE_send_featuredata) refers to main.o(i.ble_send) for ble_send
    main.o(i.BLE_send_featuredata) refers to gc_protocol.o(.data) for m_ble_status
    main.o(i.BLE_send_featuredata) refers to main.o(.data) for olderstAddr
    main.o(i.BLE_send_featuredata) refers to main.o(.conststring) for .conststring
    main.o(i.BLE_send_rawdata) refers to main.o(i.ble_send) for ble_send
    main.o(i.BLE_send_rawdata) refers to gc_protocol.o(.data) for m_ble_status
    main.o(i.BLE_send_rawdata) refers to main.o(.data) for __count
    main.o(i.BLE_send_rawdata) refers to main.o(.bss) for send_raw_bf
    main.o(i.BLE_send_rawdata) refers to gc_activity.o(.data) for g_hr
    main.o(i.BLE_send_rawdata_test) refers to main.o(i.ble_send) for ble_send
    main.o(i.BLE_send_rawdata_test) refers to gc_protocol.o(.data) for m_ble_status
    main.o(i.BLE_send_rawdata_test) refers to main.o(.data) for ble_100ms_count
    main.o(i.BLE_send_rawdata_test) refers to main.o(.bss) for send_raw_bf
    main.o(i.BLE_send_rawdata_test) refers to gc_activity.o(.data) for g_hr
    main.o(i.__cmd_nus_ble_send) refers to ble_nus.o(i.ble_nus_string_send) for ble_nus_string_send
    main.o(i.__cmd_nus_ble_send) refers to main.o(.bss) for m_nus
    main.o(i.accelerator_sensor_init) refers to main.o(i.nrf_gpio_cfg_input) for nrf_gpio_cfg_input
    main.o(i.accelerator_sensor_init) refers to nrf_drv_gpiote.o(i.nrf_drv_gpiote_in_init) for nrf_drv_gpiote_in_init
    main.o(i.accelerator_sensor_init) refers to printfa.o(i.__0printf) for __2printf
    main.o(i.accelerator_sensor_init) refers to nrf_drv_gpiote.o(i.nrf_drv_gpiote_in_event_enable) for nrf_drv_gpiote_in_event_enable
    main.o(i.accelerator_sensor_init) refers to bma2x2_support.o(i.bma2x2_data_readout_template) for bma2x2_data_readout_template
    main.o(i.accelerator_sensor_init) refers to main.o(.constdata) for .constdata
    main.o(i.accelerator_sensor_init) refers to main.o(i.gpiote_acc_intr_handler) for gpiote_acc_intr_handler
    main.o(i.advertising_init) refers to memseta.o(.text) for __aeabi_memclr4
    main.o(i.advertising_init) refers to ble_advertising.o(i.ble_advertising_init) for ble_advertising_init
    main.o(i.advertising_init) refers to app_error.o(i.app_error_handler_bare) for app_error_handler_bare
    main.o(i.advertising_init) refers to main.o(.constdata) for .constdata
    main.o(i.advertising_init) refers to main.o(.bss) for m_ancs_c
    main.o(i.advertising_init) refers to main.o(i.on_adv_evt) for on_adv_evt
    main.o(i.advertising_init) refers to main.o(.data) for m_ble_addr
    main.o(i.advertising_stop) refers to app_error.o(i.app_error_handler_bare) for app_error_handler_bare
    main.o(i.advertising_stop) refers to bsp.o(i.bsp_indication_set) for bsp_indication_set
    main.o(i.apple_notification_error_handler) refers to printfa.o(i.__0printf) for __2printf
    main.o(i.apple_notification_setup) refers to nrf_delay.o(i.nrf_delay_ms) for nrf_delay_ms
    main.o(i.apple_notification_setup) refers to ble_ancs_c.o(i.ble_ancs_c_notif_source_notif_enable) for ble_ancs_c_notif_source_notif_enable
    main.o(i.apple_notification_setup) refers to app_error.o(i.app_error_handler_bare) for app_error_handler_bare
    main.o(i.apple_notification_setup) refers to ble_ancs_c.o(i.ble_ancs_c_data_source_notif_enable) for ble_ancs_c_data_source_notif_enable
    main.o(i.apple_notification_setup) refers to nrf_log.o(i.log_uart_write_string_many) for log_uart_write_string_many
    main.o(i.apple_notification_setup) refers to main.o(.bss) for m_ancs_c
    main.o(i.application_timers_start) refers to app_timer.o(i.app_timer_start) for app_timer_start
    main.o(i.application_timers_start) refers to app_error.o(i.app_error_handler_bare) for app_error_handler_bare
    main.o(i.application_timers_start) refers to main.o(.constdata) for m_shell_timer_id
    main.o(i.ble_evt_dispatch) refers to segger_rtt_printf.o(i.SEGGER_RTT_printf) for SEGGER_RTT_printf
    main.o(i.ble_evt_dispatch) refers to device_manager_peripheral.o(i.dm_ble_evt_handler) for dm_ble_evt_handler
    main.o(i.ble_evt_dispatch) refers to ble_db_discovery.o(i.ble_db_discovery_on_ble_evt) for ble_db_discovery_on_ble_evt
[...]
    0x00023f24   0x00000028   Code   RO         6739    i.I2C_routine       bma2x2_support.o
    0x00023f4c   0x00000018   Code   RO         8572    i.Init_8011_Par     pah8series_motion5_181_m4f_keil.lib(Hr_motion8002.o)
    0x00023f64   0x00000038   Code   RO         6801    i.Init_OLED_PORT    oled.o
    0x00023f9c   0x00000032   Code   RO         9005    i.Is_Motion_Peak    pah8series_motion5_181_m4f_keil.lib(peak_search.o)
    0x00023fce   0x00000028   Code   RO         9006    i.Is_n_Peak         pah8series_motion5_181_m4f_keil.lib(peak_search.o)
    0x00023ff6   0x00000028   Code   RO         9007    i.Is_p_Peak         pah8series_motion5_181_m4f_keil.lib(peak_search.o)
    0x0002401e   0x00000002   PAD
    0x00024020   0x0000022c   Code   RO         9008    i.Judge_If_Walk     pah8series_motion5_181_m4f_keil.lib(peak_search.o)
    0x0002424c   0x00000038   Code   RO         9009    i.Judge_Motion      pah8series_motion5_181_m4f_keil.lib(peak_search.o)
    0x00024284   0x00000188   Code   RO         9010    i.Judge_Up_Dn_Smooth_Rms_Gs  pah8series_motion5_181_m4f_keil.lib(peak_search.o)
    0x0002440c   0x000003d0   Code   RO         9011    i.LWPS              pah8series_motion5_181_m4f_keil.lib(peak_search.o)
    0x000247dc   0x000001b8   Code   RO         9012    i.Local_First_Peak_Alive_Tracking  pah8series_motion5_181_m4f_keil.lib(peak_search.o)
    0x00024994   0x0000026e   Code   RO         9215    i.Local_Peak_Dy_Hr_Model_Chk  pah8series_motion5_181_m4f_keil.lib(harmonic_grp_tracking.o)
    0x00024c02   0x00000002   PAD
    0x00024c04   0x0000010a   Code   RO         9013    i.Local_Peak_Search  pah8series_motion5_181_m4f_keil.lib(peak_search.o)
    0x00024d0e   0x0000013a   Code   RO         8757    i.Log_Double_Harmonic_Confirm_Frm  pah8series_motion5_181_m4f_keil.lib(cal_hr.o)
    0x00024e48   0x00000080   Code   RO         8573    i.Mass_Exercise_Detect  pah8series_motion5_181_m4f_keil.lib(Hr_motion8002.o)
    0x00024ec8   0x0000016c   Code   RO         9014    i.Motion_Idx_Tracking  pah8series_motion5_181_m4f_keil.lib(peak_search.o)
    0x00025034   0x00000018   Code   RO         4938    i.NVIC_ClearPendingIRQ  app_timer.o
    0x0002504c   0x00000016   Code   RO         4939    i.NVIC_EnableIRQ    app_timer.o
    0x00025062   0x00000002   PAD
    0x00025064   0x00000018   Code   RO         4940    i.NVIC_SetPendingIRQ  app_timer.o
    0x0002507c   0x00000028   Code   RO         4941    i.NVIC_SetPriority  app_timer.o
    0x000250a4   0x00000040   Code   RO          736    i.NVIC_SystemReset  command.o
    0x000250e4   0x00000064   Code   RO         9217    i.Near_Motion_Flag_Release  pah8series_motion5_181_m4f_keil.lib(harmonic_grp_tracking.o)
    0x00025148   0x00000260   Code   RO         9015    i.Non_Motion_First_Peak_Alive_Tracking  pah8series_motion5_181_m4f_keil.lib(peak_search.o)
    0x000253a8   0x00000028   Code   RO         6802    i.OLED_Clear        oled.o
    0x000253d0   0x00000038   Code   RO         6803    i.OLED_Clear_Line   oled.o
    0x00025408   0x000000cc   Code   RO         6804    i.OLED_Power        oled.o
    0x000254d4   0x00000068   Code   RO         6805    i.OLED_Write_Command  oled.o
    0x0002553c   0x00000068   Code   RO         6806    i.OLED_Write_Data   oled.o
    0x000255a4   0x00000158   Code   RO         1494    i.OLED_act          display.o
    0x000256fc   0x00000144   Code   RO         1495    i.OLED_act_info     display.o
    0x00025840   0x00000058   Code   RO         1017    i.OLED_blank        font.o
    0x00025898   0x0000004a   Code   RO         1496    i.OLED_call         display.o
    0x000258e2   0x00000002   PAD
    0x000258e4   0x000000e4   Code   RO         1497    i.OLED_calorie      display.o
    0x000259c8   0x0000006a   Code   RO         1498    i.OLED_charge       display.o
    0x00025a32   0x0000006a   Code   RO         1499    i.OLED_charge2      display.o
    0x00025a9c   0x00000254   Code   RO         1500    i.OLED_clock        display.o
    0x00025cf0   0x00000158   Code   RO         1501    i.OLED_coach        display.o
    0x00025e48   0x000009b8   Code   RO         1502    i.OLED_display      display.o
    0x00026800   0x00000158   Code   RO         1503    i.OLED_hr           display.o
    0x00026958   0x0000042a   Code   RO         1504    i.OLED_info         display.o
    0x00026d82   0x00000002   PAD
    0x00026d84   0x00000110   Code   RO         1505    i.OLED_sleep        display.o
    0x00026e94   0x0000009a   Code   RO         1506    i.OLED_sms          display.o
    0x00026f2e   0x00000002   PAD
    0x00026f30   0x000000dc   Code   RO         1507    i.OLED_step         display.o
    0x0002700c   0x000000da   Code   RO         1508    i.OLED_stress       display.o
    0x000270e6   0x00000002   PAD
    0x000270e8   0x0000008c   Code   RO         8574    i.PPG_Diff_Nromalize1  pah8series_motion5_181_m4f_keil.lib(Hr_motion8002.o)
    0x00027174   0x000000b0   Code   RO         8575    i.PPG_Nromalize1    pah8series_motion5_181_m4f_keil.lib(Hr_motion8002.o)
    0x00027224   0x000001b4   Code   RO         8758    i.Peak_Idx_Mask     pah8series_motion5_181_m4f_keil.lib(cal_hr.o)
    0x000273d8   0x00000120   Code   RO         9016    i.Peak_Search       pah8series_motion5_181_m4f_keil.lib(peak_search.o)
    0x000274f8   0x0000017c   Code   RO         9218    i.Post_Grp_Tracking_Chk  pah8series_motion5_181_m4f_keil.lib(harmonic_grp_tracking.o)
    0x00027674   0x0000045c   Code   RO         9219    i.Post_Hr_Check     pah8series_motion5_181_m4f_keil.lib(harmonic_grp_tracking.o)
    0x00027ad0   0x000001a4   Code   RO         8759    i.Post_Hr_Idx_process  pah8series_motion5_181_m4f_keil.lib(cal_hr.o)
    0x00027c74   0x000000e2   Code   RO         8576    i.Post_Pred_Check   pah8series_motion5_181_m4f_keil.lib(Hr_motion8002.o)
    0x00027d56   0x00000002   PAD
    0x00027d58   0x00000034   Code   RO         4942    i.RTC1_IRQHandler   app_timer.o
    0x00027d8c   0x000000e6   Code   RO         8577    i.Record_Rest_Hr_St_Info  pah8series_motion5_181_m4f_keil.lib(Hr_motion8002.o)
    0x00027e72   0x00000058   Code   RO         9175    i.Retry_Try_Signal_grade  pah8series_motion5_181_m4f_keil.lib(signal_grade.o)
    0x00027eca   0x00000002   PAD
    0x00027ecc   0x00000210   Code   RO         4570    i.SAADC_IRQHandler  nrf_drv_saadc.o
    0x000280dc   0x00000170   Code   RO         5656    i.SEGGER_RTT_Write  segger_rtt.o
    0x0002824c   0x0000001a   Code   RO         5736    i.SEGGER_RTT_printf  segger_rtt_printf.o
    0x00028266   0x000001f8   Code   RO         5737    i.SEGGER_RTT_vprintf  segger_rtt_printf.o
    0x0002845e   0x00000002   PAD
    0x00028460   0x00000014   Code   RO         4077    i.SPIM0_SPIS0_TWIM0_TWIS0_SPI0_TWI0_IRQHandler  nrf_drv_twi.o
    0x00028474   0x00000014   Code   RO         4264    i.SPIM1_SPIS1_TWIM1_TWIS1_SPI1_TWI1_IRQHandler  nrf_drv_spi.o
    0x00028488   0x00000018   Code   RO         4265    i.SPIM2_SPIS2_SPI2_IRQHandler  nrf_drv_spi.o
    0x000284a0   0x00000038   Code   RO         6963    i.SPI_FLASH_BufferRead  spi_flash.o
    0x000284d8   0x00000030   Code   RO         6966    i.SPI_FLASH_PageWrite  spi_flash.o
    0x00028508   0x0000002c   Code   RO         6970    i.SPI_FLASH_SectorErase  spi_flash.o
    0x00028534   0x00000022   Code   RO         6975    i.SPI_FLASH_WriteEnable  spi_flash.o
    0x00028556   0x00000018   Code   RO         8953    i.SQRT_c51          pah8series_motion5_181_m4f_keil.lib(math_op.o)
    0x0002856e   0x00000008   Code   RO         4943    i.SWI0_EGU0_IRQHandler  app_timer.o
    0x00028576   0x00000002   PAD
    0x00028578   0x00000030   Code   RO         5773    i.SWI2_EGU2_IRQHandler  softdevice_handler.o
    0x000285a8   0x000000bc   Code   RO         9017    i.Search_Non_Mask_Candi  pah8series_motion5_181_m4f_keil.lib(peak_search.o)
    0x00028664   0x0000008e   Code   RO         9019    i.Sort_Harmonic_Candi  pah8series_motion5_181_m4f_keil.lib(peak_search.o)
    0x000286f2   0x00000002   PAD
    0x000286f4   0x0000021a   Code   RO         8578    i.Split_Motion_Peak  pah8series_motion5_181_m4f_keil.lib(Hr_motion8002.o)
    0x0002890e   0x00000002   PAD
    0x00028910   0x00000448   Code   RO         9020    i.Static_Half_Hr_Check  pah8series_motion5_181_m4f_keil.lib(peak_search.o)
    0x00028d58   0x00000010   Code   RO         7608    i.SystemCoreClockUpdate  system_nrf52.o
    0x00028d68   0x00000250   Code   RO         7609    i.SystemInit        system_nrf52.o
    0x00028fb8   0x0000020c   Code   RO         8760    i.Time_Domain_Confirm_HR  pah8series_motion5_181_m4f_keil.lib(cal_hr.o)
    0x000291c4   0x00000018   Code   RO         3341    i.UARTE0_UART0_IRQHandler  nrf_drv_uart.o
    0x000291dc   0x00000016   Code   RO         8579    i.Valid_1ch_Check   pah8series_motion5_181_m4f_keil.lib(Hr_motion8002.o)
    0x000291f2   0x00000002   Code   RO         5658    i._Init             segger_rtt.o
    0x000291f4   0x000000ea   Code   RO         5738    i._PrintInt         segger_rtt_printf.o
    0x000292de   0x00000002   PAD
    0x000292e0   0x000000f4   Code   RO         5739    i._PrintUnsigned    segger_rtt_printf.o
    0x000293d4   0x00000044   Code   RO         5740    i._StoreChar        segger_rtt_printf.o
    0x00029418   0x00000020   Code   RO         9646    i.__0printf         mc_w.l(printfa.o)
    0x00029438   0x00000028   Code   RO         9648    i.__0sprintf        mc_w.l(printfa.o)
    0x00029460   0x00000030   Code   RO         9748    i.__ARM_fpclassify  m_wm.l(fpclassify.o)
    0x00029490   0x00000026   Code   RO         9750    i.__ARM_fpclassifyf  m_wm.l(fpclassifyf.o)
    0x000294b6   0x00000002   PAD
    0x000294b8   0x00000008   Code   RO         9831    i.__aeabi_errno_addr  mc_w.l(errno.o)
    0x000294c0   0x000001e8   Code   RO         9316    i.__hardfp_expf     m_wm.l(expf.o)
    0x000296a8   0x00000180   Code   RO         9330    i.__hardfp_log10f   m_wm.l(log10f.o)
    0x00029828   0x00000c50   Code   RO         9344    i.__hardfp_pow      m_wm.l(pow.o)
    0x0002a478   0x00000664   Code   RO         9358    i.__hardfp_powf     m_wm.l(powf.o)
    0x0002aadc   0x0000003a   Code   RO         9372    i.__hardfp_sqrtf    m_wm.l(sqrtf.o)
    0x0002ab16   0x000000f8   Code   RO         9766    i.__kernel_poly     m_wm.l(poly.o)
    0x0002ac0e   0x00000002   PAD
    0x0002ac10   0x00000030   Code   RO         9728    i.__mathlib_dbl_divzero  m_wm.l(dunder.o)
    0x0002ac40   0x00000014   Code   RO         9730    i.__mathlib_dbl_infnan2  m_wm.l(dunder.o)
    0x0002ac54   0x00000004   PAD
    0x0002ac58   0x00000020   Code   RO         9731    i.__mathlib_dbl_invalid  m_wm.l(dunder.o)
    0x0002ac78   0x00000020   Code   RO         9732    i.__mathlib_dbl_overflow  m_wm.l(dunder.o)
    0x0002ac98   0x00000020   Code   RO         9734    i.__mathlib_dbl_underflow  m_wm.l(dunder.o)
    0x0002acb8   0x00000014   Code   RO         9752    i.__mathlib_flt_divzero  m_wm.l(funder.o)
    0x0002accc   0x00000006   Code   RO         9753    i.__mathlib_flt_infnan  m_wm.l(funder.o)
    0x0002acd2   0x00000006   Code   RO         9754    i.__mathlib_flt_infnan2  m_wm.l(funder.o)
    0x0002acd8   0x00000010   Code   RO         9755    i.__mathlib_flt_invalid  m_wm.l(funder.o)
    0x0002ace8   0x00000010   Code   RO         9756    i.__mathlib_flt_overflow  m_wm.l(funder.o)
    0x0002acf8   0x00000010   Code   RO         9758    i.__mathlib_flt_underflow  m_wm.l(funder.o)
    0x0002ad08   0x0000000e   Code   RO         9865    i.__scatterload_copy  mc_w.l(handlers.o)
    0x0002ad16   0x00000002   Code   RO         9866    i.__scatterload_null  mc_w.l(handlers.o)
    0x0002ad18   0x0000000e   Code   RO         9867    i.__scatterload_zeroinit  mc_w.l(handlers.o)
    0x0002ad26   0x0000000c   Code   RO         5165    i.__sd_nvic_irq_disable  app_util_platform.o
    0x0002ad32   0x00000002   PAD
    0x0002ad34   0x0000000c   Code   RO         9833    i.__set_errno       mc_w.l(errno.o)
    0x0002ad40   0x00000164   Code   RO         9653    i._fp_digits        mc_w.l(printfa.o)
    0x0002aea4   0x000000cc   Code   RO         7218    i._pah8002_task     pah8002.o
    0x0002af70   0x0000007e   Code   RO         7910    i._pah8series_hr_entrance_check  pah8series_motion5_181_m4f_keil.lib(pah8series_hr.o)
    0x0002afee   0x00000016   Code   RO         7911    i._pah8series_hr_reset  pah8series_motion5_181_m4f_keil.lib(pah8series_hr.o)
    0x0002b004   0x000006dc   Code   RO         9654    i._printf_core      mc_w.l(printfa.o)
    0x0002b6e0   0x00000024   Code   RO         9655    i._printf_post_padding  mc_w.l(printfa.o)
    0x0002b704   0x0000002e   Code   RO         9656    i._printf_pre_padding  mc_w.l(printfa.o)
    0x0002b732   0x00000018   Code   RO         7413    i._read_reg         pah8002_comm_spi.o
    0x0002b74a   0x00000002   PAD
    0x0002b74c   0x0000003c   Code   RO         7414    i._set_bank         pah8002_comm_spi.o
    0x0002b788   0x0000000a   Code   RO         9658    i._sputc            mc_w.l(printfa.o)
    0x0002b792   0x00000014   Code   RO         7415    i._write_reg        pah8002_comm_spi.o
    0x0002b7a6   0x00000002   PAD
    0x0002b7a8   0x000000e0   Code   RO           10    i.accelerator_sensor_init  main.o
    0x0002b888   0x0000001c   Code   RO         1456    i.accelerometer_get_fifo  gc_util.o
    0x0002b8a4   0x00000108   Code   RO         1258    i.activity_intensity  gc_activity.o
    0x0002b9ac   0x000001c6   Code   RO         1981    i.adv_data_encode   ble_advdata.o
    0x0002bb72   0x00000012   Code   RO         1982    i.advdata_check     ble_advdata.o
    0x0002bb84   0x00000054   Code   RO         1928    i.advertising_buttons_configure  bsp_btn_ble.o
    0x0002bbd8   0x000000c8   Code   RO           11    i.advertising_init  main.o
    0x0002bca0   0x00000034   Code   RO           12    i.advertising_stop  main.o
    0x0002bcd4   0x00000068   Code   RO         4830    i.app_error_fault_handler  app_error_weak.o
    0x0002bd3c   0x0000001c   Code   RO         4790    i.app_error_handler_bare  app_error.o
    0x0002bd58   0x00000020   Code   RO         2399    i.app_evt_notify    device_manager_peripheral.o
    0x0002bd78   0x0000000a   Code   RO         4857    i.app_fifo_flush    app_fifo.o
    0x0002bd82   0x0000001e   Code   RO         4858    i.app_fifo_get      app_fifo.o
    0x0002bda0   0x00000024   Code   RO         4859    i.app_fifo_init     app_fifo.o
    0x0002bdc4   0x00000022   Code   RO         4861    i.app_fifo_put      app_fifo.o
    0x0002bde6   0x00000002   PAD
    0x0002bde8   0x00000030   Code   RO         3627    i.app_notify        pstorage.o
    0x0002be18   0x00000028   Code   RO         3628    i.app_notify_error_state_transit  pstorage.o
    0x0002be40   0x0000005c   Code   RO         5489    i.app_sched_init    app_scheduler.o
    0x0002be9c   0x0000003c   Code   RO         4946    i.app_timer_create  app_timer.o
    0x0002bed8   0x000000b8   Code   RO         4947    i.app_timer_init    app_timer.o
    0x0002bf90   0x00000058   Code   RO         4948    i.app_timer_start   app_timer.o
    0x0002bfe8   0x00000034   Code   RO         4949    i.app_timer_stop    app_timer.o
    0x0002c01c   0x00000034   Code   RO         2966    i.app_uart_flush    app_uart_fifo.o
    0x0002c050   0x00000038   Code   RO         2967    i.app_uart_get      app_uart_fifo.o
    0x0002c088   0x000000cc   Code   RO         2968    i.app_uart_init     app_uart_fifo.o
    0x0002c154   0x00000038   Code   RO         2969    i.app_uart_put      app_uart_fifo.o
    0x0002c18c   0x0000000c   Code   RO         5166    i.app_util_critical_region_enter  app_util_platform.o
    0x0002c198   0x00000048   Code   RO         5167    i.app_util_critical_region_exit  app_util_platform.o
    0x0002c1e0   0x00000052   Code   RO         1983    i.appearance_encode  ble_advdata.o
    0x0002c232   0x00000002   PAD
    0x0002c234   0x00000028   Code   RO           13    i.apple_notification_error_handler  main.o
    0x0002c25c   0x00000068   Code   RO           14    i.apple_notification_setup  main.o
    0x0002c2c4   0x00000050   Code   RO           15    i.application_timers_start  main.o
    0x0002c314   0x000000bc   Code   RO         3342    i.apply_config      nrf_drv_uart.o
    0x0002c3d0   0x00000014   Code   RO         4407    i.are_app_channels  nrf_drv_ppi.o
    0x0002c3e4   0x000000a4   Code   RO         2672    i.attr_data_parse   ble_ancs_c.o
    0x0002c488   0x0000005a   Code   RO         2673    i.attr_id_parse     ble_ancs_c.o
    0x0002c4e2   0x00000014   Code   RO         2674    i.attr_len1_parse   ble_ancs_c.o
    0x0002c4f6   0x0000003e   Code   RO         2675    i.attr_len2_parse   ble_ancs_c.o
    0x0002c534   0x000000f8   Code   RO         1700    i.battery_level_meas_timeout_handler  gc_saadc.o
    0x0002c62c   0x00000094   Code   RO         1984    i.ble_advdata_set   ble_advdata.o
    0x0002c6c0   0x0000017c   Code   RO         2103    i.ble_advertising_init  ble_advertising.o
    0x0002c83c   0x000000f8   Code   RO         2104    i.ble_advertising_on_ble_evt  ble_advertising.o
    0x0002c934   0x0000004c   Code   RO         2105    i.ble_advertising_on_sys_evt  ble_advertising.o
    0x0002c980   0x00000010   Code   RO         2107    i.ble_advertising_peer_address_clear  ble_advertising.o
    0x0002c990   0x00000294   Code   RO         2109    i.ble_advertising_start  ble_advertising.o
    0x0002cc24   0x00000064   Code   RO         2110    i.ble_advertising_whitelist_reply  ble_advertising.o
    0x0002cc88   0x00000036   Code   RO         2676    i.ble_ancs_c_attr_add  ble_ancs_c.o
    0x0002ccbe   0x00000010   Code   RO         2678    i.ble_ancs_c_data_source_notif_enable  ble_ancs_c.o
    0x0002ccce   0x0000002a   Code   RO         2679    i.ble_ancs_c_handles_assign  ble_ancs_c.o
    0x0002ccf8   0x000000d4   Code   RO         2680    i.ble_ancs_c_init   ble_ancs_c.o
    0x0002cdcc   0x00000010   Code   RO         2682    i.ble_ancs_c_notif_source_notif_enable  ble_ancs_c.o
    0x0002cddc   0x0000003a   Code   RO         2683    i.ble_ancs_c_on_ble_evt  ble_ancs_c.o
    0x0002ce16   0x000000f0   Code   RO         2684    i.ble_ancs_c_on_db_disc_evt  ble_ancs_c.o
    0x0002cf06   0x00000016   Code   RO         2687    i.ble_ancs_verify_notification_format  ble_ancs_c.o
    0x0002cf1c   0x00000070   Code   RO         2193    i.ble_conn_params_init  ble_conn_params.o
    0x0002cf8c   0x0000003e   Code   RO         2194    i.ble_conn_params_on_ble_evt  ble_conn_params.o
    0x0002cfca   0x00000002   PAD
    0x0002cfcc   0x00000010   Code   RO         2195    i.ble_conn_params_stop  ble_conn_params.o
    0x0002cfdc   0x00000034   Code   RO         2839    i.ble_db_discovery_evt_register  ble_db_discovery.o
    0x0002d010   0x00000038   Code   RO         2840    i.ble_db_discovery_init  ble_db_discovery.o
    0x0002d048   0x0000006c   Code   RO         2841    i.ble_db_discovery_on_ble_evt  ble_db_discovery.o
    0x0002d0b4   0x00000098   Code   RO         2842    i.ble_db_discovery_start  ble_db_discovery.o
    0x0002d14c   0x00000074   Code   RO         1985    i.ble_device_addr_encode  ble_advdata.o
    0x0002d1c0   0x000000d0   Code   RO           17    i.ble_evt_dispatch  main.o
    0x0002d290   0x00000094   Code   RO         2290    i.ble_nus_init      ble_nus.o
    0x0002d324   0x00000042   Code   RO         2291    i.ble_nus_on_ble_evt  ble_nus.o
    0x0002d366   0x00000056   Code   RO         2292    i.ble_nus_string_send  ble_nus.o
    0x0002d3bc   0x00000108   Code   RO         1384    i.ble_rcv_rtc       gc_protocol.o
    0x0002d4c4   0x00001008   Code   RO         1385    i.ble_receive_handler  gc_protocol.o
    0x0002e4cc   0x00000038   Code   RO           18    i.ble_send          main.o
    0x0002e504   0x00000040   Code   RO         1386    i.ble_send_enable   gc_protocol.o
    0x0002e544   0x000000d4   Code   RO           19    i.ble_stack_init    main.o
    0x0002e618   0x00000060   Code   RO         6741    i.bma2x2_data_readout_template  bma2x2_support.o
    0x0002e678   0x00000048   Code   RO         5872    i.bma2x2_get_bw     bma2x2.o
    0x0002e6c0   0x00000054   Code   RO         5937    i.bma2x2_init       bma2x2.o
    0x0002e714   0x00000184   Code   RO         5944    i.bma2x2_read_accel_xyz  bma2x2.o
    0x0002e898   0x0000003c   Code   RO         5948    i.bma2x2_read_reg   bma2x2.o
    0x0002e8d4   0x00000128   Code   RO         5951    i.bma2x2_set_bw     bma2x2.o
    0x0002e9fc   0x000000a4   Code   RO         5965    i.bma2x2_set_intr_double_tap  bma2x2.o
    0x0002eaa0   0x00000138   Code   RO         5966    i.bma2x2_set_intr_enable  bma2x2.o
    0x0002ebd8   0x00000090   Code   RO         5981    i.bma2x2_set_mode_value  bma2x2.o
    0x0002ec68   0x00000138   Code   RO         5992    i.bma2x2_set_power_mode  bma2x2.o
    0x0002eda0   0x000000b8   Code   RO         5993    i.bma2x2_set_range  bma2x2.o
    0x0002ee58   0x00000058   Code   RO         6003    i.bma2x2_set_tap_durn  bma2x2.o
    0x0002eeb0   0x00000058   Code   RO         6007    i.bma2x2_set_tap_thres  bma2x2.o
    0x0002ef08   0x0000003c   Code   RO         6012    i.bma2x2_write_reg  bma2x2.o
    0x0002ef44   0x00000050   Code   RO         2400    i.bond_data_load    device_manager_peripheral.o
    0x0002ef94   0x00000078   Code   RO         1930    i.bsp_btn_ble_on_ble_evt  bsp_btn_ble.o
    0x0002f00c   0x000000dc   Code   RO         1828    i.bsp_button_event_handler  bsp.o
    0x0002f0e8   0x0000005c   Code   RO         1833    i.bsp_event_to_button_action_assign  bsp.o
    0x0002f144   0x00000020   Code   RO         1834    i.bsp_indication_set  bsp.o
    0x0002f164   0x0000059c   Code   RO         1837    i.bsp_led_indication  bsp.o
    0x0002f700   0x000000d0   Code   RO         1259    i.calorie           gc_activity.o
    0x0002f7d0   0x0000020c   Code   RO         1260    i.calorie_hr        gc_activity.o
    0x0002f9dc   0x000000d4   Code   RO         1261    i.calorie_step      gc_activity.o
    0x0002fab0   0x00000064   Code   RO         2688    i.cccd_configure    ble_ancs_c.o
    0x0002fb14   0x00000020   Code   RO         3103    i.channel_free      nrf_drv_gpiote.o
    0x0002fb34   0x00000010   Code   RO         3104    i.channel_handler_get  nrf_drv_gpiote.o
    0x0002fb44   0x00000080   Code   RO         3105    i.channel_port_alloc  nrf_drv_gpiote.o
    0x0002fbc4   0x0000000c   Code   RO         3106    i.channel_port_get  nrf_drv_gpiote.o
    0x0002fbd0   0x00000060   Code   RO         2843    i.characteristics_discover  ble_db_discovery.o
    0x0002fc30   0x00000020   Code   RO         8761    i.check_flag_first_ghr  pah8series_motion5_181_m4f_keil.lib(cal_hr.o)
    0x0002fc50   0x00000014   Code   RO         1119    i.check_flash_page_last  flash_control.o
    0x0002fc64   0x000001a8   Code   RO           21    i.check_saved_info  main.o
    0x0002fe0c   0x00000104   Code   RO         3629    i.clear_operation_execute  pstorage.o
    0x0002ff10   0x00000028   Code   RO         3630    i.clear_post_processing_run  pstorage.o
    0x0002ff38   0x00000090   Code   RO         7134    i.cmd_adc           an520.o
    0x0002ffc8   0x000000a0   Code   RO          737    i.cmd_ferase        command.o
    0x00030068   0x00000064   Code   RO          738    i.cmd_feraseall     command.o
    0x000300cc   0x0000005c   Code   RO          739    i.cmd_fread         command.o
    0x00030128   0x00000074   Code   RO          740    i.cmd_fwrite        command.o
    0x0003019c   0x0000009c   Code   RO          741    i.cmd_getslpinfo    command.o
    0x00030238   0x00000128   Code   RO          742    i.cmd_help          command.o
    0x00030360   0x00000394   Code   RO          743    i.cmd_hwtest        command.o
    0x000306f4   0x00000018   Code   RO          744    i.cmd_noti          command.o
    0x0003070c   0x00000044   Code   RO          745    i.cmd_oledpower     command.o
    0x00030750   0x00000064   Code   RO          746    i.cmd_opmode        command.o
    0x000307b4   0x00000048   Code   RO          747    i.cmd_parse         command.o
    0x000307fc   0x00000034   Code   RO          748    i.cmd_poweroff      command.o
    0x00030830   0x00000048   Code   RO         3631    i.cmd_process       pstorage.o
    0x00030878   0x0000004c   Code   RO         7135    i.cmd_prom          an520.o
    0x000308c4   0x00000014   Code   RO         3632    i.cmd_queue_dequeue  pstorage.o
    0x000308d8   0x00000050   Code   RO         3633    i.cmd_queue_element_init  pstorage.o
    0x00030928   0x0000009c   Code   RO         3634    i.cmd_queue_enqueue  pstorage.o
    0x000309c4   0x00000020   Code   RO         3635    i.cmd_queue_init    pstorage.o
    0x000309e4   0x00000038   Code   RO          749    i.cmd_reset         command.o
    0x00030a1c   0x00000048   Code   RO          750    i.cmd_reset_boot    command.o
    0x00030a64   0x00000034   Code   RO          751    i.cmd_version       command.o
    0x00030a98   0x00000028   Code   RO         3636    i.command_end_procedure_run  pstorage.o
    0x00030ac0   0x00000074   Code   RO          752    i.command_execute   command.o
    0x00030b34   0x00000030   Code   RO         2689    i.command_id_and_notif_parse  ble_ancs_c.o
    0x00030b64   0x0000002c   Code   RO         3637    i.command_queue_element_consume  pstorage.o
    0x00030b90   0x00000090   Code   RO         4951    i.compare_reg_update  app_timer.o
    0x00030c20   0x000000d4   Code   RO         7543    i.config_gpio_pah8002  spi_pah8002.o
    0x00030cf4   0x0000005a   Code   RO         1986    i.conn_int_check    ble_advdata.o
    0x00030d4e   0x00000068   Code   RO         1987    i.conn_int_encode   ble_advdata.o
    0x00030db6   0x00000002   Code   RO           22    i.conn_params_error_handler  main.o
    0x00030db8   0x00000054   Code   RO           23    i.conn_params_init  main.o
    0x00030e0c   0x00000084   Code   RO         2196    i.conn_params_negotiation  ble_conn_params.o
    0x00030e90   0x00000054   Code   RO         1932    i.connection_buttons_configure  bsp_btn_ble.o
    0x00030ee4   0x00000048   Code   RO         2401    i.connection_instance_find  device_manager_peripheral.o
    0x00030f2c   0x00000040   Code   RO         2402    i.connection_instance_init  device_manager_peripheral.o
    0x00030f6c   0x0000003c   Code   RO         1262    i.convert_gmt_to_display_time  gc_activity.o
    0x00030fa8   0x0000007c   Code   RO         3638    i.data_page_erase_state_run  pstorage.o
    0x00031024   0x00000034   Code   RO         3639    i.data_to_swap_write_state_run  pstorage.o
    0x00031058   0x00000014   Code   RO           24    i.db_disc_handler   main.o
    0x0003106c   0x00000024   Code   RO           25    i.db_discovery_init  main.o
    0x00031090   0x00000034   Code   RO          753    i.debug_shell       command.o
    0x000310c4   0x00000018   Code   RO           26    i.delay_ms          main.o
    0x000310dc   0x000000b6   Code   RO         2844    i.descriptors_discover  ble_db_discovery.o
    0x00031192   0x00000002   PAD
    0x00031194   0x000000e0   Code   RO         2403    i.device_context_store  device_manager_peripheral.o
    0x00031274   0x00000088   Code   RO         2404    i.device_instance_allocate  device_manager_peripheral.o
    0x000312fc   0x00000058   Code   RO         2405    i.device_instance_find  device_manager_peripheral.o
    0x00031354   0x0000002c   Code   RO         2406    i.device_instance_free  device_manager_peripheral.o
    0x00031380   0x00000078   Code   RO           27    i.device_manager_evt_handler  main.o
    0x000313f8   0x000000dc   Code   RO           28    i.device_manager_init  main.o
    0x000314d4   0x000000b8   Code   RO         2845    i.discovery_complete_evt_trigger  ble_db_discovery.o
    0x0003158c   0x0000003e   Code   RO         2846    i.discovery_error_evt_trigger  ble_db_discovery.o
    0x000315ca   0x00000002   PAD
    0x000315cc   0x000006b0   Code   RO         2411    i.dm_ble_evt_handler  device_manager_peripheral.o
    0x00031c7c   0x00000018   Code   RO         2417    i.dm_handle_initialize  device_manager_peripheral.o
    0x00031c94   0x00000108   Code   RO         2418    i.dm_init           device_manager_peripheral.o
    0x00031d9c   0x00000200   Code   RO         2421    i.dm_pstorage_cb_handler  device_manager_peripheral.o
    0x00031f9c   0x000000b0   Code   RO         2422    i.dm_register       device_manager_peripheral.o
    0x0003204c   0x0000009c   Code   RO         2423    i.dm_security_setup_req  device_manager_peripheral.o
    0x000320e8   0x000000bc   Code   RO         2424    i.dm_security_status_req  device_manager_peripheral.o
    0x000321a4   0x00000110   Code   RO         2428    i.dm_whitelist_create  device_manager_peripheral.o
    0x000322b4   0x00000120   Code   RO         1018    i.dp_BT             font.o
    0x000323d4   0x000000f0   Code   RO         1019    i.dp_battery        font.o
    0x000324c4   0x000000f0   Code   RO         1020    i.dp_charge         font.o
    0x000325b4   0x000000ec   Code   RO         1021    i.dp_charge2        font.o
    0x000326a0   0x00000104   Code   RO         1022    i.dp_icon_large     font.o
    0x000327a4   0x000000e8   Code   RO         1023    i.dp_icon_mini      font.o
    0x0003288c   0x000000b4   Code   RO         1024    i.dp_icon_small     font.o
    0x00032940   0x00000144   Code   RO         1025    i.dp_lnum           font.o
    0x00032a84   0x00000120   Code   RO         1026    i.dp_mnum           font.o
    0x00032ba4   0x00000214   Code   RO         1027    i.dp_schar          font.o
    0x00032db8   0x000000e8   Code   RO         1028    i.dp_snum           font.o
    0x00032ea0   0x0000005c   Code   RO         1029    i.dp_unit           font.o
    0x00032efc   0x000002c4   Code   RO         1030    i.dp_week           font.o
    0x000331c0   0x00000064   Code   RO         4952    i.elapsed_ticks_acquire  app_timer.o
    0x00033224   0x000000b4   Code   RO         1120    i.erase_flash_next_sector  flash_control.o
    0x000332d8   0x00000040   Code   RO         3640    i.erase_sub_state_sm_run  pstorage.o
    0x00033318   0x00000030   Code   RO         7610    i.errata_16         system_nrf52.o
    0x00033348   0x00000054   Code   RO         7611    i.errata_31         system_nrf52.o
    0x0003339c   0x00000030   Code   RO         7612    i.errata_32         system_nrf52.o
    0x000333cc   0x00000054   Code   RO         7613    i.errata_36         system_nrf52.o
    0x00033420   0x00000030   Code   RO         7614    i.errata_37         system_nrf52.o
    0x00033450   0x00000030   Code   RO         7615    i.errata_57         system_nrf52.o
    0x00033480   0x00000030   Code   RO         7616    i.errata_66         system_nrf52.o
    0x000334b0   0x00000058   Code   RO         4953    i.expired_timers_handler  app_timer.o
    0x00033508   0x000001b0   Code   RO         1263    i.f_info_recall     gc_activity.o
    0x000336b8   0x00000018   Code   RO         9744    i.fabs              m_wm.l(fabs.o)
    0x000336d0   0x00000002   Code   RO         8954    i.fft_init_tbl      pah8series_motion5_181_m4f_keil.lib(math_op.o)
    0x000336d2   0x00000018   Code   RO         4864    i.fifo_get          app_fifo.o
    0x000336ea   0x0000000a   Code   RO         2970    i.fifo_length       app_uart_fifo.o
    0x000336f4   0x0000000a   Code   RO         4865    i.fifo_length       app_fifo.o
    0x000336fe   0x00000012   Code   RO         4866    i.fifo_peek         app_fifo.o
    0x00033710   0x00000012   Code   RO         4867    i.fifo_put          app_fifo.o
    0x00033722   0x000000ba   Code   RO         8849    i.filter_common     pah8series_motion5_181_m4f_keil.lib(filter8002_fixed.o)
    0x000337dc   0x000000c0   Code   RO         1121    i.find_flash_page_write_position_at_boot  flash_control.o
    0x0003389c   0x0000015c   Code   RO         1122    i.find_recent_feature_save  flash_control.o
    0x000339f8   0x00000080   Code   RO         1123    i.find_recent_feature_save_on_boot  flash_control.o
    0x00033a78   0x000000f4   Code   RO         1124    i.find_req_feature  flash_control.o
    0x00033b6c   0x00000036   Code   RO         1125    i.find_req_past_feature  flash_control.o
    0x00033ba2   0x00000002   PAD
    0x00033ba4   0x0000018c   Code   RO         1126    i.findpaststartADDR  flash_control.o
    0x00033d30   0x0000001e   Code   RO         4266    i.finish_transfer   nrf_drv_spi.o
    0x00033d4e   0x00000002   PAD
    0x00033d50   0x0000008c   Code   RO         1264    i.fixFloat          gc_activity.o
    0x00033ddc   0x00000036   Code   RO         1988    i.flags_encode      ble_advdata.o
    0x00033e12   0x00000036   Code   RO         2111    i.flash_access_in_progress  ble_advertising.o
    0x00033e48   0x0000002c   Code   RO         3641    i.flash_api_err_code_process  pstorage.o
    0x00033e74   0x00000044   Code   RO         3642    i.flash_operation_failure_run  pstorage.o
    0x00033eb8   0x00000030   Code   RO         3643    i.flash_operation_success_run  pstorage.o
    0x00033ee8   0x00000010   Code   RO         3644    i.flash_page_erase  pstorage.o
    0x00033ef8   0x0000001c   Code   RO         3645    i.flash_write       pstorage.o
    0x00033f14   0x00000010   Code   RO         5450    i.fputc             retarget.o
    0x00033f24   0x00000050   Code   RO         9674    i.free              mc_w.l(malloc.o)
    0x00033f74   0x00000018   Code   RO         5231    i.fs_queued_op_count_get  fstorage.o
    0x00033f8c   0x00000080   Code   RO           29    i.gap_params_init   main.o
    0x0003400c   0x00000006   Code   RO         2429    i.gattc_context_apply  device_manager_peripheral.o
    0x00034012   0x00000006   Code   RO         2430    i.gattc_context_load  device_manager_peripheral.o
    0x00034018   0x00000006   Code   RO         2431    i.gattc_context_store  device_manager_peripheral.o
    0x0003401e   0x00000002   PAD
    0x00034020   0x000000f8   Code   RO         2432    i.gatts_context_apply  device_manager_peripheral.o
    0x00034118   0x0000004c   Code   RO         2433    i.gatts_context_load  device_manager_peripheral.o
    0x00034164   0x000000f0   Code   RO         2434    i.gatts_context_store  device_manager_peripheral.o
    0x00034254   0x00000018   Code   RO         2435    i.gattsc_context_apply  device_manager_peripheral.o
    0x0003426c   0x0000001c   Code   RO         2436    i.gattsc_context_load  device_manager_peripheral.o
    0x00034288   0x0000001c   Code   RO         2437    i.gattsc_context_store  device_manager_peripheral.o
    0x000342a4   0x00000066   Code   RO           30    i.gc_dev_gpio_set   main.o
    0x0003430a   0x00000002   PAD
    0x0003430c   0x00000070   Code   RO           31    i.gc_dev_initialize  main.o
    0x0003437c   0x00000018   Code   RO         7220    i.gc_disable_pah8002  pah8002.o
    0x00034394   0x00000012   Code   RO         1127    i.gc_flash_erase    flash_control.o
    0x000343a6   0x00000030   Code   RO         1128    i.gc_flash_fwrite   flash_control.o
    0x000343d6   0x0000008e   Code   RO         1129    i.gc_flash_page_read_data  flash_control.o
    0x00034464   0x0000005a   Code   RO         1130    i.gc_flash_page_start  flash_control.o
    0x000344be   0x00000064   Code   RO         1131    i.gc_flash_page_write_data  flash_control.o
    0x00034522   0x00000020   Code   RO         1132    i.gc_flash_read     flash_control.o
    0x00034542   0x00000002   PAD
    0x00034544   0x00000138   Code   RO         1799    i.gc_notification_ancs_handle  gc_ble_notification.o
    0x0003467c   0x00000040   Code   RO         1634    i.gc_power_off_prepare  gc_sleep.o
    0x000346bc   0x0000009c   Code   RO           33    i.gc_ppi_gpiote_init  main.o
    0x00034758   0x00000064   Code   RO         7222    i.gc_protocol_ctrl_pah8002  pah8002.o
    0x000347bc   0x0000008c   Code   RO         6979    i.gc_spi_flash_init  spi_flash.o
    0x00034848   0x0000000c   Code   RO         7544    i.gc_spi_pah8002_init  spi_pah8002.o
    0x00034854   0x0000007c   Code   RO           34    i.gc_twi_init       main.o
    0x000348d0   0x00000088   Code   RO         1266    i.get_GMT           gc_activity.o
    0x00034958   0x0000036e   Code   RO         1701    i.get_battery_level  gc_saadc.o
    0x00034cc6   0x00000002   PAD
    0x00034cc8   0x0000006c   Code   RO         1133    i.get_flash_page_write_position  flash_control.o
    0x00034d34   0x00000020   Code   RO         1267    i.get_month_day     gc_activity.o
    0x00034d54   0x00000128   Code   RO         1268    i.get_realtime_HR   gc_activity.o
    0x00034e7c   0x000019f0   Code   RO         1269    i.get_realtime_step  gc_activity.o
    0x0003686c   0x0000001c   Code   RO           35    i.get_sys_tick      main.o
    0x00036888   0x00000090   Code   RO         1004    i.get_time          gc_time.o
    0x00036918   0x000000c4   Code   RO         1270    i.get_time_from_GMT  gc_activity.o
    0x000369dc   0x00000024   Code   RO           36    i.gpiote_acc_intr_handler  main.o
    0x00036a00   0x00000024   Code   RO         1702    i.gpiote_battery_sense_evt_handler  gc_saadc.o
    0x00036a24   0x00000014   Code   RO         7545    i.gpiote_in_evt_handler  spi_pah8002.o
    0x00036a38   0x00000050   Code   RO         1271    i.greencom_step_process  gc_activity.o
    0x00036a88   0x00000068   Code   RO         3646    i.head_restore_state_run  pstorage.o
    0x00036af0   0x0000005e   Code   RO         8850    i.hpf20hz_fixed_c   pah8series_motion5_181_m4f_keil.lib(filter8002_fixed.o)
    0x00036b4e   0x00000002   PAD
    0x00036b50   0x00000014   Code   RO         8851    i.hpf20hz_fixed_c_initialize  pah8series_motion5_181_m4f_keil.lib(filter8002_fixed.o)
    0x00036b64   0x0000005e   Code   RO         8852    i.hpf_20hz_5_fixed_c  pah8series_motion5_181_m4f_keil.lib(filter8002_fixed.o)
    0x00036bc2   0x00000002   PAD
    0x00036bc4   0x00000014   Code   RO         8853    i.hpf_20hz_5_fixed_c_initialize  pah8series_motion5_181_m4f_keil.lib(filter8002_fixed.o)
    0x00036bd8   0x0000004c   Code   RO           37    i.hr_power_enable   main.o
    0x00036c24   0x0000001c   Code   RO         7136    i.i2c_read          an520.o
    0x00036c40   0x0000001c   Code   RO         7137    i.i2c_send          an520.o
    0x00036c5c   0x0000000e   Code   RO         6982    i.in_pin_handler    spi_flash.o
    0x00036c6a   0x00000002   PAD
    0x00036c6c   0x00000074   Code   RO         1703    i.init_battery_sense_event  gc_saadc.o
    0x00036ce0   0x00000058   Code   RO         6891    i.init_rtc          rtc.o
    0x00036d38   0x000000a4   Code   RO         5774    i.intern_softdevice_events_execute  softdevice_handler.o
    0x00036ddc   0x00000024   Code   RO         4267    i.irq_handler_spim  nrf_drv_spi.o
    0x00036e00   0x000000dc   Code   RO         4078    i.irq_handler_twi   nrf_drv_twi.o
    0x00036edc   0x00000020   Code   RO         4409    i.is_allocated_channel  nrf_drv_ppi.o
    0x00036efc   0x00000012   Code   RO         4411    i.is_app_channel    nrf_drv_ppi.o
    0x00036f0e   0x00000022   Code   RO         2847    i.is_char_discovery_reqd  ble_db_discovery.o
    0x00036f30   0x00000024   Code   RO         2197    i.is_conn_params_ok  ble_conn_params.o
    0x00036f54   0x0000005e   Code   RO         2848    i.is_desc_discovery_reqd  ble_db_discovery.o
    0x00036fb2   0x00000034   Code   RO         1272    i.is_leap_year      gc_activity.o
    0x00036fe6   0x00000002   PAD
    0x00036fe8   0x00000058   Code   RO         3647    i.is_page_erase_required  pstorage.o
    0x00037040   0x0000001c   Code   RO         4413    i.is_programmable_app_channel  nrf_drv_ppi.o
    0x0003705c   0x00000050   Code   RO         3648    i.is_tail_data_page_swap_required  pstorage.o
    0x000370ac   0x00000010   Code   RO         3649    i.is_word_aligned   pstorage.o
    0x000370bc   0x0000005c   Code   RO          755    i.ks_get_command    command.o
    0x00037118   0x0000006a   Code   RO         1989    i.le_role_encode    ble_advdata.o
    0x00037182   0x00000002   PAD
    0x00037184   0x00000098   Code   RO         4954    i.list_deletions_handler  app_timer.o
    0x0003721c   0x0000010c   Code   RO         4955    i.list_insertions_handler  app_timer.o
    0x00037328   0x00000016   Code   RO         5421    i.log_uart_write_string  nrf_log.o
    0x0003733e   0x0000002a   Code   RO         5427    i.log_uart_write_string_many  nrf_log.o
    0x00037368   0x00000070   Code   RO         8854    i.lpf20hz_fixed_c   pah8series_motion5_181_m4f_keil.lib(filter8002_fixed.o)
    0x000373d8   0x00000014   Code   RO         8855    i.lpf20hz_fixed_c_initialize  pah8series_motion5_181_m4f_keil.lib(filter8002_fixed.o)
    0x000373ec   0x00000076   Code   RO         8856    i.lpf_20hz_6hz_fixed_c  pah8series_motion5_181_m4f_keil.lib(filter8002_fixed.o)
    0x00037462   0x00000002   PAD
    0x00037464   0x00000014   Code   RO         8857    i.lpf_20hz_6hz_fixed_c_initialize  pah8series_motion5_181_m4f_keil.lib(filter8002_fixed.o)
    0x00037478   0x00000194   Code   RO           40    i.main              main.o
    0x0003760c   0x00000020   Code   RO         3650    i.main_state_err_busy_process  pstorage.o
    0x0003762c   0x0000006c   Code   RO         9675    i.malloc            mc_w.l(malloc.o)
    0x00037698   0x00000076   Code   RO         1990    i.manuf_specific_data_encode  ble_advdata.o
    0x0003770e   0x00000002   PAD
    0x00037710   0x00000078   Code   RO         1134    i.move_flash_page_write_position  flash_control.o
    0x00037788   0x0000000c   Code   RO         8858    i.mul_s32_s32_s32_sr30  pah8series_motion5_181_m4f_keil.lib(filter8002_fixed.o)
    0x00037794   0x0000000c   Code   RO         8859    i.mul_s32_s32_s32_sr31  pah8series_motion5_181_m4f_keil.lib(filter8002_fixed.o)
    0x000377a0   0x000000c2   Code   RO         1991    i.name_encode       ble_advdata.o
    0x00037862   0x00000006   Code   RO         2438    i.no_service_context_apply  device_manager_peripheral.o
    0x00037868   0x00000006   Code   RO         2439    i.no_service_context_load  device_manager_peripheral.o
    0x0003786e   0x00000006   Code   RO         2440    i.no_service_context_store  device_manager_peripheral.o
    0x00037874   0x0000001a   Code   RO         3037    i.nrf_delay_ms      nrf_delay.o
    0x0003788e   0x00000002   PAD
    0x00037890   0x00000060   Code   RO         3064    i.nrf_drv_common_irq_enable  nrf_drv_common.o
    0x000378f0   0x0000000a   Code   RO         4079    i.nrf_drv_get_IRQn  nrf_drv_twi.o
    0x000378fa   0x0000001a   Code   RO         3107    i.nrf_drv_gpiote_in_event_addr_get  nrf_drv_gpiote.o
    0x00037914   0x00000054   Code   RO         3108    i.nrf_drv_gpiote_in_event_disable  nrf_drv_gpiote.o
    0x00037968   0x000000b8   Code   RO         3109    i.nrf_drv_gpiote_in_event_enable  nrf_drv_gpiote.o
    0x00037a20   0x000000d8   Code   RO         3110    i.nrf_drv_gpiote_in_init  nrf_drv_gpiote.o
    0x00037af8   0x0000003a   Code   RO         3112    i.nrf_drv_gpiote_in_uninit  nrf_drv_gpiote.o
    0x00037b32   0x00000002   PAD
    0x00037b34   0x00000054   Code   RO         3113    i.nrf_drv_gpiote_init  nrf_drv_gpiote.o
    0x00037b88   0x00000024   Code   RO         3119    i.nrf_drv_gpiote_out_task_disable  nrf_drv_gpiote.o
    0x00037bac   0x0000002c   Code   RO         3123    i.nrf_drv_gpiote_out_toggle  nrf_drv_gpiote.o
    0x00037bd8   0x00000014   Code   RO         4268    i.nrf_drv_is_in_RAM  nrf_drv_spi.o
    0x00037bec   0x0000006c   Code   RO         4414    i.nrf_drv_ppi_channel_alloc  nrf_drv_ppi.o
    0x00037c58   0x0000004c   Code   RO         4415    i.nrf_drv_ppi_channel_assign  nrf_drv_ppi.o
    0x00037ca4   0x0000002e   Code   RO         4416    i.nrf_drv_ppi_channel_disable  nrf_drv_ppi.o
    0x00037cd2   0x00000002   PAD
    0x00037cd4   0x00000038   Code   RO         4417    i.nrf_drv_ppi_channel_enable  nrf_drv_ppi.o
    0x00037d0c   0x00000044   Code   RO         4419    i.nrf_drv_ppi_channel_free  nrf_drv_ppi.o
    0x00037d50   0x00000008   Code   RO         4420    i.nrf_drv_ppi_channel_to_mask  nrf_drv_ppi.o
    0x00037d58   0x00000018   Code   RO         4427    i.nrf_drv_ppi_init  nrf_drv_ppi.o
    0x00037d70   0x00000104   Code   RO         4572    i.nrf_drv_saadc_buffer_convert  nrf_drv_saadc.o
    0x00037e74   0x00000150   Code   RO         4270    i.nrf_drv_spi_init  nrf_drv_spi.o
    0x00037fc4   0x0000002c   Code   RO         4272    i.nrf_drv_spi_transfer  nrf_drv_spi.o
    0x00037ff0   0x00000074   Code   RO         4273    i.nrf_drv_spi_uninit  nrf_drv_spi.o
    0x00038064   0x00000064   Code   RO         4274    i.nrf_drv_spi_xfer  nrf_drv_spi.o
    0x000380c8   0x00000024   Code   RO         4082    i.nrf_drv_twi_enable  nrf_drv_twi.o
    0x000380ec   0x0000009c   Code   RO         4083    i.nrf_drv_twi_init  nrf_drv_twi.o
    0x00038188   0x00000030   Code   RO         4084    i.nrf_drv_twi_rx    nrf_drv_twi.o
    0x000381b8   0x0000003e   Code   RO         4087    i.nrf_drv_twi_tx    nrf_drv_twi.o
    0x000381f6   0x00000002   PAD
    0x000381f8   0x0000003c   Code   RO         4089    i.nrf_drv_twi_xfer  nrf_drv_twi.o
    0x00038234   0x000000e4   Code   RO         3344    i.nrf_drv_uart_init  nrf_drv_uart.o
    0x00038318   0x000000b0   Code   RO         3345    i.nrf_drv_uart_rx   nrf_drv_uart.o
    0x000383c8   0x00000020   Code   RO         3348    i.nrf_drv_uart_rx_enable  nrf_drv_uart.o
    0x000383e8   0x000000b4   Code   RO         3349    i.nrf_drv_uart_rx_for_uart  nrf_drv_uart.o
    0x0003849c   0x000000b4   Code   RO         3350    i.nrf_drv_uart_rx_for_uarte  nrf_drv_uart.o
    0x00038550   0x00000048   Code   RO         3351    i.nrf_drv_uart_tx   nrf_drv_uart.o
    0x00038598   0x0000008c   Code   RO         3353    i.nrf_drv_uart_tx_for_uart  nrf_drv_uart.o
    0x00038624   0x00000070   Code   RO         3354    i.nrf_drv_uart_tx_for_uarte  nrf_drv_uart.o
    0x00038694   0x00000014   Code   RO         3355    i.nrf_drv_uart_tx_in_progress  nrf_drv_uart.o
    0x000386a8   0x00000024   Code   RO           43    i.nrf_gpio_cfg      main.o
    0x000386cc   0x00000024   Code   RO         3126    i.nrf_gpio_cfg      nrf_drv_gpiote.o
    0x000386f0   0x00000024   Code   RO         3357    i.nrf_gpio_cfg      nrf_drv_uart.o
    0x00038714   0x00000024   Code   RO         4275    i.nrf_gpio_cfg      nrf_drv_spi.o
    0x00038738   0x00000024   Code   RO         7546    i.nrf_gpio_cfg      spi_pah8002.o
    0x0003875c   0x00000018   Code   RO         3127    i.nrf_gpio_cfg_default  nrf_drv_gpiote.o
    0x00038774   0x0000001a   Code   RO           44    i.nrf_gpio_cfg_input  main.o
    0x0003878e   0x0000001a   Code   RO         3359    i.nrf_gpio_cfg_input  nrf_drv_uart.o
    0x000387a8   0x00000018   Code   RO           45    i.nrf_gpio_cfg_output  main.o
    0x000387c0   0x00000018   Code   RO         3360    i.nrf_gpio_cfg_output  nrf_drv_uart.o
    0x000387d8   0x00000018   Code   RO         4276    i.nrf_gpio_cfg_output  nrf_drv_spi.o
    0x000387f0   0x00000024   Code   RO         3128    i.nrf_gpio_cfg_sense_set  nrf_drv_gpiote.o
    0x00038814   0x00000010   Code   RO           46    i.nrf_gpio_pin_clear  main.o
    0x00038824   0x00000010   Code   RO          756    i.nrf_gpio_pin_clear  command.o
    0x00038834   0x00000010   Code   RO         1510    i.nrf_gpio_pin_clear  display.o
    0x00038844   0x00000010   Code   RO         4090    i.nrf_gpio_pin_clear  nrf_drv_twi.o
    0x00038854   0x00000010   Code   RO         4277    i.nrf_gpio_pin_clear  nrf_drv_spi.o
    0x00038864   0x00000010   Code   RO         6807    i.nrf_gpio_pin_clear  oled.o
    0x00038874   0x00000010   Code   RO           47    i.nrf_gpio_pin_set  main.o
    0x00038884   0x00000010   Code   RO         1511    i.nrf_gpio_pin_set  display.o
    0x00038894   0x00000010   Code   RO         3361    i.nrf_gpio_pin_set  nrf_drv_uart.o
    0x000388a4   0x00000010   Code   RO         4091    i.nrf_gpio_pin_set  nrf_drv_twi.o
    0x000388b4   0x00000010   Code   RO         4278    i.nrf_gpio_pin_set  nrf_drv_spi.o
    0x000388c4   0x0000000c   Code   RO         3131    i.nrf_gpiote_event_addr_get  nrf_drv_gpiote.o
    0x000388d0   0x0000001c   Code   RO         3132    i.nrf_gpiote_event_clear  nrf_drv_gpiote.o
    0x000388ec   0x00000016   Code   RO         3133    i.nrf_gpiote_event_is_set  nrf_drv_gpiote.o
    0x00038902   0x00000002   PAD
    0x00038904   0x0000000c   Code   RO         3134    i.nrf_gpiote_int_enable  nrf_drv_gpiote.o
    0x00038910   0x00000010   Code   RO         3135    i.nrf_gpiote_te_default  nrf_drv_gpiote.o
    0x00038920   0x00000010   Code   RO         4429    i.nrf_ppi_channel_disable  nrf_drv_ppi.o
    0x00038930   0x00000010   Code   RO         1704    i.nrf_saadc_buffer_init  gc_saadc.o
    0x00038940   0x00000010   Code   RO         4581    i.nrf_saadc_buffer_init  nrf_drv_saadc.o
    0x00038950   0x00000068   Code   RO         4703    i.nrf_saadc_channel_init  nrf_saadc.o
    0x000389b8   0x00000018   Code   RO         4582    i.nrf_saadc_channel_input_set  nrf_drv_saadc.o
    0x000389d0   0x00000014   Code   RO         1705    i.nrf_saadc_enable_check  gc_saadc.o
    0x000389e4   0x00000014   Code   RO         1706    i.nrf_saadc_event_check  gc_saadc.o
    0x000389f8   0x00000014   Code   RO         4583    i.nrf_saadc_event_check  nrf_drv_saadc.o
    0x00038a0c   0x0000000c   Code   RO         1707    i.nrf_saadc_event_clear  gc_saadc.o
    0x00038a18   0x0000000c   Code   RO         4584    i.nrf_saadc_event_clear  nrf_drv_saadc.o
    0x00038a24   0x0000000c   Code   RO         4585    i.nrf_saadc_int_disable  nrf_drv_saadc.o
    0x00038a30   0x0000000c   Code   RO         4586    i.nrf_saadc_int_enable  nrf_drv_saadc.o
    0x00038a3c   0x0000000c   Code   RO         1708    i.nrf_saadc_task_trigger  gc_saadc.o
    0x00038a48   0x0000000c   Code   RO         4588    i.nrf_saadc_task_trigger  nrf_drv_saadc.o
    0x00038a54   0x0000000e   Code   RO         4279    i.nrf_spim_event_check  nrf_drv_spi.o
    0x00038a62   0x00000006   Code   RO         4280    i.nrf_spim_event_clear  nrf_drv_spi.o
    0x00038a68   0x00000006   Code   RO         4281    i.nrf_spim_int_disable  nrf_drv_spi.o
    0x00038a6e   0x00000006   Code   RO         4282    i.nrf_spim_int_enable  nrf_drv_spi.o
    0x00038a74   0x00000006   Code   RO         4283    i.nrf_spim_task_trigger  nrf_drv_spi.o
    0x00038a7a   0x0000000e   Code   RO         4092    i.nrf_twi_event_check  nrf_drv_twi.o
    0x00038a88   0x00000006   Code   RO         4093    i.nrf_twi_event_clear  nrf_drv_twi.o
    0x00038a8e   0x00000006   Code   RO         4094    i.nrf_twi_int_disable  nrf_drv_twi.o
    0x00038a94   0x00000006   Code   RO         4095    i.nrf_twi_int_enable  nrf_drv_twi.o
    0x00038a9a   0x00000006   Code   RO         4096    i.nrf_twi_shorts_set  nrf_drv_twi.o
    0x00038aa0   0x00000006   Code   RO         4097    i.nrf_twi_task_trigger  nrf_drv_twi.o
    0x00038aa6   0x0000000c   Code   RO         3362    i.nrf_uart_errorsrc_get_and_clear  nrf_drv_uart.o
    0x00038ab2   0x0000000e   Code   RO         3363    i.nrf_uart_event_check  nrf_drv_uart.o
    0x00038ac0   0x00000006   Code   RO         3364    i.nrf_uart_event_clear  nrf_drv_uart.o
    0x00038ac6   0x0000000a   Code   RO         3365    i.nrf_uart_hwfc_pins_set  nrf_drv_uart.o
    0x00038ad0   0x00000006   Code   RO         3366    i.nrf_uart_int_disable  nrf_drv_uart.o
    0x00038ad6   0x00000006   Code   RO         3367    i.nrf_uart_int_enable  nrf_drv_uart.o
    0x00038adc   0x00000012   Code   RO         3368    i.nrf_uart_int_enable_check  nrf_drv_uart.o
    0x00038aee   0x00000006   Code   RO         3369    i.nrf_uart_task_trigger  nrf_drv_uart.o
    0x00038af4   0x0000000a   Code   RO         3370    i.nrf_uart_txrx_pins_set  nrf_drv_uart.o
    0x00038afe   0x0000000c   Code   RO         3371    i.nrf_uarte_errorsrc_get_and_clear  nrf_drv_uart.o
    0x00038b0a   0x0000000e   Code   RO         3372    i.nrf_uarte_event_check  nrf_drv_uart.o
    0x00038b18   0x00000006   Code   RO         3373    i.nrf_uarte_event_clear  nrf_drv_uart.o
    0x00038b1e   0x0000000c   Code   RO         3374    i.nrf_uarte_hwfc_pins_set  nrf_drv_uart.o
    0x00038b2a   0x00000006   Code   RO         3375    i.nrf_uarte_int_disable  nrf_drv_uart.o
    0x00038b30   0x00000006   Code   RO         3376    i.nrf_uarte_int_enable  nrf_drv_uart.o
    0x00038b36   0x0000000a   Code   RO         3377    i.nrf_uarte_rx_amount_get  nrf_drv_uart.o
    0x00038b40   0x00000006   Code   RO         3378    i.nrf_uarte_task_trigger  nrf_drv_uart.o
    0x00038b46   0x0000000e   Code   RO         3379    i.nrf_uarte_txrx_pins_set  nrf_drv_uart.o
    0x00038b54   0x0000015c   Code   RO           48    i.nus_data_handler  main.o
    0x00038cb0   0x00000012   Code   RO           49    i.oled_init         main.o
    0x00038cc2   0x00000002   PAD
    0x00038cc4   0x000000e0   Code   RO           50    i.on_adv_evt        main.o
    0x00038da4   0x000000e4   Code   RO           51    i.on_ancs_c_evt     main.o
    0x00038e88   0x000001a4   Code   RO           52    i.on_ble_evt        main.o
    0x0003902c   0x00000154   Code   RO         2849    i.on_characteristic_discovery_rsp  ble_db_discovery.o
    0x00039180   0x00000018   Code   RO         2198    i.on_conn_params_update  ble_conn_params.o
    0x00039198   0x00000038   Code   RO         2199    i.on_connect        ble_conn_params.o
    0x000391d0   0x00000006   Code   RO         2293    i.on_connect        ble_nus.o
    0x000391d6   0x00000002   PAD
    0x000391d8   0x000000e4   Code   RO         2850    i.on_descriptor_discovery_rsp  ble_db_discovery.o
    0x000392bc   0x00000040   Code   RO         2200    i.on_disconnect     ble_conn_params.o
    0x000392fc   0x00000008   Code   RO         2294    i.on_disconnect     ble_nus.o
    0x00039304   0x00000010   Code   RO         2690    i.on_disconnected   ble_ancs_c.o
    0x00039314   0x00000012   Code   RO         2851    i.on_disconnected   ble_db_discovery.o
    0x00039326   0x0000003e   Code   RO         2691    i.on_evt_gattc_notif  ble_ancs_c.o
    0x00039364   0x00000080   Code   RO         2852    i.on_primary_srv_discovery_rsp  ble_db_discovery.o
    0x000393e4   0x0000009c   Code   RO         2853    i.on_srv_disc_completion  ble_db_discovery.o
    0x00039480   0x00000058   Code   RO         2201    i.on_write          ble_conn_params.o
    0x000394d8   0x00000050   Code   RO         2295    i.on_write          ble_nus.o
    0x00039528   0x00000018   Code   RO         2692    i.on_write_rsp      ble_ancs_c.o
    0x00039540   0x0000002a   Code   RO         7418    i.pah8002_burst_read_reg  pah8002_comm_spi.o
    0x0003956a   0x00000004   Code   RO         7686    i.pah8002_close     pah8series_motion5_181_m4f_keil.lib(pah8002_api.o)
    0x0003956e   0x00000002   PAD
    0x00039570   0x00000024   Code   RO         7223    i.pah8002_deinit    pah8002.o
    0x00039594   0x0000004c   Code   RO         7224    i.pah8002_dyn_switch_ppg_mode  pah8002.o
    0x000395e0   0x00000060   Code   RO         7225    i.pah8002_enter_normal_long_et_mode  pah8002.o
    0x00039640   0x00000068   Code   RO         7226    i.pah8002_enter_normal_mode  pah8002.o
    0x000396a8   0x0000003c   Code   RO         7228    i.pah8002_enter_suspend_mode  pah8002.o
    0x000396e4   0x00000034   Code   RO         7229    i.pah8002_enter_touch_mode  pah8002.o
    0x00039718   0x00000004   Code   RO         7687    i.pah8002_entrance  pah8series_motion5_181_m4f_keil.lib(pah8002_api.o)
    0x0003971c   0x00000004   Code   RO         7690    i.pah8002_get_hr    pah8series_motion5_181_m4f_keil.lib(pah8002_api.o)
    0x00039720   0x00000004   Code   RO         7692    i.pah8002_get_hr_trust_level  pah8series_motion5_181_m4f_keil.lib(pah8002_api.o)
    0x00039724   0x00000028   Code   RO         7230    i.pah8002_get_touch_flag  pah8002.o
    0x0003974c   0x000000d0   Code   RO         7231    i.pah8002_get_touch_flag_ppg_mode  pah8002.o
    0x0003981c   0x0000007c   Code   RO         7232    i.pah8002_init      pah8002.o
    0x00039898   0x0000000c   Code   RO         7233    i.pah8002_intr_isr  pah8002.o
    0x000398a4   0x000000ec   Code   RO         7235    i.pah8002_log_Greencomm  pah8002.o
    0x00039990   0x00000034   Code   RO         7236    i.pah8002_normal_long_et_mode_init  pah8002.o
    0x000399c4   0x00000034   Code   RO         7237    i.pah8002_normal_mode_init  pah8002.o
    0x000399f8   0x00000004   Code   RO         7695    i.pah8002_open      pah8series_motion5_181_m4f_keil.lib(pah8002_api.o)
    0x000399fc   0x00000004   Code   RO         7697    i.pah8002_query_open_size  pah8series_motion5_181_m4f_keil.lib(pah8002_api.o)
    0x00039a00   0x00000024   Code   RO         7420    i.pah8002_read_reg  pah8002_comm_spi.o
    0x00039a24   0x00000004   Code   RO         7699    i.pah8002_set_param  pah8series_motion5_181_m4f_keil.lib(pah8002_api.o)
    0x00039a28   0x00000046   Code   RO         7238    i.pah8002_start     pah8002.o
    0x00039a6e   0x00000046   Code   RO         7240    i.pah8002_sw_reset  pah8002.o
    0x00039ab4   0x00000164   Code   RO         7241    i.pah8002_task      pah8002.o
    0x00039c18   0x00000034   Code   RO         7242    i.pah8002_touch_mode_init  pah8002.o
    0x00039c4c   0x00000078   Code   RO         7243    i.pah8002_wakeup    pah8002.o
    0x00039cc4   0x00000044   Code   RO         7421    i.pah8002_write_reg  pah8002_comm_spi.o
    0x00039d08   0x0000001c   Code   RO         7701    i.pah8series_close  pah8series_motion5_181_m4f_keil.lib(pah8002_api.o)
    0x00039d24   0x00000024   Code   RO         7702    i.pah8series_entrance  pah8series_motion5_181_m4f_keil.lib(pah8002_api.o)
    0x00039d48   0x00000014   Code   RO         7704    i.pah8series_get_hr  pah8series_motion5_181_m4f_keil.lib(pah8002_api.o)
    0x00039d5c   0x00000014   Code   RO         7705    i.pah8series_get_hr_trust_level  pah8series_motion5_181_m4f_keil.lib(pah8002_api.o)
    0x00039d70   0x00000010   Code   RO         7912    i.pah8series_hr_close  pah8series_motion5_181_m4f_keil.lib(pah8series_hr.o)
    0x00039d80   0x00000078   Code   RO         7913    i.pah8series_hr_entrance  pah8series_motion5_181_m4f_keil.lib(pah8series_hr.o)
    0x00039df8   0x00000018   Code   RO         7916    i.pah8series_hr_get_hr  pah8series_motion5_181_m4f_keil.lib(pah8series_hr.o)
    0x00039e10   0x00000024   Code   RO         7917    i.pah8series_hr_get_hr_trust_level  pah8series_motion5_181_m4f_keil.lib(pah8series_hr.o)
    0x00039e34   0x00000028   Code   RO         7922    i.pah8series_hr_open  pah8series_motion5_181_m4f_keil.lib(pah8series_hr.o)
    0x00039e5c   0x00000006   Code   RO         7924    i.pah8series_hr_query_open_size  pah8series_motion5_181_m4f_keil.lib(pah8series_hr.o)
    0x00039e62   0x00000296   Code   RO         7927    i.pah8series_hr_set_param  pah8series_motion5_181_m4f_keil.lib(pah8series_hr.o)
    0x0003a0f8   0x0000006c   Code   RO         7709    i.pah8series_open   pah8series_motion5_181_m4f_keil.lib(pah8002_api.o)
    0x0003a164   0x00000014   Code   RO         7714    i.pah8series_set_param  pah8series_motion5_181_m4f_keil.lib(pah8002_api.o)
    0x0003a178   0x00000086   Code   RO         2693    i.parse_get_notif_attrs_response  ble_ancs_c.o
    0x0003a1fe   0x000000a4   Code   RO         2694    i.parse_notif       ble_ancs_c.o
    0x0003a2a2   0x00000018   Code   RO         2112    i.peer_address_exists  ble_advertising.o
    0x0003a2ba   0x00000002   PAD
    0x0003a2bc   0x00000058   Code   RO         2441    i.peer_instance_init  device_manager_peripheral.o
    0x0003a314   0x0000003c   Code   RO         2854    i.pending_user_evts_send  ble_db_discovery.o
    0x0003a350   0x0000001c   Code   RO         3136    i.pin_in_use_by_gpiote  nrf_drv_gpiote.o
    0x0003a36c   0x00000018   Code   RO         3137    i.pin_in_use_by_port  nrf_drv_gpiote.o
    0x0003a384   0x00000020   Code   RO         3138    i.pin_in_use_by_te  nrf_drv_gpiote.o
    0x0003a3a4   0x0000000c   Code   RO         3139    i.pin_in_use_clear  nrf_drv_gpiote.o
    0x0003a3b0   0x00000048   Code   RO           54    i.power_manage      main.o
    0x0003a3f8   0x0000000e   Code   RO         1636    i.power_off_peripheral_device  gc_sleep.o
    0x0003a406   0x00000002   PAD
    0x0003a408   0x0000002c   Code   RO         3651    i.pstorage_access_status_get  pstorage.o
    0x0003a434   0x000000a0   Code   RO         3652    i.pstorage_block_identifier_get  pstorage.o
    0x0003a4d4   0x00000120   Code   RO         3653    i.pstorage_clear    pstorage.o
    0x0003a5f4   0x0000001e   Code   RO         3654    i.pstorage_flash_page_end  pstorage.o
    0x0003a612   0x0000000a   Code   RO         3655    i.pstorage_flash_page_size  pstorage.o
    0x0003a61c   0x00000090   Code   RO         3656    i.pstorage_init     pstorage.o
    0x0003a6ac   0x000000f4   Code   RO         3657    i.pstorage_load     pstorage.o
    0x0003a7a0   0x00000110   Code   RO         3658    i.pstorage_register  pstorage.o
    0x0003a8b0   0x000000dc   Code   RO         3659    i.pstorage_store    pstorage.o
    0x0003a98c   0x00000048   Code   RO         3660    i.pstorage_sys_event_handler  pstorage.o
    0x0003a9d4   0x000000dc   Code   RO         3661    i.pstorage_update   pstorage.o
    0x0003aab0   0x00000260   Code   RO           55    i.recal_after_reset  main.o
    0x0003ad10   0x0000006c   Code   RO           56    i.recall_GMT_offset  main.o
    0x0003ad7c   0x00000040   Code   RO         2855    i.registered_handler_get  ble_db_discovery.o
    0x0003adbc   0x00000044   Code   RO         2856    i.registered_handler_set  ble_db_discovery.o
    0x0003ae00   0x00000070   Code   RO           57    i.reset_prepare     main.o
    0x0003ae70   0x0000000c   Code   RO         4956    i.rtc1_compare0_set  app_timer.o
    0x0003ae7c   0x0000000c   Code   RO         4957    i.rtc1_counter_get  app_timer.o
    0x0003ae88   0x00000018   Code   RO         4958    i.rtc1_init         app_timer.o
    0x0003aea0   0x0000003c   Code   RO         4959    i.rtc1_start        app_timer.o
    0x0003aedc   0x00000058   Code   RO         4960    i.rtc1_stop         app_timer.o
    0x0003af34   0x000000a0   Code   RO         6894    i.rtc_i2c_read      rtc.o
    0x0003afd4   0x00000078   Code   RO         6895    i.rtc_i2c_write     rtc.o
    0x0003b04c   0x00000078   Code   RO         6896    i.rtc_set_time      rtc.o
    0x0003b0c4   0x00000050   Code   RO         3381    i.rx_byte           nrf_drv_uart.o
    0x0003b114   0x00000136   Code   RO         2296    i.rx_char_add       ble_nus.o
    0x0003b24a   0x00000002   PAD
    0x0003b24c   0x00000024   Code   RO         3382    i.rx_done_event     nrf_drv_uart.o
    0x0003b270   0x00000024   Code   RO         3383    i.rx_enable         nrf_drv_uart.o
    0x0003b294   0x00000130   Code   RO         1709    i.saadc_init        gc_saadc.o
    0x0003b3c4   0x0000013c   Code   RO         1637    i.save_data_before_reset  gc_sleep.o
    0x0003b500   0x00000090   Code   RO         1638    i.save_info_before_mcu_off  gc_sleep.o
    0x0003b590   0x000000ac   Code   RO         1639    i.save_info_before_reset_point  gc_sleep.o
    0x0003b63c   0x0000002c   Code   RO           58    i.scheduler_init    main.o
    0x0003b668   0x0000001c   Code   RO         5775    i.sd_check_ram_start  softdevice_handler.o
    0x0003b684   0x000000d0   Code   RO         5776    i.sd_nvic_EnableIRQ  softdevice_handler.o
    0x0003b754   0x00000068   Code   RO         5170    i.sd_nvic_critical_region_enter  app_util_platform.o
    0x0003b7bc   0x00000036   Code   RO         1992    i.sec_mgr_oob_flags_encode  ble_advdata.o
    0x0003b7f2   0x00000002   PAD
    0x0003b7f4   0x00000068   Code   RO           59    i.sec_req_timeout_handler  main.o
    0x0003b85c   0x00000428   Code   RO           60    i.sensor_timer_handler  main.o
    0x0003bc84   0x00000096   Code   RO         1993    i.service_data_encode  ble_advdata.o
    0x0003bd1a   0x00000002   PAD
    0x0003bd1c   0x0000014c   Code   RO           61    i.services_init     main.o
    0x0003be68   0x00000014   Code   RO         3662    i.sm_state_change   pstorage.o
    0x0003be7c   0x00000018   Code   RO         5777    i.softdevice_ble_evt_handler_set  softdevice_handler.o
    0x0003be94   0x0000001c   Code   RO         5778    i.softdevice_enable  softdevice_handler.o
    0x0003beb0   0x0000002c   Code   RO         5779    i.softdevice_enable_get_default_config  softdevice_handler.o
    0x0003bedc   0x00000014   Code   RO         5780    i.softdevice_fault_handler  softdevice_handler.o
    0x0003bef0   0x00000064   Code   RO         5781    i.softdevice_handler_init  softdevice_handler.o
    0x0003bf54   0x00000018   Code   RO         5784    i.softdevice_sys_evt_handler_set  softdevice_handler.o
    0x0003bf6c   0x00000068   Code   RO         7422    i.spi_burst_read_reg  pah8002_comm_spi.o
    0x0003bfd4   0x000000b0   Code   RO         7547    i.spi_pah8002_master_init  spi_pah8002.o
    0x0003c084   0x000001f8   Code   RO         6984    i.spi_send_recv     spi_flash.o
    0x0003c27c   0x00000058   Code   RO         7424    i.spi_write_reg     pah8002_comm_spi.o
    0x0003c2d4   0x0000011c   Code   RO         4284    i.spim_xfer         nrf_drv_spi.o
    0x0003c3f0   0x0000006e   Code   RO         9771    i.sqrt              m_wm.l(sqrt.o)
    0x0003c45e   0x0000000e   Code   RO         1994    i.srdata_check      ble_advdata.o
    0x0003c46c   0x00000010   Code   RO         3663    i.state_data_erase_entry_run  pstorage.o
    0x0003c47c   0x0000008c   Code   RO         3664    i.state_data_erase_swap_entry_run  pstorage.o
    0x0003c508   0x00000038   Code   RO         3665    i.state_entry_action_run  pstorage.o
    0x0003c540   0x00000010   Code   RO         3666    i.state_erase_data_page_entry_run  pstorage.o
    0x0003c550   0x0000001c   Code   RO         3667    i.state_idle_entry_run  pstorage.o
    0x0003c56c   0x00000034   Code   RO         3668    i.state_restore_head_entry_run  pstorage.o
    0x0003c5a0   0x00000058   Code   RO         3669    i.state_restore_tail_entry_run  pstorage.o
    0x0003c5f8   0x00000008   Code   RO         3670    i.state_store_entry_run  pstorage.o
    0x0003c600   0x0000001e   Code   RO         3671    i.state_swap_erase_entry_run  pstorage.o
    0x0003c61e   0x00000002   PAD
    0x0003c620   0x00000038   Code   RO         3672    i.state_write_data_swap_entry_run  pstorage.o
    0x0003c658   0x00000008   Code   RO         2442    i.storage_operation_dummy_handler  device_manager_peripheral.o
    0x0003c660   0x00000068   Code   RO         3673    i.store_cmd_flash_write_execute  pstorage.o
    0x0003c6c8   0x0000000a   Code   RO         3674    i.store_operation_execute  pstorage.o
    0x0003c6d2   0x00000002   PAD
    0x0003c6d4   0x00000048   Code   RO         3675    i.store_sub_state_sm_run  pstorage.o
    0x0003c71c   0x00000056   Code   RO          757    i.strncmpi          command.o
    0x0003c772   0x00000002   PAD
    0x0003c774   0x00000020   Code   RO         3676    i.swap_erase_state_run  pstorage.o
    0x0003c794   0x00000008   Code   RO         3677    i.swap_sub_sm_exit_action_run  pstorage.o
    0x0003c79c   0x00000018   Code   RO         3678    i.swap_sub_state_entry_action_run  pstorage.o
    0x0003c7b4   0x00000020   Code   RO         3679    i.swap_sub_state_err_busy_process  pstorage.o
    0x0003c7d4   0x00000018   Code   RO         3680    i.swap_sub_state_sm_run  pstorage.o
    0x0003c7ec   0x00000014   Code   RO         3681    i.swap_sub_state_state_change  pstorage.o
    0x0003c800   0x00000012   Code   RO           63    i.sys_evt_dispatch  main.o
    0x0003c812   0x00000002   PAD
    0x0003c814   0x0000001c   Code   RO         3682    i.tail_restore_state_run  pstorage.o
    0x0003c830   0x0000004c   Code   RO         3683    i.tail_word_size_calculate  pstorage.o
    0x0003c87c   0x0000000a   Code   RO         4961    i.ticks_diff_get    app_timer.o
    0x0003c886   0x00000002   PAD
    0x0003c888   0x00000038   Code   RO         4962    i.timeout_handler_exec  app_timer.o
    0x0003c8c0   0x00000054   Code   RO         4963    i.timer_list_handler  app_timer.o
    0x0003c914   0x0000000a   Code   RO         4964    i.timer_list_handler_sched  app_timer.o
    0x0003c91e   0x00000002   PAD
    0x0003c920   0x00000068   Code   RO         4965    i.timer_list_insert  app_timer.o
    0x0003c988   0x0000006c   Code   RO         4966    i.timer_list_remove  app_timer.o
    0x0003c9f4   0x0000005c   Code   RO         4967    i.timer_start_op_schedule  app_timer.o
    0x0003ca50   0x00000040   Code   RO         4969    i.timer_stop_op_schedule  app_timer.o
    0x0003ca90   0x00000098   Code   RO         4970    i.timer_timeouts_check  app_timer.o
    0x0003cb28   0x0000000a   Code   RO         4971    i.timer_timeouts_check_sched  app_timer.o
    0x0003cb32   0x00000002   PAD
    0x0003cb34   0x00000078   Code   RO           64    i.timers_init       main.o
    0x0003cbac   0x00000046   Code   RO         1995    i.tk_value_encode   ble_advdata.o
    0x0003cbf2   0x00000014   Code   RO          758    i.tolower           command.o
    0x0003cc06   0x00000002   PAD
    0x0003cc08   0x00000094   Code   RO         4098    i.twi_clear_bus     nrf_drv_twi.o
    0x0003cc9c   0x0000004c   Code   RO         4099    i.twi_receive_byte  nrf_drv_twi.o
    0x0003cce8   0x000000a4   Code   RO         4100    i.twi_rx_start_transfer  nrf_drv_twi.o
    0x0003cd8c   0x00000048   Code   RO         4101    i.twi_send_byte     nrf_drv_twi.o
    0x0003cdd4   0x00000122   Code   RO         4102    i.twi_transfer      nrf_drv_twi.o
    0x0003cef6   0x000000aa   Code   RO         4103    i.twi_tx_start_transfer  nrf_drv_twi.o
    0x0003cfa0   0x000000b8   Code   RO         4104    i.twi_xfer          nrf_drv_twi.o
    0x0003d058   0x00000090   Code   RO         2695    i.tx_buffer_process  ble_ancs_c.o
    0x0003d0e8   0x00000038   Code   RO         3384    i.tx_byte           nrf_drv_uart.o
    0x0003d120   0x000000ec   Code   RO         2297    i.tx_char_add       ble_nus.o
    0x0003d20c   0x0000002c   Code   RO         3385    i.tx_done_event     nrf_drv_uart.o
    0x0003d238   0x00000036   Code   RO         1996    i.tx_power_level_encode  ble_advdata.o
    0x0003d26e   0x00000002   PAD
    0x0003d270   0x00000078   Code   RO           65    i.uart_event_handle  main.o
    0x0003d2e8   0x000000c0   Code   RO         2971    i.uart_event_handler  app_uart_fifo.o
    0x0003d3a8   0x00000058   Code   RO           66    i.uart_init         main.o
    0x0003d400   0x00000160   Code   RO         3386    i.uart_irq_handler  nrf_drv_uart.o
    0x0003d560   0x0000012c   Code   RO         3387    i.uarte_irq_handler  nrf_drv_uart.o
    0x0003d68c   0x0000000c   Code   RO         1997    i.uint16_encode     ble_advdata.o
    0x0003d698   0x00000018   Code   RO         2696    i.uint32_decode     ble_ancs_c.o
    0x0003d6b0   0x000000a8   Code   RO         1457    i.update_accelerometer_buffer  gc_util.o
    0x0003d758   0x00000008   Code   RO         3684    i.update_operation_execute  pstorage.o
    0x0003d760   0x00000014   Code   RO         2443    i.update_status_bit_reset  device_manager_peripheral.o
    0x0003d774   0x00000090   Code   RO         2202    i.update_timeout_handler  ble_conn_params.o
    0x0003d804   0x00000058   Code   RO         4972    i.user_id_get       app_timer.o
    0x0003d85c   0x00000030   Code   RO         4973    i.user_op_alloc     app_timer.o
    0x0003d88c   0x00000004   Code   RO         4974    i.user_op_enque     app_timer.o
    0x0003d890   0x0000004e   Code   RO         1998    i.uuid_list_encode  ble_advdata.o
    0x0003d8de   0x000000dc   Code   RO         1999    i.uuid_list_sized_encode  ble_advdata.o
    0x0003d9ba   0x00000012   Code   RO         2113    i.whitelist_has_entries  ble_advertising.o
    0x0003d9cc   0x00000040   Data   RO           68    .constdata          main.o
    0x0003da0c   0x00000080   Data   RO          760    .constdata          command.o
    0x0003da8c   0x00000da0   Data   RO         1031    .constdata          font.o
    0x0003e82c   0x00000004   Data   RO         1710    .constdata          gc_saadc.o
    0x0003e830   0x0000003c   Data   RO         1842    .constdata          bsp.o
    0x0003e86c   0x00000004   Data   RO         2204    .constdata          ble_conn_params.o
    0x0003e870   0x00000010   Data   RO         2298    .constdata          ble_nus.o
    0x0003e880   0x00000034   Data   RO         2445    .constdata          device_manager_peripheral.o
    0x0003e8b4   0x00000040   Data   RO         2698    .constdata          ble_ancs_c.o
    0x0003e8f4   0x00000020   Data   RO         2973    .constdata          app_uart_fifo.o
    0x0003e914   0x00000020   Data   RO         3389    .constdata          nrf_drv_uart.o
    0x0003e934   0x00000028   Data   RO         3686    .constdata          pstorage.o
    0x0003e95c   0x00000024   Data   RO         4106    .constdata          nrf_drv_twi.o
    0x0003e980   0x00000020   Data   RO         4286    .constdata          nrf_drv_spi.o
    0x0003e9a0   0x00000010   Data   RO         5741    .constdata          segger_rtt_printf.o
    0x0003e9b0   0x0000001c   Data   RO         6986    .constdata          spi_flash.o
    0x0003e9cc   0x000006fa   Data   RO         7245    .constdata          pah8002.o
    0x0003f0c6   0x00000002   PAD
    0x0003f0c8   0x0000001c   Data   RO         7548    .constdata          spi_pah8002.o
    0x0003f0e4   0x000001e0   Data   RO         8580    .constdata          pah8series_motion5_181_m4f_keil.lib(Hr_motion8002.o)
    0x0003f2c4   0x00000160   Data   RO         8860    .constdata          pah8series_motion5_181_m4f_keil.lib(filter8002_fixed.o)
    0x0003f424   0x00000404   Data   RO         8956    .constdata          pah8series_motion5_181_m4f_keil.lib(math_op.o)
    0x0003f828   0x00000030   Data   RO         9319    .constdata          m_wm.l(expf.o)
    0x0003f858   0x00000040   Data   RO         9333    .constdata          m_wm.l(log10f.o)
    0x0003f898   0x00000088   Data   RO         9347    .constdata          m_wm.l(pow.o)
    0x0003f920   0x00000140   Data   RO         9361    .constdata          m_wm.l(powf.o)
    0x0003fa60   0x00000008   Data   RO         9768    .constdata          m_wm.l(qnan.o)
    0x0003fa68   0x00000081   Data   RO         9802    .constdata          mc_w.l(ctype_o.o)
    0x0003fae9   0x00000003   PAD
    0x0003faec   0x00000004   Data   RO         9803    .constdata          mc_w.l(ctype_o.o)
    0x0003faf0   0x0000019a   Data   RO           69    .conststring        main.o
    0x0003fc8a   0x00000002   PAD
    0x0003fc8c   0x0000007f   Data   RO          761    .conststring        command.o
    0x0003fd0b   0x00000001   PAD
    0x0003fd0c   0x00000009   Data   RO         5661    .conststring        segger_rtt.o
    0x0003fd15   0x00000003   PAD
    0x0003fd18   0x00000020   Data   RO         9863    Region$$Table       anon$$obj.o


    Execution Region RW_IRAM1 (Base: 0x20002080, Size: 0x00008dd0, Max: 0x0000df80, ABSOLUTE, COMPRESSED[0x000000e0])

    Base Addr    Size         Type   Attr      Idx    E Section Name        Object

    0x20002080   0x0000010c   Data   RW           70    .data               main.o
    0x2000218c   0x00000008   Data   RW          762    .data               command.o
    0x20002194   0x0000000a   Data   RW         1136    .data               flash_control.o
    0x2000219e   0x00000002   PAD
    0x200021a0   0x0000013a   Data   RW         1274    .data               gc_activity.o
    0x200022da   0x00000002   PAD
    0x200022dc   0x0000003f   Data   RW         1391    .data               gc_protocol.o
    0x2000231b   0x00000001   Data   RW         1459    .data               gc_util.o
    0x2000231c   0x0000001d   Data   RW         1512    .data               display.o
    0x20002339   0x00000003   PAD
    0x2000233c   0x0000000d   Data   RW         1640    .data               gc_sleep.o
    0x20002349   0x00000001   PAD
    0x2000234a   0x00000008   Data   RW         1711    .data               gc_saadc.o
    0x20002352   0x00000002   PAD
    0x20002354   0x00000019   Data   RW         1843    .data               bsp.o
    0x2000236d   0x00000003   PAD
    0x20002370   0x00000008   Data   RW         1934    .data               bsp_btn_ble.o
    0x20002378   0x00000020   Data   RW         2115    .data               ble_advertising.o
    0x20002398   0x00000015   Data   RW         2205    .data               ble_conn_params.o
    0x200023ad   0x00000003   PAD
    0x200023b0   0x00000014   Data   RW         2446    .data               device_manager_peripheral.o
    0x200023c4   0x00000008   Data   RW         2699    .data               ble_ancs_c.o
    0x200023cc   0x0000000d   Data   RW         2858    .data               ble_db_discovery.o
    0x200023d9   0x00000003   PAD
    0x200023dc   0x00000006   Data   RW         2974    .data               app_uart_fifo.o
    0x200023e2   0x00000002   PAD
    0x200023e4   0x00000028   Data   RW         3687    .data               pstorage.o
    0x2000240c   0x00000009   Data   RW         4431    .data               nrf_drv_ppi.o
    0x20002415   0x00000003   PAD
    0x20002418   0x00000022   Data   RW         4975    .data               app_timer.o
    0x2000243a   0x00000002   PAD
    0x2000243c   0x00000008   Data   RW         5451    .data               retarget.o
    0x20002444   0x0000000e   Data   RW         5491    .data               app_scheduler.o
    0x20002452   0x00000002   PAD
    0x20002454   0x00000079   Data   RW         5662    .data               segger_rtt.o
    0x200024cd   0x00000003   PAD
    0x200024d0   0x00000018   Data   RW         5786    .data               softdevice_handler.o
    0x200024e8   0x00000005   Data   RW         6013    .data               bma2x2.o
    0x200024ed   0x00000001   Data   RW         6808    .data               oled.o
    0x200024ee   0x00000002   Data   RW         6897    .data               rtc.o
    0x200024f0   0x0000000a   Data   RW         6987    .data               spi_flash.o
    0x200024fa   0x00000002   PAD
    0x200024fc   0x00000038   Data   RW         7246    .data               pah8002.o
    0x20002534   0x0000000a   Data   RW         7426    .data               pah8002_comm_spi.o
    0x2000253e   0x00000002   PAD
    0x20002540   0x00000004   Data   RW         7617    .data               system_nrf52.o
    0x20002544   0x00000004   Data   RW         7716    .data               pah8series_motion5_181_m4f_keil.lib(pah8002_api.o)
    0x20002548   0x00000004   Data   RW         9406    .data               mc_w.l(strtok.o)
    0x2000254c   0x00000004   Data   RW         9829    .data               mc_w.l(mvars.o)
    0x20002550   0x00000004   Data   RW         9830    .data               mc_w.l(mvars.o)
    0x20002554   0x00000004   Data   RW         9834    .data               mc_w.l(errno.o)
    0x20002558   0x00000f00   Zero   RW           67    .bss                main.o
    0x20003458   0x00000044   Zero   RW          759    .bss                command.o
    0x2000349c   0x000002c4   Zero   RW         1273    .bss                gc_activity.o
    0x20003760   0x00000039   Zero   RW         1389    .bss                gc_protocol.o
    0x20003799   0x00000001   PAD
    0x2000379a   0x00000258   Zero   RW         1458    .bss                gc_util.o
    0x200039f2   0x00000002   PAD
    0x200039f4   0x0000006c   Zero   RW         1841    .bss                bsp.o
    0x20003a60   0x00000103   Zero   RW         2114    .bss                ble_advertising.o
    0x20003b63   0x00000001   PAD
    0x20003b64   0x0000003c   Zero   RW         2203    .bss                ble_conn_params.o
    0x20003ba0   0x00000133   Zero   RW         2444    .bss                device_manager_peripheral.o
    0x20003cd3   0x00000001   PAD
    0x20003cd4   0x00000120   Zero   RW         2697    .bss                ble_ancs_c.o
    0x20003df4   0x000001f8   Zero   RW         2857    .bss                ble_db_discovery.o
    0x20003fec   0x00000020   Zero   RW         2972    .bss                app_uart_fifo.o
    0x2000400c   0x00000058   Zero   RW         3140    .bss                nrf_drv_gpiote.o
    0x20004064   0x00000020   Zero   RW         3388    .bss                nrf_drv_uart.o
    0x20004084   0x000000d8   Zero   RW         3685    .bss                pstorage.o
    0x2000415c   0x00000038   Zero   RW         4105    .bss                nrf_drv_twi.o
    0x20004194   0x00000040   Zero   RW         4285    .bss                nrf_drv_spi.o
    0x200041d4   0x0000002c   Zero   RW         4589    .bss                nrf_drv_saadc.o
    0x20004200   0x00000058   Zero   RW         5242    .bss                fstorage.o
    0x20004258   0x00000410   Zero   RW         5660    .bss                segger_rtt.o
    0x20004668   0x0000000c   Zero   RW         5785    .bss                softdevice_handler.o
    0x20004674   0x00000018   Zero   RW         6742    .bss                bma2x2_support.o
    0x2000468c   0x0000001a   Zero   RW         7140    .bss                an520.o
    0x200046a6   0x00000002   PAD
    0x200046a8   0x00000124   Zero   RW         7244    .bss                pah8002.o
    0x200047cc   0x00000280   Zero   RW         7425    .bss                pah8002_comm_spi.o
    0x20004a4c   0x00000004   PAD
    0x20004a50   0x00004400   Zero   RW         7598    HEAP                arm_startup_nrf52.o
    0x20008e50   0x00002000   Zero   RW         7597    STACK               arm_startup_nrf52.o


==============================================================================

Image component sizes


      Code (inc. data)   RO Data    RW Data    ZI Data      Debug   Object Name

      1334        206          0          0         26       5803   an520.o
        28          0          0          0          0       2109   app_error.o
       104         10          0          0          0        822   app_error_weak.o
       180          0          0          0          0       5471   app_fifo.o
        92         26          0         14          0       2349   app_scheduler.o
      2450        278          0         34          0      58807   app_timer.o
       570         78         32          6         32       7523   app_uart_fifo.o
       200         24          0          0          0       9582   app_util_platform.o
        36          8       1024          0      25600        868   arm_startup_nrf52.o
      2136          0          0          0          0      22980   ble_advdata.o
      1576        156          0         32        259      10143   ble_advertising.o
      1712         50         64          8        288      24468   ble_ancs_c.o
       734        126          4         21         60      18687   ble_conn_params.o
      2082        122          0         13        504      16295   ble_db_discovery.o
       940          4         16          0          0       6962   ble_nus.o
      2252        106          0          5          0      10609   bma2x2.o
       480        152          0          0         24       3739   bma2x2_support.o
      1780        106         60         25        108       5569   bsp.o
       288         10          0          8          0       3313   bsp_btn_ble.o
      3018        968        255          8         68      59356   command.o
      4840        290         52         20        307      31052   device_manager_peripheral.o
      6916        552          0         29          0      13549   display.o
      2220        492          0         10          0      18807   flash_control.o
      3940        610       3488          0          0      18587   font.o
        24          6          0          0         88       3044   fstorage.o
      9272       1088          0        314        708      22406   gc_activity.o
       312        162          0          0          0       2266   gc_ble_notification.o
      4432        582          0         63         57      38227   gc_protocol.o
      1662        154          4          8          0      21828   gc_saadc.o
       710        100          0         13          0       7591   gc_sleep.o
       144          4          0          0          0       1173   gc_time.o
       196         26          0          1        600      36954   gc_util.o
      8590       2124        474        268       3840     245108   main.o
       144          0          0          0          0       1623   nrf_delay.o
        96         12          0          0          0      28803   nrf_drv_common.o
      1642        154          0          0         88      28310   nrf_drv_gpiote.o
       500         44          0          9          0      13862   nrf_drv_ppi.o
       896         48          0          0         44      14522   nrf_drv_saadc.o
      1140         60         32          0         64      22571   nrf_drv_spi.o
      1910         58         36          0         56      29652   nrf_drv_twi.o
      2532        184         32          0         32      67136   nrf_drv_uart.o
        64          0          0          0          0       1349   nrf_log.o
       104          6          0          0          0       6141   nrf_saadc.o
       604        124          0          1          0       8557   oled.o
      2144        222       1786         56        292      17833   pah8002.o
       442         96          0         10        640       7101   pah8002_comm_spi.o
         0          0          0          0          0        564   print.o
      4248        436         40         40        216      44210   pstorage.o
        16          0          0          8          0       2606   retarget.o
       534        168          0          2          0       4231   rtc.o
       370          4          9        121       1040       2595   segger_rtt.o
      1076          4         16          0          0       5817   segger_rtt_printf.o
       688         84          0         24         12      39101   softdevice_handler.o
       840        326         28         10          0       8407   spi_flash.o
       456        160         28          0          0       6603   spi_pah8002.o
      1016        104          0          4          0      32126   system_nrf52.o

    ----------------------------------------------------------------------
     86812      10914       7520       1220      35064    1129767   Object Totals
         0          0         32          0          0          0   (incl. Generated)
       100          0          8         35         11          0   (incl. Padding)

    ----------------------------------------------------------------------

      Code (inc. data)   RO Data    RW Data    ZI Data      Debug   Library Member Name

       164         44          0          0          0        620   dunder.o
       488         62         48          0          0        236   expf.o
        24          0          0          0          0        124   fabs.o
        48          0          0          0          0        124   fpclassify.o
        38          0          0          0          0        116   fpclassifyf.o
        80         24          0          0          0        696   funder.o
       384         52         64          0          0        140   log10f.o
       248          0          0          0          0        152   poly.o
      3152        296        136          0          0        352   pow.o
      1636        110        320          0          0        372   powf.o
         0          0          8          0          0          0   qnan.o
       110          0          0          0          0        148   sqrt.o
        58          0          0          0          0        136   sqrtf.o
        86          0          0          0          0          0   __dczerorl2.o
        28          0          0          0          0         68   _chval.o
       158          0          0          0          0         92   _strtoul.o
        26          0          0          0          0         80   atoi.o
         8          4        133          0          0         68   ctype_o.o
         0          0          0          0          0          0   entry.o
         0          0          0          0          0          0   entry10a.o
         0          0          0          0          0          0   entry11a.o
         8          4          0          0          0          0   entry2.o
         4          0          0          0          0          0   entry5.o
         0          0          0          0          0          0   entry7b.o
         0          0          0          0          0          0   entry8b.o
         8          4          0          0          0          0   entry9a.o
        20         10          0          4          0        136   errno.o
        30          0          0          0          0          0   handlers.o
        36          8          0          0          0         68   init.o
         0          0          0          0          0          0   iusefp.o
        98          0          0          0          0         84   ldiv.o
        30          0          0          0          0         68   llshl.o
        36          0          0          0          0         68   llsshr.o
        32          0          0          0          0         68   llushr.o
       188         20          0          0          0        160   malloc.o
        26          0          0          0          0         80   memcmp.o
        36          0          0          0          0         68   memcpya.o
        36          0          0          0          0        108   memseta.o
         0          0          0          8          0          0   mvars.o
      2276         96          0          0          0        596   printfa.o
        28          0          0          0          0         76   strcmp.o
        14          0          0          0          0         68   strlen.o
        68          6          0          4          0         80   strtok.o
       112          0          0          0          0         88   strtol.o
       114          0          0          0          0         92   strtoul.o
        44          0          0          0          0         80   uidiv.o
        98          0          0          0          0         92   uldiv.o
        48          0          0          0          0         68   cdcmple.o
        48          0          0          0          0         68   cdrcmple.o
        56          0          0          0          0         88   d2f.o
       334          0          0          0          0        148   dadd.o
       222          0          0          0          0        100   ddiv.o
       186          0          0          0          0        176   depilogue.o
        62          0          0          0          0         80   dfixi.o
        50          0          0          0          0         76   dfixui.o
        48          0          0          0          0         68   dfixul.o
        34          0          0          0          0         76   dflti.o
        26          0          0          0          0         76   dfltui.o
       228          0          0          0          0         96   dmul.o
        46          0          0          0          0         80   dscalb.o
       162          0          0          0          0        100   dsqrt.o
        38          0          0          0          0         68   f2d.o
       110          0          0          0          0        168   fepilogue.o
        44          0          0          0          0         92   ffltl.o
         4          0          0          0          0         68   fpstat.o
      7354         52        480          0          0      36698   Hr_motion8002.o
       420          0          0          0          0      28828   api_set.o
      7830         50          0          0          0      17835   cal_hr.o
      1160         50        352          0          0      12843   filter8002_fixed.o
      6336         38          0          0          0      18462   harmonic_grp_tracking.o
       558         22       1028          0          0       3708   math_op.o
       260         26          0          4          0      33006   pah8002_api.o
      1052         48          0          0          0      14720   pah8series_hr.o
     10286         70          0          0          0      29684   peak_search.o
      2698         30          0          0          0       5947   signal_grade.o

    ----------------------------------------------------------------------
     49840       1126       2572         20          0     209031   Library Totals
        62          0          3          0          0          0   (incl. Padding)

    ----------------------------------------------------------------------

      Code (inc. data)   RO Data    RW Data    ZI Data      Debug   Library Name

      6430        588        576          0          0       3216   m_wm.l
      3648        152        133         16          0       2388   mc_w.l
      1746          0          0          0          0       1696   mf_w.l
     37954        386       1860          4          0     201731   pah8series_motion5_181_m4f_keil.lib

    ----------------------------------------------------------------------
     49840       1126       2572         20          0     209031   Library Totals

    ----------------------------------------------------------------------

==============================================================================


      Code (inc. data)   RO Data    RW Data    ZI Data      Debug   

    136652      12040      10092       1240      35064    1255694   Grand Totals
    136652      12040      10092        224      35064    1255694   ELF Image Totals (compressed)
    136652      12040      10092        224          0          0   ROM Totals

==============================================================================

    Total RO  Size (Code + RO Data)               146744 ( 143.30kB)
    Total RW  Size (RW Data + ZI Data)             36304 (  35.45kB)
    Total ROM Size (Code + RO Data + RW Data)     146968 ( 143.52kB)

==============================================================================

