Component: ARM Compiler 5.06 update 1 (build 61) Tool: armlink [4d35a8]

==============================================================================

Section Cross References

    main.o(i.BLE_send_ADC) refers to main.o(i.ble_send) for ble_send
    main.o(i.BLE_send_ADC) refers to gc_protocol.o(.data) for m_ble_status
    main.o(i.BLE_send_ADC) refers to main.o(.data) for ble_100ms_count
    main.o(i.BLE_send_ADC) refers to main.o(.bss) for send_raw_bf
    main.o(i.BLE_send_ADC) refers to gc_saadc.o(.data) for gc_saadc
    main.o(i.BLE_send_ADC) refers to gc_activity.o(.data) for g_hr
    main.o(i.BLE_send_rawdata) refers to main.o(i.ble_send) for ble_send
    main.o(i.BLE_send_rawdata) refers to gc_protocol.o(.data) for m_ble_status
    main.o(i.BLE_send_rawdata) refers to main.o(.data) for __count
    main.o(i.BLE_send_rawdata) refers to main.o(.bss) for send_raw_bf
    main.o(i.BLE_send_rawdata) refers to gc_activity.o(.data) for g_hr
    main.o(i.BLE_send_rawdata_test) refers to main.o(i.ble_send) for ble_send
    main.o(i.BLE_send_rawdata_test) refers to gc_protocol.o(.data) for m_ble_status
    main.o(i.BLE_send_rawdata_test) refers to main.o(.data) for ble_100ms_count
    main.o(i.BLE_send_rawdata_test) refers to main.o(.bss) for send_raw_bf
    main.o(i.BLE_send_rawdata_test) refers to gc_activity.o(.data) for g_hr
    main.o(i.__cmd_nus_ble_send) refers to ble_nus.o(i.ble_nus_string_send) for ble_nus_string_send
    main.o(i.__cmd_nus_ble_send) refers to main.o(.bss) for m_nus
    main.o(i.accelerator_sensor_init) refers to main.o(i.nrf_gpio_cfg_input) for nrf_gpio_cfg_input
    main.o(i.accelerator_sensor_init) refers to nrf_drv_gpiote.o(i.nrf_drv_gpiote_in_init) for nrf_drv_gpiote_in_init
    main.o(i.accelerator_sensor_init) refers to printfa.o(i.__0printf) for __2printf
    main.o(i.accelerator_sensor_init) refers to nrf_drv_gpiote.o(i.nrf_drv_gpiote_in_event_enable) for nrf_drv_gpiote_in_event_enable
    main.o(i.accelerator_sensor_init) refers to bma2x2_support.o(i.bma2x2_data_readout_template) for bma2x2_data_readout_template
    main.o(i.accelerator_sensor_init) refers to main.o(.constdata) for .constdata
    main.o(i.accelerator_sensor_init) refers to main.o(i.gpiote_acc_intr_handler) for gpiote_acc_intr_handler
    main.o(i.advertising_init) refers to memseta.o(.text) for __aeabi_memclr4
    main.o(i.advertising_init) refers to ble_advertising.o(i.ble_advertising_init) for ble_advertising_init
    main.o(i.advertising_init) refers to app_error.o(i.app_error_handler_bare) for app_error_handler_bare
    main.o(i.advertising_init) refers to main.o(.constdata) for .constdata
    main.o(i.advertising_init) refers to main.o(.bss) for m_ancs_c
    main.o(i.advertising_init) refers to main.o(i.on_adv_evt) for on_adv_evt
    main.o(i.advertising_init) refers to main.o(.data) for m_ble_addr
    main.o(i.advertising_stop) refers to app_error.o(i.app_error_handler_bare) for app_error_handler_bare
    main.o(i.advertising_stop) refers to bsp.o(i.bsp_indication_set) for bsp_indication_set
    main.o(i.apple_notification_error_handler) refers to printfa.o(i.__0printf) for __2printf
    main.o(i.apple_notification_setup) refers to nrf_delay.o(i.nrf_delay_ms) for nrf_delay_ms
    main.o(i.apple_notification_setup) refers to ble_ancs_c.o(i.ble_ancs_c_notif_source_notif_enable) for ble_ancs_c_notif_source_notif_enable
    main.o(i.apple_notification_setup) refers to app_error.o(i.app_error_handler_bare) for app_error_handler_bare
    main.o(i.apple_notification_setup) refers to ble_ancs_c.o(i.ble_ancs_c_data_source_notif_enable) for ble_ancs_c_data_source_notif_enable
    main.o(i.apple_notification_setup) refers to nrf_log.o(i.log_uart_write_string_many) for log_uart_write_string_many
    main.o(i.apple_notification_setup) refers to main.o(.bss) for m_ancs_c
    main.o(i.application_timers_start) refers to app_timer.o(i.app_timer_start) for app_timer_start
    main.o(i.application_timers_start) refers to app_error.o(i.app_error_handler_bare) for app_error_handler_bare
    main.o(i.application_timers_start) refers to main.o(.constdata) for m_shell_timer_id
    main.o(i.ble_evt_dispatch) refers to segger_rtt_printf.o(i.SEGGER_RTT_printf) for SEGGER_RTT_printf
    main.o(i.ble_evt_dispatch) refers to device_manager_peripheral.o(i.dm_ble_evt_handler) for dm_ble_evt_handler
    main.o(i.ble_evt_dispatch) refers to ble_db_discovery.o(i.ble_db_discovery_on_ble_evt) for ble_db_discovery_on_ble_evt
    main.o(i.ble_evt_dispatch) refers to ble_ancs_c.o(i.ble_ancs_c_on_ble_evt) for ble_ancs_c_on_ble_evt
    main.o(i.ble_evt_dispatch) refers to ble_nus.o(i.ble_nus_on_ble_evt) for ble_nus_on_ble_evt
    main.o(i.ble_evt_dispatch) refers to ble_conn_params.o(i.ble_conn_params_on_ble_evt) for ble_conn_params_on_ble_evt
    main.o(i.ble_evt_dispatch) refers to bsp_btn_ble.o(i.bsp_btn_ble_on_ble_evt) for bsp_btn_ble_on_ble_evt
    main.o(i.ble_evt_dispatch) refers to main.o(i.on_ble_evt) for on_ble_evt
[...]
    0x000233d4   0x00000018   Code   RO         8772    i.HR_Init_IIR_LP_Filter  pah8series_motion5_181_m4f_keil.lib(filter8002_fixed.o)
    0x000233ec   0x00000030   Code   RO         8773    i.HR_Init_Med_Filter  pah8series_motion5_181_m4f_keil.lib(filter8002_fixed.o)
    0x0002341c   0x00000014   Code   RO         8774    i.HR_Init_Smooth_Pred_Process  pah8series_motion5_181_m4f_keil.lib(filter8002_fixed.o)
    0x00023430   0x00000294   Code   RO         8498    i.HR_MULTI_CH_FFT_Peak_Find_Process  pah8series_motion5_181_m4f_keil.lib(Hr_motion8002.o)
    0x000236c4   0x000000c4   Code   RO         8775    i.HR_Med_Filter_Process  pah8series_motion5_181_m4f_keil.lib(filter8002_fixed.o)
    0x00023788   0x0000006c   Code   RO         8776    i.HR_Smooth_Pred_Process  pah8series_motion5_181_m4f_keil.lib(filter8002_fixed.o)
    0x000237f4   0x000000b8   Code   RO         8499    i.HR_Timing_Adjust_Process  pah8series_motion5_181_m4f_keil.lib(Hr_motion8002.o)
    0x000238ac   0x000000c8   Code   RO         9102    i.Handle_Force_Hr_Out_in10s  pah8series_motion5_181_m4f_keil.lib(signal_grade.o)
    0x00023974   0x00000148   Code   RO         8932    i.High_Quality_Hr_Jump  pah8series_motion5_181_m4f_keil.lib(peak_search.o)
    0x00023abc   0x00000028   Code   RO         6673    i.I2C_routine       bma2x2_support.o
    0x00023ae4   0x00000018   Code   RO         8500    i.Init_8011_Par     pah8series_motion5_181_m4f_keil.lib(Hr_motion8002.o)
    0x00023afc   0x00000038   Code   RO         6735    i.Init_OLED_PORT    oled.o
    0x00023b34   0x00000032   Code   RO         8933    i.Is_Motion_Peak    pah8series_motion5_181_m4f_keil.lib(peak_search.o)
    0x00023b66   0x00000028   Code   RO         8934    i.Is_n_Peak         pah8series_motion5_181_m4f_keil.lib(peak_search.o)
    0x00023b8e   0x00000028   Code   RO         8935    i.Is_p_Peak         pah8series_motion5_181_m4f_keil.lib(peak_search.o)
    0x00023bb6   0x00000002   PAD
    0x00023bb8   0x0000022c   Code   RO         8936    i.Judge_If_Walk     pah8series_motion5_181_m4f_keil.lib(peak_search.o)
    0x00023de4   0x00000038   Code   RO         8937    i.Judge_Motion      pah8series_motion5_181_m4f_keil.lib(peak_search.o)
    0x00023e1c   0x00000188   Code   RO         8938    i.Judge_Up_Dn_Smooth_Rms_Gs  pah8series_motion5_181_m4f_keil.lib(peak_search.o)
    0x00023fa4   0x000003d0   Code   RO         8939    i.LWPS              pah8series_motion5_181_m4f_keil.lib(peak_search.o)
    0x00024374   0x000001b8   Code   RO         8940    i.Local_First_Peak_Alive_Tracking  pah8series_motion5_181_m4f_keil.lib(peak_search.o)
    0x0002452c   0x0000026e   Code   RO         9143    i.Local_Peak_Dy_Hr_Model_Chk  pah8series_motion5_181_m4f_keil.lib(harmonic_grp_tracking.o)
    0x0002479a   0x00000002   PAD
    0x0002479c   0x0000010a   Code   RO         8941    i.Local_Peak_Search  pah8series_motion5_181_m4f_keil.lib(peak_search.o)
    0x000248a6   0x0000013a   Code   RO         8685    i.Log_Double_Harmonic_Confirm_Frm  pah8series_motion5_181_m4f_keil.lib(cal_hr.o)
    0x000249e0   0x00000080   Code   RO         8501    i.Mass_Exercise_Detect  pah8series_motion5_181_m4f_keil.lib(Hr_motion8002.o)
    0x00024a60   0x0000016c   Code   RO         8942    i.Motion_Idx_Tracking  pah8series_motion5_181_m4f_keil.lib(peak_search.o)
    0x00024bcc   0x00000018   Code   RO         4872    i.NVIC_ClearPendingIRQ  app_timer.o
    0x00024be4   0x00000016   Code   RO         4873    i.NVIC_EnableIRQ    app_timer.o
    0x00024bfa   0x00000002   PAD
    0x00024bfc   0x00000018   Code   RO         4874    i.NVIC_SetPendingIRQ  app_timer.o
    0x00024c14   0x00000028   Code   RO         4875    i.NVIC_SetPriority  app_timer.o
    0x00024c3c   0x00000040   Code   RO          730    i.NVIC_SystemReset  command.o
    0x00024c7c   0x00000064   Code   RO         9145    i.Near_Motion_Flag_Release  pah8series_motion5_181_m4f_keil.lib(harmonic_grp_tracking.o)
    0x00024ce0   0x00000260   Code   RO         8943    i.Non_Motion_First_Peak_Alive_Tracking  pah8series_motion5_181_m4f_keil.lib(peak_search.o)
    0x00024f40   0x00000028   Code   RO         6736    i.OLED_Clear        oled.o
    0x00024f68   0x00000038   Code   RO         6737    i.OLED_Clear_Line   oled.o
    0x00024fa0   0x000000cc   Code   RO         6738    i.OLED_Power        oled.o
    0x0002506c   0x00000068   Code   RO         6739    i.OLED_Write_Command  oled.o
    0x000250d4   0x00000068   Code   RO         6740    i.OLED_Write_Data   oled.o
    0x0002513c   0x00000158   Code   RO         1428    i.OLED_act          display.o
    0x00025294   0x00000148   Code   RO         1429    i.OLED_act_info     display.o
    0x000253dc   0x00000058   Code   RO         1000    i.OLED_blank        font.o
    0x00025434   0x0000004a   Code   RO         1430    i.OLED_call         display.o
    0x0002547e   0x00000002   PAD
    0x00025480   0x000000e4   Code   RO         1431    i.OLED_calorie      display.o
    0x00025564   0x0000006a   Code   RO         1432    i.OLED_charge       display.o
    0x000255ce   0x0000006a   Code   RO         1433    i.OLED_charge2      display.o
    0x00025638   0x00000254   Code   RO         1434    i.OLED_clock        display.o
    0x0002588c   0x00000158   Code   RO         1435    i.OLED_coach        display.o
    0x000259e4   0x000009b8   Code   RO         1436    i.OLED_display      display.o
    0x0002639c   0x00000158   Code   RO         1437    i.OLED_hr           display.o
    0x000264f4   0x0000042a   Code   RO         1438    i.OLED_info         display.o
    0x0002691e   0x00000002   PAD
    0x00026920   0x00000110   Code   RO         1439    i.OLED_sleep        display.o
    0x00026a30   0x0000009a   Code   RO         1440    i.OLED_sms          display.o
    0x00026aca   0x00000002   PAD
    0x00026acc   0x000000dc   Code   RO         1441    i.OLED_step         display.o
    0x00026ba8   0x000000da   Code   RO         1442    i.OLED_stress       display.o
    0x00026c82   0x00000002   PAD
    0x00026c84   0x0000008c   Code   RO         8502    i.PPG_Diff_Nromalize1  pah8series_motion5_181_m4f_keil.lib(Hr_motion8002.o)
    0x00026d10   0x000000b0   Code   RO         8503    i.PPG_Nromalize1    pah8series_motion5_181_m4f_keil.lib(Hr_motion8002.o)
    0x00026dc0   0x000001b4   Code   RO         8686    i.Peak_Idx_Mask     pah8series_motion5_181_m4f_keil.lib(cal_hr.o)
    0x00026f74   0x00000120   Code   RO         8944    i.Peak_Search       pah8series_motion5_181_m4f_keil.lib(peak_search.o)
    0x00027094   0x0000017c   Code   RO         9146    i.Post_Grp_Tracking_Chk  pah8series_motion5_181_m4f_keil.lib(harmonic_grp_tracking.o)
    0x00027210   0x0000045c   Code   RO         9147    i.Post_Hr_Check     pah8series_motion5_181_m4f_keil.lib(harmonic_grp_tracking.o)
    0x0002766c   0x000001a4   Code   RO         8687    i.Post_Hr_Idx_process  pah8series_motion5_181_m4f_keil.lib(cal_hr.o)
    0x00027810   0x000000e2   Code   RO         8504    i.Post_Pred_Check   pah8series_motion5_181_m4f_keil.lib(Hr_motion8002.o)
    0x000278f2   0x00000002   PAD
    0x000278f4   0x00000034   Code   RO         4876    i.RTC1_IRQHandler   app_timer.o
    0x00027928   0x000000e6   Code   RO         8505    i.Record_Rest_Hr_St_Info  pah8series_motion5_181_m4f_keil.lib(Hr_motion8002.o)
    0x00027a0e   0x00000058   Code   RO         9103    i.Retry_Try_Signal_grade  pah8series_motion5_181_m4f_keil.lib(signal_grade.o)
    0x00027a66   0x00000002   PAD
    0x00027a68   0x00000210   Code   RO         4504    i.SAADC_IRQHandler  nrf_drv_saadc.o
    0x00027c78   0x00000170   Code   RO         5590    i.SEGGER_RTT_Write  segger_rtt.o
    0x00027de8   0x0000001a   Code   RO         5670    i.SEGGER_RTT_printf  segger_rtt_printf.o
    0x00027e02   0x000001f8   Code   RO         5671    i.SEGGER_RTT_vprintf  segger_rtt_printf.o
    0x00027ffa   0x00000002   PAD
    0x00027ffc   0x00000014   Code   RO         4011    i.SPIM0_SPIS0_TWIM0_TWIS0_SPI0_TWI0_IRQHandler  nrf_drv_twi.o
    0x00028010   0x00000014   Code   RO         4198    i.SPIM1_SPIS1_TWIM1_TWIS1_SPI1_TWI1_IRQHandler  nrf_drv_spi.o
    0x00028024   0x00000018   Code   RO         4199    i.SPIM2_SPIS2_SPI2_IRQHandler  nrf_drv_spi.o
    0x0002803c   0x00000038   Code   RO         6897    i.SPI_FLASH_BufferRead  spi_flash.o
    0x00028074   0x00000030   Code   RO         6900    i.SPI_FLASH_PageWrite  spi_flash.o
    0x000280a4   0x0000002c   Code   RO         6904    i.SPI_FLASH_SectorErase  spi_flash.o
    0x000280d0   0x00000022   Code   RO         6909    i.SPI_FLASH_WriteEnable  spi_flash.o
    0x000280f2   0x00000018   Code   RO         8881    i.SQRT_c51          pah8series_motion5_181_m4f_keil.lib(math_op.o)
    0x0002810a   0x00000008   Code   RO         4877    i.SWI0_EGU0_IRQHandler  app_timer.o
    0x00028112   0x00000002   PAD
    0x00028114   0x00000030   Code   RO         5707    i.SWI2_EGU2_IRQHandler  softdevice_handler.o
    0x00028144   0x000000bc   Code   RO         8945    i.Search_Non_Mask_Candi  pah8series_motion5_181_m4f_keil.lib(peak_search.o)
    0x00028200   0x0000008e   Code   RO         8947    i.Sort_Harmonic_Candi  pah8series_motion5_181_m4f_keil.lib(peak_search.o)
    0x0002828e   0x00000002   PAD
    0x00028290   0x0000021a   Code   RO         8506    i.Split_Motion_Peak  pah8series_motion5_181_m4f_keil.lib(Hr_motion8002.o)
    0x000284aa   0x00000002   PAD
    0x000284ac   0x00000448   Code   RO         8948    i.Static_Half_Hr_Check  pah8series_motion5_181_m4f_keil.lib(peak_search.o)
    0x000288f4   0x00000010   Code   RO         7536    i.SystemCoreClockUpdate  system_nrf52.o
    0x00028904   0x00000250   Code   RO         7537    i.SystemInit        system_nrf52.o
    0x00028b54   0x0000020c   Code   RO         8688    i.Time_Domain_Confirm_HR  pah8series_motion5_181_m4f_keil.lib(cal_hr.o)
    0x00028d60   0x00000018   Code   RO         3275    i.UARTE0_UART0_IRQHandler  nrf_drv_uart.o
    0x00028d78   0x00000016   Code   RO         8507    i.Valid_1ch_Check   pah8series_motion5_181_m4f_keil.lib(Hr_motion8002.o)
    0x00028d8e   0x00000002   Code   RO         5592    i._Init             segger_rtt.o
    0x00028d90   0x000000ea   Code   RO         5672    i._PrintInt         segger_rtt_printf.o
    0x00028e7a   0x00000002   PAD
    0x00028e7c   0x000000f4   Code   RO         5673    i._PrintUnsigned    segger_rtt_printf.o
    0x00028f70   0x00000044   Code   RO         5674    i._StoreChar        segger_rtt_printf.o
    0x00028fb4   0x00000020   Code   RO         9586    i.__0printf         mc_w.l(printfa.o)
    0x00028fd4   0x00000028   Code   RO         9588    i.__0sprintf        mc_w.l(printfa.o)
    0x00028ffc   0x00000030   Code   RO         9684    i.__ARM_fpclassify  m_wm.l(fpclassify.o)
    0x0002902c   0x00000026   Code   RO         9686    i.__ARM_fpclassifyf  m_wm.l(fpclassifyf.o)
    0x00029052   0x00000002   PAD
    0x00029054   0x00000008   Code   RO         9755    i.__aeabi_errno_addr  mc_w.l(errno.o)
    0x0002905c   0x000001e8   Code   RO         9244    i.__hardfp_expf     m_wm.l(expf.o)
    0x00029244   0x00000180   Code   RO         9258    i.__hardfp_log10f   m_wm.l(log10f.o)
    0x000293c4   0x00000004   PAD
    0x000293c8   0x00000c50   Code   RO         9272    i.__hardfp_pow      m_wm.l(pow.o)
    0x0002a018   0x00000664   Code   RO         9286    i.__hardfp_powf     m_wm.l(powf.o)
    0x0002a67c   0x0000007a   Code   RO         9300    i.__hardfp_sqrt     m_wm.l(sqrt.o)
    0x0002a6f6   0x0000003a   Code   RO         9312    i.__hardfp_sqrtf    m_wm.l(sqrtf.o)
    0x0002a730   0x000000f8   Code   RO         9702    i.__kernel_poly     m_wm.l(poly.o)
    0x0002a828   0x00000030   Code   RO         9664    i.__mathlib_dbl_divzero  m_wm.l(dunder.o)
    0x0002a858   0x00000014   Code   RO         9666    i.__mathlib_dbl_infnan2  m_wm.l(dunder.o)
    0x0002a86c   0x00000004   PAD
    0x0002a870   0x00000020   Code   RO         9667    i.__mathlib_dbl_invalid  m_wm.l(dunder.o)
    0x0002a890   0x00000020   Code   RO         9668    i.__mathlib_dbl_overflow  m_wm.l(dunder.o)
    0x0002a8b0   0x00000020   Code   RO         9670    i.__mathlib_dbl_underflow  m_wm.l(dunder.o)
    0x0002a8d0   0x00000014   Code   RO         9688    i.__mathlib_flt_divzero  m_wm.l(funder.o)
    0x0002a8e4   0x00000006   Code   RO         9689    i.__mathlib_flt_infnan  m_wm.l(funder.o)
    0x0002a8ea   0x00000006   Code   RO         9690    i.__mathlib_flt_infnan2  m_wm.l(funder.o)
    0x0002a8f0   0x00000010   Code   RO         9691    i.__mathlib_flt_invalid  m_wm.l(funder.o)
    0x0002a900   0x00000010   Code   RO         9692    i.__mathlib_flt_overflow  m_wm.l(funder.o)
    0x0002a910   0x00000010   Code   RO         9694    i.__mathlib_flt_underflow  m_wm.l(funder.o)
    0x0002a920   0x0000000e   Code   RO         9791    i.__scatterload_copy  mc_w.l(handlers.o)
    0x0002a92e   0x00000002   Code   RO         9792    i.__scatterload_null  mc_w.l(handlers.o)
    0x0002a930   0x0000000e   Code   RO         9793    i.__scatterload_zeroinit  mc_w.l(handlers.o)
    0x0002a93e   0x0000000c   Code   RO         5099    i.__sd_nvic_irq_disable  app_util_platform.o
    0x0002a94a   0x00000002   PAD
    0x0002a94c   0x0000000c   Code   RO         9757    i.__set_errno       mc_w.l(errno.o)
    0x0002a958   0x00000164   Code   RO         9593    i._fp_digits        mc_w.l(printfa.o)
    0x0002aabc   0x000000cc   Code   RO         7152    i._pah8002_task     pah8002.o
    0x0002ab88   0x0000007e   Code   RO         7838    i._pah8series_hr_entrance_check  pah8series_motion5_181_m4f_keil.lib(pah8series_hr.o)
    0x0002ac06   0x00000016   Code   RO         7839    i._pah8series_hr_reset  pah8series_motion5_181_m4f_keil.lib(pah8series_hr.o)
    0x0002ac1c   0x000006dc   Code   RO         9594    i._printf_core      mc_w.l(printfa.o)
    0x0002b2f8   0x00000024   Code   RO         9595    i._printf_post_padding  mc_w.l(printfa.o)
    0x0002b31c   0x0000002e   Code   RO         9596    i._printf_pre_padding  mc_w.l(printfa.o)
    0x0002b34a   0x00000018   Code   RO         7341    i._read_reg         pah8002_comm_spi.o
    0x0002b362   0x00000002   PAD
    0x0002b364   0x0000003c   Code   RO         7342    i._set_bank         pah8002_comm_spi.o
    0x0002b3a0   0x0000000a   Code   RO         9598    i._sputc            mc_w.l(printfa.o)
    0x0002b3aa   0x00000014   Code   RO         7343    i._write_reg        pah8002_comm_spi.o
    0x0002b3be   0x00000002   PAD
    0x0002b3c0   0x000000e0   Code   RO            9    i.accelerator_sensor_init  main.o
    0x0002b4a0   0x0000001c   Code   RO         1390    i.accelerometer_get_fifo  gc_util.o
    0x0002b4bc   0x00000108   Code   RO         1199    i.activity_intensity  gc_activity.o
    0x0002b5c4   0x000001c6   Code   RO         1915    i.adv_data_encode   ble_advdata.o
    0x0002b78a   0x00000012   Code   RO         1916    i.advdata_check     ble_advdata.o
    0x0002b79c   0x00000054   Code   RO         1862    i.advertising_buttons_configure  bsp_btn_ble.o
    0x0002b7f0   0x000000c8   Code   RO           10    i.advertising_init  main.o
    0x0002b8b8   0x00000034   Code   RO           11    i.advertising_stop  main.o
    0x0002b8ec   0x00000068   Code   RO         4764    i.app_error_fault_handler  app_error_weak.o
    0x0002b954   0x0000001c   Code   RO         4724    i.app_error_handler_bare  app_error.o
    0x0002b970   0x00000020   Code   RO         2333    i.app_evt_notify    device_manager_peripheral.o
    0x0002b990   0x0000000a   Code   RO         4791    i.app_fifo_flush    app_fifo.o
    0x0002b99a   0x0000001e   Code   RO         4792    i.app_fifo_get      app_fifo.o
    0x0002b9b8   0x00000024   Code   RO         4793    i.app_fifo_init     app_fifo.o
    0x0002b9dc   0x00000022   Code   RO         4795    i.app_fifo_put      app_fifo.o
    0x0002b9fe   0x00000002   PAD
    0x0002ba00   0x00000030   Code   RO         3561    i.app_notify        pstorage.o
    0x0002ba30   0x00000028   Code   RO         3562    i.app_notify_error_state_transit  pstorage.o
    0x0002ba58   0x0000005c   Code   RO         5423    i.app_sched_init    app_scheduler.o
    0x0002bab4   0x0000003c   Code   RO         4880    i.app_timer_create  app_timer.o
    0x0002baf0   0x000000b8   Code   RO         4881    i.app_timer_init    app_timer.o
    0x0002bba8   0x00000058   Code   RO         4882    i.app_timer_start   app_timer.o
    0x0002bc00   0x00000034   Code   RO         4883    i.app_timer_stop    app_timer.o
    0x0002bc34   0x00000034   Code   RO         2900    i.app_uart_flush    app_uart_fifo.o
    0x0002bc68   0x00000038   Code   RO         2901    i.app_uart_get      app_uart_fifo.o
    0x0002bca0   0x000000cc   Code   RO         2902    i.app_uart_init     app_uart_fifo.o
    0x0002bd6c   0x00000038   Code   RO         2903    i.app_uart_put      app_uart_fifo.o
    0x0002bda4   0x0000000c   Code   RO         5100    i.app_util_critical_region_enter  app_util_platform.o
    0x0002bdb0   0x00000048   Code   RO         5101    i.app_util_critical_region_exit  app_util_platform.o
    0x0002bdf8   0x00000052   Code   RO         1917    i.appearance_encode  ble_advdata.o
    0x0002be4a   0x00000002   PAD
    0x0002be4c   0x00000028   Code   RO           12    i.apple_notification_error_handler  main.o
    0x0002be74   0x00000068   Code   RO           13    i.apple_notification_setup  main.o
    0x0002bedc   0x00000050   Code   RO           14    i.application_timers_start  main.o
    0x0002bf2c   0x000000bc   Code   RO         3276    i.apply_config      nrf_drv_uart.o
    0x0002bfe8   0x00000014   Code   RO         4341    i.are_app_channels  nrf_drv_ppi.o
    0x0002bffc   0x000000a4   Code   RO         2606    i.attr_data_parse   ble_ancs_c.o
    0x0002c0a0   0x0000005a   Code   RO         2607    i.attr_id_parse     ble_ancs_c.o
    0x0002c0fa   0x00000014   Code   RO         2608    i.attr_len1_parse   ble_ancs_c.o
    0x0002c10e   0x0000003e   Code   RO         2609    i.attr_len2_parse   ble_ancs_c.o
    0x0002c14c   0x00000188   Code   RO         1634    i.battery_level_meas_timeout_handler  gc_saadc.o
    0x0002c2d4   0x00000094   Code   RO         1918    i.ble_advdata_set   ble_advdata.o
    0x0002c368   0x0000017c   Code   RO         2037    i.ble_advertising_init  ble_advertising.o
    0x0002c4e4   0x000000f8   Code   RO         2038    i.ble_advertising_on_ble_evt  ble_advertising.o
    0x0002c5dc   0x0000004c   Code   RO         2039    i.ble_advertising_on_sys_evt  ble_advertising.o
    0x0002c628   0x00000010   Code   RO         2041    i.ble_advertising_peer_address_clear  ble_advertising.o
    0x0002c638   0x00000294   Code   RO         2043    i.ble_advertising_start  ble_advertising.o
    0x0002c8cc   0x00000064   Code   RO         2044    i.ble_advertising_whitelist_reply  ble_advertising.o
    0x0002c930   0x00000036   Code   RO         2610    i.ble_ancs_c_attr_add  ble_ancs_c.o
    0x0002c966   0x00000010   Code   RO         2612    i.ble_ancs_c_data_source_notif_enable  ble_ancs_c.o
    0x0002c976   0x0000002a   Code   RO         2613    i.ble_ancs_c_handles_assign  ble_ancs_c.o
    0x0002c9a0   0x000000d4   Code   RO         2614    i.ble_ancs_c_init   ble_ancs_c.o
    0x0002ca74   0x00000010   Code   RO         2616    i.ble_ancs_c_notif_source_notif_enable  ble_ancs_c.o
    0x0002ca84   0x0000003a   Code   RO         2617    i.ble_ancs_c_on_ble_evt  ble_ancs_c.o
    0x0002cabe   0x000000f0   Code   RO         2618    i.ble_ancs_c_on_db_disc_evt  ble_ancs_c.o
    0x0002cbae   0x00000016   Code   RO         2621    i.ble_ancs_verify_notification_format  ble_ancs_c.o
    0x0002cbc4   0x00000070   Code   RO         2127    i.ble_conn_params_init  ble_conn_params.o
    0x0002cc34   0x0000003e   Code   RO         2128    i.ble_conn_params_on_ble_evt  ble_conn_params.o
    0x0002cc72   0x00000002   PAD
    0x0002cc74   0x00000010   Code   RO         2129    i.ble_conn_params_stop  ble_conn_params.o
    0x0002cc84   0x00000034   Code   RO         2773    i.ble_db_discovery_evt_register  ble_db_discovery.o
    0x0002ccb8   0x00000038   Code   RO         2774    i.ble_db_discovery_init  ble_db_discovery.o
    0x0002ccf0   0x0000006c   Code   RO         2775    i.ble_db_discovery_on_ble_evt  ble_db_discovery.o
    0x0002cd5c   0x00000098   Code   RO         2776    i.ble_db_discovery_start  ble_db_discovery.o
    0x0002cdf4   0x00000074   Code   RO         1919    i.ble_device_addr_encode  ble_advdata.o
    0x0002ce68   0x000000d0   Code   RO           16    i.ble_evt_dispatch  main.o
    0x0002cf38   0x00000094   Code   RO         2224    i.ble_nus_init      ble_nus.o
    0x0002cfcc   0x00000042   Code   RO         2225    i.ble_nus_on_ble_evt  ble_nus.o
    0x0002d00e   0x00000056   Code   RO         2226    i.ble_nus_string_send  ble_nus.o
    0x0002d064   0x00000108   Code   RO         1319    i.ble_rcv_rtc       gc_protocol.o
    0x0002d16c   0x00000d00   Code   RO         1320    i.ble_receive_handler  gc_protocol.o
    0x0002de6c   0x00000038   Code   RO           17    i.ble_send          main.o
    0x0002dea4   0x00000040   Code   RO         1321    i.ble_send_enable   gc_protocol.o
    0x0002dee4   0x000000d4   Code   RO           18    i.ble_stack_init    main.o
    0x0002dfb8   0x00000068   Code   RO         6675    i.bma2x2_data_readout_template  bma2x2_support.o
    0x0002e020   0x00000048   Code   RO         5806    i.bma2x2_get_bw     bma2x2.o
    0x0002e068   0x00000054   Code   RO         5871    i.bma2x2_init       bma2x2.o
    0x0002e0bc   0x00000184   Code   RO         5878    i.bma2x2_read_accel_xyz  bma2x2.o
    0x0002e240   0x0000003c   Code   RO         5882    i.bma2x2_read_reg   bma2x2.o
    0x0002e27c   0x00000128   Code   RO         5885    i.bma2x2_set_bw     bma2x2.o
    0x0002e3a4   0x000000a4   Code   RO         5899    i.bma2x2_set_intr_double_tap  bma2x2.o
    0x0002e448   0x00000138   Code   RO         5900    i.bma2x2_set_intr_enable  bma2x2.o
    0x0002e580   0x000000a4   Code   RO         5910    i.bma2x2_set_intr_slope  bma2x2.o
    0x0002e624   0x00000090   Code   RO         5915    i.bma2x2_set_mode_value  bma2x2.o
    0x0002e6b4   0x00000138   Code   RO         5926    i.bma2x2_set_power_mode  bma2x2.o
    0x0002e7ec   0x000000b8   Code   RO         5927    i.bma2x2_set_range  bma2x2.o
    0x0002e8a4   0x00000058   Code   RO         5941    i.bma2x2_set_tap_thres  bma2x2.o
    0x0002e8fc   0x0000003c   Code   RO         5946    i.bma2x2_write_reg  bma2x2.o
    0x0002e938   0x00000050   Code   RO         2334    i.bond_data_load    device_manager_peripheral.o
    0x0002e988   0x00000078   Code   RO         1864    i.bsp_btn_ble_on_ble_evt  bsp_btn_ble.o
    0x0002ea00   0x000000dc   Code   RO         1762    i.bsp_button_event_handler  bsp.o
    0x0002eadc   0x0000005c   Code   RO         1767    i.bsp_event_to_button_action_assign  bsp.o
    0x0002eb38   0x00000020   Code   RO         1768    i.bsp_indication_set  bsp.o
    0x0002eb58   0x0000059c   Code   RO         1771    i.bsp_led_indication  bsp.o
    0x0002f0f4   0x000000d0   Code   RO         1200    i.calorie           gc_activity.o
    0x0002f1c4   0x0000020c   Code   RO         1201    i.calorie_hr        gc_activity.o
    0x0002f3d0   0x000000d4   Code   RO         1202    i.calorie_step      gc_activity.o
    0x0002f4a4   0x00000064   Code   RO         2622    i.cccd_configure    ble_ancs_c.o
    0x0002f508   0x00000020   Code   RO         3037    i.channel_free      nrf_drv_gpiote.o
    0x0002f528   0x00000010   Code   RO         3038    i.channel_handler_get  nrf_drv_gpiote.o
    0x0002f538   0x00000080   Code   RO         3039    i.channel_port_alloc  nrf_drv_gpiote.o
    0x0002f5b8   0x0000000c   Code   RO         3040    i.channel_port_get  nrf_drv_gpiote.o
    0x0002f5c4   0x00000060   Code   RO         2777    i.characteristics_discover  ble_db_discovery.o
    0x0002f624   0x00000020   Code   RO         8689    i.check_flag_first_ghr  pah8series_motion5_181_m4f_keil.lib(cal_hr.o)
    0x0002f644   0x00000014   Code   RO         1101    i.check_flash_page_last  flash_control.o
    0x0002f658   0x00000118   Code   RO           20    i.check_saved_info  main.o
    0x0002f770   0x00000104   Code   RO         3563    i.clear_operation_execute  pstorage.o
    0x0002f874   0x00000028   Code   RO         3564    i.clear_post_processing_run  pstorage.o
    0x0002f89c   0x00000090   Code   RO         7068    i.cmd_adc           an520.o
    0x0002f92c   0x000000a0   Code   RO          731    i.cmd_ferase        command.o
    0x0002f9cc   0x0000005c   Code   RO          732    i.cmd_fread         command.o
    0x0002fa28   0x00000074   Code   RO          733    i.cmd_fwrite        command.o
    0x0002fa9c   0x0000009c   Code   RO          734    i.cmd_getslpinfo    command.o
    0x0002fb38   0x00000128   Code   RO          735    i.cmd_help          command.o
    0x0002fc60   0x000003e4   Code   RO          736    i.cmd_hwtest        command.o
    0x00030044   0x00000018   Code   RO          737    i.cmd_noti          command.o
    0x0003005c   0x00000044   Code   RO          738    i.cmd_oledpower     command.o
    0x000300a0   0x00000064   Code   RO          739    i.cmd_opmode        command.o
    0x00030104   0x00000048   Code   RO          740    i.cmd_parse         command.o
    0x0003014c   0x00000010   Code   RO          741    i.cmd_poweroff      command.o
    0x0003015c   0x00000048   Code   RO         3565    i.cmd_process       pstorage.o
    0x000301a4   0x0000004c   Code   RO         7069    i.cmd_prom          an520.o
    0x000301f0   0x00000014   Code   RO         3566    i.cmd_queue_dequeue  pstorage.o
    0x00030204   0x00000050   Code   RO         3567    i.cmd_queue_element_init  pstorage.o
    0x00030254   0x0000009c   Code   RO         3568    i.cmd_queue_enqueue  pstorage.o
    0x000302f0   0x00000020   Code   RO         3569    i.cmd_queue_init    pstorage.o
    0x00030310   0x00000038   Code   RO          742    i.cmd_reset         command.o
    0x00030348   0x00000048   Code   RO          743    i.cmd_reset_boot    command.o
    0x00030390   0x00000034   Code   RO          744    i.cmd_version       command.o
    0x000303c4   0x00000028   Code   RO         3570    i.command_end_procedure_run  pstorage.o
    0x000303ec   0x00000074   Code   RO          745    i.command_execute   command.o
    0x00030460   0x00000030   Code   RO         2623    i.command_id_and_notif_parse  ble_ancs_c.o
    0x00030490   0x0000002c   Code   RO         3571    i.command_queue_element_consume  pstorage.o
    0x000304bc   0x00000090   Code   RO         4885    i.compare_reg_update  app_timer.o
    0x0003054c   0x000000d4   Code   RO         7471    i.config_gpio_pah8002  spi_pah8002.o
    0x00030620   0x0000005a   Code   RO         1920    i.conn_int_check    ble_advdata.o
    0x0003067a   0x00000068   Code   RO         1921    i.conn_int_encode   ble_advdata.o
    0x000306e2   0x00000002   Code   RO           21    i.conn_params_error_handler  main.o
    0x000306e4   0x00000054   Code   RO           22    i.conn_params_init  main.o
    0x00030738   0x00000084   Code   RO         2130    i.conn_params_negotiation  ble_conn_params.o
    0x000307bc   0x00000054   Code   RO         1866    i.connection_buttons_configure  bsp_btn_ble.o
    0x00030810   0x00000048   Code   RO         2335    i.connection_instance_find  device_manager_peripheral.o
    0x00030858   0x00000040   Code   RO         2336    i.connection_instance_init  device_manager_peripheral.o
    0x00030898   0x0000003c   Code   RO         1203    i.convert_gmt_to_display_time  gc_activity.o
    0x000308d4   0x0000007c   Code   RO         3572    i.data_page_erase_state_run  pstorage.o
    0x00030950   0x00000034   Code   RO         3573    i.data_to_swap_write_state_run  pstorage.o
    0x00030984   0x00000014   Code   RO           23    i.db_disc_handler   main.o
    0x00030998   0x00000024   Code   RO           24    i.db_discovery_init  main.o
    0x000309bc   0x00000034   Code   RO          746    i.debug_shell       command.o
    0x000309f0   0x00000018   Code   RO           25    i.delay_ms          main.o
    0x00030a08   0x000000b6   Code   RO         2778    i.descriptors_discover  ble_db_discovery.o
    0x00030abe   0x00000002   PAD
    0x00030ac0   0x000000e0   Code   RO         2337    i.device_context_store  device_manager_peripheral.o
    0x00030ba0   0x00000088   Code   RO         2338    i.device_instance_allocate  device_manager_peripheral.o
    0x00030c28   0x00000058   Code   RO         2339    i.device_instance_find  device_manager_peripheral.o
    0x00030c80   0x0000002c   Code   RO         2340    i.device_instance_free  device_manager_peripheral.o
    0x00030cac   0x00000078   Code   RO           26    i.device_manager_evt_handler  main.o
    0x00030d24   0x000000dc   Code   RO           27    i.device_manager_init  main.o
    0x00030e00   0x000000b8   Code   RO         2779    i.discovery_complete_evt_trigger  ble_db_discovery.o
    0x00030eb8   0x0000003e   Code   RO         2780    i.discovery_error_evt_trigger  ble_db_discovery.o
    0x00030ef6   0x00000002   PAD
    0x00030ef8   0x000006b0   Code   RO         2345    i.dm_ble_evt_handler  device_manager_peripheral.o
    0x000315a8   0x00000018   Code   RO         2351    i.dm_handle_initialize  device_manager_peripheral.o
    0x000315c0   0x00000108   Code   RO         2352    i.dm_init           device_manager_peripheral.o
    0x000316c8   0x00000200   Code   RO         2355    i.dm_pstorage_cb_handler  device_manager_peripheral.o
    0x000318c8   0x000000b0   Code   RO         2356    i.dm_register       device_manager_peripheral.o
    0x00031978   0x0000009c   Code   RO         2357    i.dm_security_setup_req  device_manager_peripheral.o
    0x00031a14   0x000000bc   Code   RO         2358    i.dm_security_status_req  device_manager_peripheral.o
    0x00031ad0   0x00000110   Code   RO         2362    i.dm_whitelist_create  device_manager_peripheral.o
    0x00031be0   0x00000120   Code   RO         1001    i.dp_BT             font.o
    0x00031d00   0x000000f0   Code   RO         1002    i.dp_battery        font.o
    0x00031df0   0x000000f0   Code   RO         1003    i.dp_charge         font.o
    0x00031ee0   0x000000ec   Code   RO         1004    i.dp_charge2        font.o
    0x00031fcc   0x00000104   Code   RO         1005    i.dp_icon_large     font.o
    0x000320d0   0x000000e8   Code   RO         1006    i.dp_icon_mini      font.o
    0x000321b8   0x000000b4   Code   RO         1007    i.dp_icon_small     font.o
    0x0003226c   0x00000144   Code   RO         1008    i.dp_lnum           font.o
    0x000323b0   0x00000120   Code   RO         1009    i.dp_mnum           font.o
    0x000324d0   0x00000214   Code   RO         1010    i.dp_schar          font.o
    0x000326e4   0x000000e8   Code   RO         1011    i.dp_snum           font.o
    0x000327cc   0x0000005c   Code   RO         1012    i.dp_unit           font.o
    0x00032828   0x000002c4   Code   RO         1013    i.dp_week           font.o
    0x00032aec   0x00000064   Code   RO         4886    i.elapsed_ticks_acquire  app_timer.o
    0x00032b50   0x000000b4   Code   RO         1102    i.erase_flash_next_sector  flash_control.o
    0x00032c04   0x00000040   Code   RO         3574    i.erase_sub_state_sm_run  pstorage.o
    0x00032c44   0x00000030   Code   RO         7538    i.errata_16         system_nrf52.o
    0x00032c74   0x00000054   Code   RO         7539    i.errata_31         system_nrf52.o
    0x00032cc8   0x00000030   Code   RO         7540    i.errata_32         system_nrf52.o
    0x00032cf8   0x00000054   Code   RO         7541    i.errata_36         system_nrf52.o
    0x00032d4c   0x00000030   Code   RO         7542    i.errata_37         system_nrf52.o
    0x00032d7c   0x00000030   Code   RO         7543    i.errata_57         system_nrf52.o
    0x00032dac   0x00000030   Code   RO         7544    i.errata_66         system_nrf52.o
    0x00032ddc   0x00000058   Code   RO         4887    i.expired_timers_handler  app_timer.o
    0x00032e34   0x000001b0   Code   RO         1204    i.f_info_recall     gc_activity.o
    0x00032fe4   0x00000018   Code   RO         9680    i.fabs              m_wm.l(fabs.o)
    0x00032ffc   0x00000002   Code   RO         8882    i.fft_init_tbl      pah8series_motion5_181_m4f_keil.lib(math_op.o)
    0x00032ffe   0x00000018   Code   RO         4798    i.fifo_get          app_fifo.o
    0x00033016   0x0000000a   Code   RO         2904    i.fifo_length       app_uart_fifo.o
    0x00033020   0x0000000a   Code   RO         4799    i.fifo_length       app_fifo.o
    0x0003302a   0x00000012   Code   RO         4800    i.fifo_peek         app_fifo.o
    0x0003303c   0x00000012   Code   RO         4801    i.fifo_put          app_fifo.o
    0x0003304e   0x000000ba   Code   RO         8777    i.filter_common     pah8series_motion5_181_m4f_keil.lib(filter8002_fixed.o)
    0x00033108   0x000000c0   Code   RO         1103    i.find_flash_page_write_position_at_boot  flash_control.o
    0x000331c8   0x0000001e   Code   RO         4200    i.finish_transfer   nrf_drv_spi.o
    0x000331e6   0x00000036   Code   RO         1922    i.flags_encode      ble_advdata.o
    0x0003321c   0x00000036   Code   RO         2045    i.flash_access_in_progress  ble_advertising.o
    0x00033252   0x00000002   PAD
    0x00033254   0x0000002c   Code   RO         3575    i.flash_api_err_code_process  pstorage.o
    0x00033280   0x00000044   Code   RO         3576    i.flash_operation_failure_run  pstorage.o
    0x000332c4   0x00000030   Code   RO         3577    i.flash_operation_success_run  pstorage.o
    0x000332f4   0x00000010   Code   RO         3578    i.flash_page_erase  pstorage.o
    0x00033304   0x0000001c   Code   RO         3579    i.flash_write       pstorage.o
    0x00033320   0x00000010   Code   RO         5384    i.fputc             retarget.o
    0x00033330   0x00000050   Code   RO         9614    i.free              mc_w.l(malloc.o)
    0x00033380   0x00000018   Code   RO         5165    i.fs_queued_op_count_get  fstorage.o
    0x00033398   0x00000080   Code   RO           28    i.gap_params_init   main.o
    0x00033418   0x00000006   Code   RO         2363    i.gattc_context_apply  device_manager_peripheral.o
    0x0003341e   0x00000006   Code   RO         2364    i.gattc_context_load  device_manager_peripheral.o
    0x00033424   0x00000006   Code   RO         2365    i.gattc_context_store  device_manager_peripheral.o
    0x0003342a   0x00000002   PAD
    0x0003342c   0x000000f8   Code   RO         2366    i.gatts_context_apply  device_manager_peripheral.o
    0x00033524   0x0000004c   Code   RO         2367    i.gatts_context_load  device_manager_peripheral.o
    0x00033570   0x000000f0   Code   RO         2368    i.gatts_context_store  device_manager_peripheral.o
    0x00033660   0x00000018   Code   RO         2369    i.gattsc_context_apply  device_manager_peripheral.o
    0x00033678   0x0000001c   Code   RO         2370    i.gattsc_context_load  device_manager_peripheral.o
    0x00033694   0x0000001c   Code   RO         2371    i.gattsc_context_store  device_manager_peripheral.o
    0x000336b0   0x00000046   Code   RO           29    i.gc_dev_gpio_set   main.o
    0x000336f6   0x00000002   PAD
    0x000336f8   0x00000070   Code   RO           30    i.gc_dev_initialize  main.o
    0x00033768   0x00000012   Code   RO         1104    i.gc_flash_erase    flash_control.o
    0x0003377a   0x00000030   Code   RO         1105    i.gc_flash_fwrite   flash_control.o
    0x000337aa   0x0000008e   Code   RO         1106    i.gc_flash_page_read_data  flash_control.o
    0x00033838   0x00000068   Code   RO         1107    i.gc_flash_page_start  flash_control.o
    0x000338a0   0x00000064   Code   RO         1108    i.gc_flash_page_write_data  flash_control.o
    0x00033904   0x00000020   Code   RO         1109    i.gc_flash_read     flash_control.o
    0x00033924   0x00000138   Code   RO         1733    i.gc_notification_ancs_handle  gc_ble_notification.o
    0x00033a5c   0x00000040   Code   RO         1568    i.gc_power_off_prepare  gc_sleep.o
    0x00033a9c   0x0000009c   Code   RO           32    i.gc_ppi_gpiote_init  main.o
    0x00033b38   0x00000070   Code   RO         7156    i.gc_protocol_ctrl_pah8002  pah8002.o
    0x00033ba8   0x0000008c   Code   RO         6913    i.gc_spi_flash_init  spi_flash.o
    0x00033c34   0x0000000c   Code   RO         7472    i.gc_spi_pah8002_init  spi_pah8002.o
    0x00033c40   0x0000007c   Code   RO           33    i.gc_twi_init       main.o
    0x00033cbc   0x00000088   Code   RO         1206    i.get_GMT           gc_activity.o
    0x00033d44   0x0000036e   Code   RO         1635    i.get_battery_level  gc_saadc.o
    0x000340b2   0x00000002   PAD
    0x000340b4   0x0000007c   Code   RO         1110    i.get_flash_page_write_position  flash_control.o
    0x00034130   0x00000020   Code   RO         1207    i.get_month_day     gc_activity.o
    0x00034150   0x00000138   Code   RO         1208    i.get_realtime_HR   gc_activity.o
    0x00034288   0x00000a98   Code   RO         1209    i.get_realtime_step  gc_activity.o
    0x00034d20   0x0000001c   Code   RO           34    i.get_sys_tick      main.o
    0x00034d3c   0x00000090   Code   RO          987    i.get_time          gc_time.o
    0x00034dcc   0x000000c4   Code   RO         1210    i.get_time_from_GMT  gc_activity.o
    0x00034e90   0x00000024   Code   RO           35    i.gpiote_acc_intr_handler  main.o
    0x00034eb4   0x00000024   Code   RO         1636    i.gpiote_battery_sense_evt_handler  gc_saadc.o
    0x00034ed8   0x00000014   Code   RO         7473    i.gpiote_in_evt_handler  spi_pah8002.o
    0x00034eec   0x00000050   Code   RO         1211    i.greencom_step_process  gc_activity.o
    0x00034f3c   0x00000068   Code   RO         3580    i.head_restore_state_run  pstorage.o
    0x00034fa4   0x0000005e   Code   RO         8778    i.hpf20hz_fixed_c   pah8series_motion5_181_m4f_keil.lib(filter8002_fixed.o)
    0x00035002   0x00000002   PAD
    0x00035004   0x00000014   Code   RO         8779    i.hpf20hz_fixed_c_initialize  pah8series_motion5_181_m4f_keil.lib(filter8002_fixed.o)
    0x00035018   0x0000005e   Code   RO         8780    i.hpf_20hz_5_fixed_c  pah8series_motion5_181_m4f_keil.lib(filter8002_fixed.o)
    0x00035076   0x00000002   PAD
    0x00035078   0x00000014   Code   RO         8781    i.hpf_20hz_5_fixed_c_initialize  pah8series_motion5_181_m4f_keil.lib(filter8002_fixed.o)
    0x0003508c   0x00000078   Code   RO           36    i.hr_power_enable   main.o
    0x00035104   0x0000001c   Code   RO         7070    i.i2c_read          an520.o
    0x00035120   0x0000001c   Code   RO         7071    i.i2c_send          an520.o
    0x0003513c   0x0000000e   Code   RO         6916    i.in_pin_handler    spi_flash.o
    0x0003514a   0x00000002   PAD
    0x0003514c   0x00000074   Code   RO         1637    i.init_battery_sense_event  gc_saadc.o
    0x000351c0   0x00000058   Code   RO         6825    i.init_rtc          rtc.o
    0x00035218   0x000000a4   Code   RO         5708    i.intern_softdevice_events_execute  softdevice_handler.o
    0x000352bc   0x00000024   Code   RO         4201    i.irq_handler_spim  nrf_drv_spi.o
    0x000352e0   0x000000dc   Code   RO         4012    i.irq_handler_twi   nrf_drv_twi.o
    0x000353bc   0x00000020   Code   RO         4343    i.is_allocated_channel  nrf_drv_ppi.o
    0x000353dc   0x00000012   Code   RO         4345    i.is_app_channel    nrf_drv_ppi.o
    0x000353ee   0x00000022   Code   RO         2781    i.is_char_discovery_reqd  ble_db_discovery.o
    0x00035410   0x00000024   Code   RO         2131    i.is_conn_params_ok  ble_conn_params.o
    0x00035434   0x0000005e   Code   RO         2782    i.is_desc_discovery_reqd  ble_db_discovery.o
    0x00035492   0x00000034   Code   RO         1212    i.is_leap_year      gc_activity.o
    0x000354c6   0x00000002   PAD
    0x000354c8   0x00000058   Code   RO         3581    i.is_page_erase_required  pstorage.o
    0x00035520   0x0000001c   Code   RO         4347    i.is_programmable_app_channel  nrf_drv_ppi.o
    0x0003553c   0x00000050   Code   RO         3582    i.is_tail_data_page_swap_required  pstorage.o
    0x0003558c   0x00000010   Code   RO         3583    i.is_word_aligned   pstorage.o
    0x0003559c   0x0000005c   Code   RO          748    i.ks_get_command    command.o
    0x000355f8   0x0000006a   Code   RO         1923    i.le_role_encode    ble_advdata.o
    0x00035662   0x00000002   PAD
    0x00035664   0x00000098   Code   RO         4888    i.list_deletions_handler  app_timer.o
    0x000356fc   0x0000010c   Code   RO         4889    i.list_insertions_handler  app_timer.o
    0x00035808   0x00000016   Code   RO         5355    i.log_uart_write_string  nrf_log.o
    0x0003581e   0x0000002a   Code   RO         5361    i.log_uart_write_string_many  nrf_log.o
    0x00035848   0x00000070   Code   RO         8782    i.lpf20hz_fixed_c   pah8series_motion5_181_m4f_keil.lib(filter8002_fixed.o)
    0x000358b8   0x00000014   Code   RO         8783    i.lpf20hz_fixed_c_initialize  pah8series_motion5_181_m4f_keil.lib(filter8002_fixed.o)
    0x000358cc   0x00000076   Code   RO         8784    i.lpf_20hz_6hz_fixed_c  pah8series_motion5_181_m4f_keil.lib(filter8002_fixed.o)
    0x00035942   0x00000002   PAD
    0x00035944   0x00000014   Code   RO         8785    i.lpf_20hz_6hz_fixed_c_initialize  pah8series_motion5_181_m4f_keil.lib(filter8002_fixed.o)
    0x00035958   0x0000018c   Code   RO           39    i.main              main.o
    0x00035ae4   0x00000020   Code   RO         3584    i.main_state_err_busy_process  pstorage.o
    0x00035b04   0x0000006c   Code   RO         9615    i.malloc            mc_w.l(malloc.o)
    0x00035b70   0x00000076   Code   RO         1924    i.manuf_specific_data_encode  ble_advdata.o
    0x00035be6   0x00000002   PAD
    0x00035be8   0x00000078   Code   RO         1111    i.move_flash_page_write_position  flash_control.o
    0x00035c60   0x0000000c   Code   RO         8786    i.mul_s32_s32_s32_sr30  pah8series_motion5_181_m4f_keil.lib(filter8002_fixed.o)
    0x00035c6c   0x0000000c   Code   RO         8787    i.mul_s32_s32_s32_sr31  pah8series_motion5_181_m4f_keil.lib(filter8002_fixed.o)
    0x00035c78   0x000000c2   Code   RO         1925    i.name_encode       ble_advdata.o
    0x00035d3a   0x00000006   Code   RO         2372    i.no_service_context_apply  device_manager_peripheral.o
    0x00035d40   0x00000006   Code   RO         2373    i.no_service_context_load  device_manager_peripheral.o
    0x00035d46   0x00000006   Code   RO         2374    i.no_service_context_store  device_manager_peripheral.o
    0x00035d4c   0x0000001a   Code   RO         2971    i.nrf_delay_ms      nrf_delay.o
    0x00035d66   0x00000002   PAD
    0x00035d68   0x00000060   Code   RO         2998    i.nrf_drv_common_irq_enable  nrf_drv_common.o
    0x00035dc8   0x0000000a   Code   RO         4013    i.nrf_drv_get_IRQn  nrf_drv_twi.o
    0x00035dd2   0x0000001a   Code   RO         3041    i.nrf_drv_gpiote_in_event_addr_get  nrf_drv_gpiote.o
    0x00035dec   0x00000054   Code   RO         3042    i.nrf_drv_gpiote_in_event_disable  nrf_drv_gpiote.o
    0x00035e40   0x000000b8   Code   RO         3043    i.nrf_drv_gpiote_in_event_enable  nrf_drv_gpiote.o
    0x00035ef8   0x000000d8   Code   RO         3044    i.nrf_drv_gpiote_in_init  nrf_drv_gpiote.o
    0x00035fd0   0x0000003a   Code   RO         3046    i.nrf_drv_gpiote_in_uninit  nrf_drv_gpiote.o
    0x0003600a   0x00000002   PAD
    0x0003600c   0x00000054   Code   RO         3047    i.nrf_drv_gpiote_init  nrf_drv_gpiote.o
    0x00036060   0x00000024   Code   RO         3053    i.nrf_drv_gpiote_out_task_disable  nrf_drv_gpiote.o
    0x00036084   0x0000002c   Code   RO         3057    i.nrf_drv_gpiote_out_toggle  nrf_drv_gpiote.o
    0x000360b0   0x00000014   Code   RO         4202    i.nrf_drv_is_in_RAM  nrf_drv_spi.o
    0x000360c4   0x0000006c   Code   RO         4348    i.nrf_drv_ppi_channel_alloc  nrf_drv_ppi.o
    0x00036130   0x0000004c   Code   RO         4349    i.nrf_drv_ppi_channel_assign  nrf_drv_ppi.o
    0x0003617c   0x0000002e   Code   RO         4350    i.nrf_drv_ppi_channel_disable  nrf_drv_ppi.o
    0x000361aa   0x00000002   PAD
    0x000361ac   0x00000038   Code   RO         4351    i.nrf_drv_ppi_channel_enable  nrf_drv_ppi.o
    0x000361e4   0x00000044   Code   RO         4353    i.nrf_drv_ppi_channel_free  nrf_drv_ppi.o
    0x00036228   0x00000008   Code   RO         4354    i.nrf_drv_ppi_channel_to_mask  nrf_drv_ppi.o
    0x00036230   0x00000018   Code   RO         4361    i.nrf_drv_ppi_init  nrf_drv_ppi.o
    0x00036248   0x00000104   Code   RO         4506    i.nrf_drv_saadc_buffer_convert  nrf_drv_saadc.o
    0x0003634c   0x00000150   Code   RO         4204    i.nrf_drv_spi_init  nrf_drv_spi.o
    0x0003649c   0x0000002c   Code   RO         4206    i.nrf_drv_spi_transfer  nrf_drv_spi.o
    0x000364c8   0x00000064   Code   RO         4208    i.nrf_drv_spi_xfer  nrf_drv_spi.o
    0x0003652c   0x00000024   Code   RO         4016    i.nrf_drv_twi_enable  nrf_drv_twi.o
    0x00036550   0x0000009c   Code   RO         4017    i.nrf_drv_twi_init  nrf_drv_twi.o
    0x000365ec   0x00000030   Code   RO         4018    i.nrf_drv_twi_rx    nrf_drv_twi.o
    0x0003661c   0x0000003e   Code   RO         4021    i.nrf_drv_twi_tx    nrf_drv_twi.o
    0x0003665a   0x00000002   PAD
    0x0003665c   0x0000003c   Code   RO         4023    i.nrf_drv_twi_xfer  nrf_drv_twi.o
    0x00036698   0x000000e4   Code   RO         3278    i.nrf_drv_uart_init  nrf_drv_uart.o
    0x0003677c   0x000000b0   Code   RO         3279    i.nrf_drv_uart_rx   nrf_drv_uart.o
    0x0003682c   0x00000020   Code   RO         3282    i.nrf_drv_uart_rx_enable  nrf_drv_uart.o
    0x0003684c   0x000000b4   Code   RO         3283    i.nrf_drv_uart_rx_for_uart  nrf_drv_uart.o
    0x00036900   0x000000b4   Code   RO         3284    i.nrf_drv_uart_rx_for_uarte  nrf_drv_uart.o
    0x000369b4   0x00000048   Code   RO         3285    i.nrf_drv_uart_tx   nrf_drv_uart.o
    0x000369fc   0x0000008c   Code   RO         3287    i.nrf_drv_uart_tx_for_uart  nrf_drv_uart.o
    0x00036a88   0x00000070   Code   RO         3288    i.nrf_drv_uart_tx_for_uarte  nrf_drv_uart.o
    0x00036af8   0x00000014   Code   RO         3289    i.nrf_drv_uart_tx_in_progress  nrf_drv_uart.o
    0x00036b0c   0x00000024   Code   RO           42    i.nrf_gpio_cfg      main.o
    0x00036b30   0x00000024   Code   RO         3060    i.nrf_gpio_cfg      nrf_drv_gpiote.o
    0x00036b54   0x00000024   Code   RO         3291    i.nrf_gpio_cfg      nrf_drv_uart.o
    0x00036b78   0x00000024   Code   RO         4209    i.nrf_gpio_cfg      nrf_drv_spi.o
    0x00036b9c   0x00000024   Code   RO         7474    i.nrf_gpio_cfg      spi_pah8002.o
    0x00036bc0   0x00000018   Code   RO         3061    i.nrf_gpio_cfg_default  nrf_drv_gpiote.o
    0x00036bd8   0x0000001a   Code   RO           43    i.nrf_gpio_cfg_input  main.o
    0x00036bf2   0x0000001a   Code   RO         3293    i.nrf_gpio_cfg_input  nrf_drv_uart.o
    0x00036c0c   0x00000018   Code   RO           44    i.nrf_gpio_cfg_output  main.o
    0x00036c24   0x00000018   Code   RO         3294    i.nrf_gpio_cfg_output  nrf_drv_uart.o
    0x00036c3c   0x00000018   Code   RO         4210    i.nrf_gpio_cfg_output  nrf_drv_spi.o
    0x00036c54   0x00000024   Code   RO         3062    i.nrf_gpio_cfg_sense_set  nrf_drv_gpiote.o
    0x00036c78   0x00000010   Code   RO           45    i.nrf_gpio_pin_clear  main.o
    0x00036c88   0x00000010   Code   RO         1444    i.nrf_gpio_pin_clear  display.o
    0x00036c98   0x00000010   Code   RO         4024    i.nrf_gpio_pin_clear  nrf_drv_twi.o
    0x00036ca8   0x00000010   Code   RO         4211    i.nrf_gpio_pin_clear  nrf_drv_spi.o
    0x00036cb8   0x00000010   Code   RO         6741    i.nrf_gpio_pin_clear  oled.o
    0x00036cc8   0x00000010   Code   RO           46    i.nrf_gpio_pin_set  main.o
    0x00036cd8   0x00000010   Code   RO         1445    i.nrf_gpio_pin_set  display.o
    0x00036ce8   0x00000010   Code   RO         3295    i.nrf_gpio_pin_set  nrf_drv_uart.o
    0x00036cf8   0x00000010   Code   RO         4025    i.nrf_gpio_pin_set  nrf_drv_twi.o
    0x00036d08   0x00000010   Code   RO         4212    i.nrf_gpio_pin_set  nrf_drv_spi.o
    0x00036d18   0x0000000c   Code   RO         3065    i.nrf_gpiote_event_addr_get  nrf_drv_gpiote.o
    0x00036d24   0x0000001c   Code   RO         3066    i.nrf_gpiote_event_clear  nrf_drv_gpiote.o
    0x00036d40   0x00000016   Code   RO         3067    i.nrf_gpiote_event_is_set  nrf_drv_gpiote.o
    0x00036d56   0x00000002   PAD
    0x00036d58   0x0000000c   Code   RO         3068    i.nrf_gpiote_int_enable  nrf_drv_gpiote.o
    0x00036d64   0x00000010   Code   RO         3069    i.nrf_gpiote_te_default  nrf_drv_gpiote.o
    0x00036d74   0x00000010   Code   RO         4363    i.nrf_ppi_channel_disable  nrf_drv_ppi.o
    0x00036d84   0x00000010   Code   RO         1638    i.nrf_saadc_buffer_init  gc_saadc.o
    0x00036d94   0x00000010   Code   RO         4515    i.nrf_saadc_buffer_init  nrf_drv_saadc.o
    0x00036da4   0x00000068   Code   RO         4637    i.nrf_saadc_channel_init  nrf_saadc.o
    0x00036e0c   0x00000018   Code   RO         4516    i.nrf_saadc_channel_input_set  nrf_drv_saadc.o
    0x00036e24   0x00000014   Code   RO         1639    i.nrf_saadc_enable_check  gc_saadc.o
    0x00036e38   0x00000014   Code   RO         1640    i.nrf_saadc_event_check  gc_saadc.o
    0x00036e4c   0x00000014   Code   RO         4517    i.nrf_saadc_event_check  nrf_drv_saadc.o
    0x00036e60   0x0000000c   Code   RO         1641    i.nrf_saadc_event_clear  gc_saadc.o
    0x00036e6c   0x0000000c   Code   RO         4518    i.nrf_saadc_event_clear  nrf_drv_saadc.o
    0x00036e78   0x0000000c   Code   RO         4519    i.nrf_saadc_int_disable  nrf_drv_saadc.o
    0x00036e84   0x0000000c   Code   RO         4520    i.nrf_saadc_int_enable  nrf_drv_saadc.o
    0x00036e90   0x0000000c   Code   RO         1642    i.nrf_saadc_task_trigger  gc_saadc.o
    0x00036e9c   0x0000000c   Code   RO         4522    i.nrf_saadc_task_trigger  nrf_drv_saadc.o
    0x00036ea8   0x0000000e   Code   RO         4213    i.nrf_spim_event_check  nrf_drv_spi.o
    0x00036eb6   0x00000006   Code   RO         4214    i.nrf_spim_event_clear  nrf_drv_spi.o
    0x00036ebc   0x00000006   Code   RO         4215    i.nrf_spim_int_disable  nrf_drv_spi.o
    0x00036ec2   0x00000006   Code   RO         4216    i.nrf_spim_int_enable  nrf_drv_spi.o
    0x00036ec8   0x00000006   Code   RO         4217    i.nrf_spim_task_trigger  nrf_drv_spi.o
    0x00036ece   0x0000000e   Code   RO         4026    i.nrf_twi_event_check  nrf_drv_twi.o
    0x00036edc   0x00000006   Code   RO         4027    i.nrf_twi_event_clear  nrf_drv_twi.o
    0x00036ee2   0x00000006   Code   RO         4028    i.nrf_twi_int_disable  nrf_drv_twi.o
    0x00036ee8   0x00000006   Code   RO         4029    i.nrf_twi_int_enable  nrf_drv_twi.o
    0x00036eee   0x00000006   Code   RO         4030    i.nrf_twi_shorts_set  nrf_drv_twi.o
    0x00036ef4   0x00000006   Code   RO         4031    i.nrf_twi_task_trigger  nrf_drv_twi.o
    0x00036efa   0x0000000c   Code   RO         3296    i.nrf_uart_errorsrc_get_and_clear  nrf_drv_uart.o
    0x00036f06   0x0000000e   Code   RO         3297    i.nrf_uart_event_check  nrf_drv_uart.o
    0x00036f14   0x00000006   Code   RO         3298    i.nrf_uart_event_clear  nrf_drv_uart.o
    0x00036f1a   0x0000000a   Code   RO         3299    i.nrf_uart_hwfc_pins_set  nrf_drv_uart.o
    0x00036f24   0x00000006   Code   RO         3300    i.nrf_uart_int_disable  nrf_drv_uart.o
    0x00036f2a   0x00000006   Code   RO         3301    i.nrf_uart_int_enable  nrf_drv_uart.o
    0x00036f30   0x00000012   Code   RO         3302    i.nrf_uart_int_enable_check  nrf_drv_uart.o
    0x00036f42   0x00000006   Code   RO         3303    i.nrf_uart_task_trigger  nrf_drv_uart.o
    0x00036f48   0x0000000a   Code   RO         3304    i.nrf_uart_txrx_pins_set  nrf_drv_uart.o
    0x00036f52   0x0000000c   Code   RO         3305    i.nrf_uarte_errorsrc_get_and_clear  nrf_drv_uart.o
    0x00036f5e   0x0000000e   Code   RO         3306    i.nrf_uarte_event_check  nrf_drv_uart.o
    0x00036f6c   0x00000006   Code   RO         3307    i.nrf_uarte_event_clear  nrf_drv_uart.o
    0x00036f72   0x0000000c   Code   RO         3308    i.nrf_uarte_hwfc_pins_set  nrf_drv_uart.o
    0x00036f7e   0x00000006   Code   RO         3309    i.nrf_uarte_int_disable  nrf_drv_uart.o
    0x00036f84   0x00000006   Code   RO         3310    i.nrf_uarte_int_enable  nrf_drv_uart.o
    0x00036f8a   0x0000000a   Code   RO         3311    i.nrf_uarte_rx_amount_get  nrf_drv_uart.o
    0x00036f94   0x00000006   Code   RO         3312    i.nrf_uarte_task_trigger  nrf_drv_uart.o
    0x00036f9a   0x0000000e   Code   RO         3313    i.nrf_uarte_txrx_pins_set  nrf_drv_uart.o
    0x00036fa8   0x0000024c   Code   RO           47    i.nus_data_handler  main.o
    0x000371f4   0x00000012   Code   RO           48    i.oled_init         main.o
    0x00037206   0x00000002   PAD
    0x00037208   0x000000e0   Code   RO           49    i.on_adv_evt        main.o
    0x000372e8   0x000000e4   Code   RO           50    i.on_ancs_c_evt     main.o
    0x000373cc   0x000001d4   Code   RO           51    i.on_ble_evt        main.o
    0x000375a0   0x00000154   Code   RO         2783    i.on_characteristic_discovery_rsp  ble_db_discovery.o
    0x000376f4   0x00000018   Code   RO         2132    i.on_conn_params_update  ble_conn_params.o
    0x0003770c   0x00000038   Code   RO         2133    i.on_connect        ble_conn_params.o
    0x00037744   0x00000006   Code   RO         2227    i.on_connect        ble_nus.o
    0x0003774a   0x00000002   PAD
    0x0003774c   0x000000e4   Code   RO         2784    i.on_descriptor_discovery_rsp  ble_db_discovery.o
    0x00037830   0x00000040   Code   RO         2134    i.on_disconnect     ble_conn_params.o
    0x00037870   0x00000008   Code   RO         2228    i.on_disconnect     ble_nus.o
    0x00037878   0x00000010   Code   RO         2624    i.on_disconnected   ble_ancs_c.o
    0x00037888   0x00000012   Code   RO         2785    i.on_disconnected   ble_db_discovery.o
    0x0003789a   0x0000003e   Code   RO         2625    i.on_evt_gattc_notif  ble_ancs_c.o
    0x000378d8   0x00000080   Code   RO         2786    i.on_primary_srv_discovery_rsp  ble_db_discovery.o
    0x00037958   0x0000009c   Code   RO         2787    i.on_srv_disc_completion  ble_db_discovery.o
    0x000379f4   0x00000058   Code   RO         2135    i.on_write          ble_conn_params.o
    0x00037a4c   0x00000050   Code   RO         2229    i.on_write          ble_nus.o
    0x00037a9c   0x00000018   Code   RO         2626    i.on_write_rsp      ble_ancs_c.o
    0x00037ab4   0x0000002a   Code   RO         7346    i.pah8002_burst_read_reg  pah8002_comm_spi.o
    0x00037ade   0x00000004   Code   RO         7614    i.pah8002_close     pah8series_motion5_181_m4f_keil.lib(pah8002_api.o)
    0x00037ae2   0x00000002   PAD
    0x00037ae4   0x00000024   Code   RO         7157    i.pah8002_deinit    pah8002.o
    0x00037b08   0x0000004c   Code   RO         7158    i.pah8002_dyn_switch_ppg_mode  pah8002.o
    0x00037b54   0x00000060   Code   RO         7159    i.pah8002_enter_normal_long_et_mode  pah8002.o
    0x00037bb4   0x00000068   Code   RO         7160    i.pah8002_enter_normal_mode  pah8002.o
    0x00037c1c   0x0000003c   Code   RO         7162    i.pah8002_enter_suspend_mode  pah8002.o
    0x00037c58   0x00000034   Code   RO         7163    i.pah8002_enter_touch_mode  pah8002.o
    0x00037c8c   0x00000004   Code   RO         7615    i.pah8002_entrance  pah8series_motion5_181_m4f_keil.lib(pah8002_api.o)
    0x00037c90   0x00000004   Code   RO         7618    i.pah8002_get_hr    pah8series_motion5_181_m4f_keil.lib(pah8002_api.o)
    0x00037c94   0x00000004   Code   RO         7620    i.pah8002_get_hr_trust_level  pah8series_motion5_181_m4f_keil.lib(pah8002_api.o)
    0x00037c98   0x00000028   Code   RO         7164    i.pah8002_get_touch_flag  pah8002.o
    0x00037cc0   0x000000d0   Code   RO         7165    i.pah8002_get_touch_flag_ppg_mode  pah8002.o
    0x00037d90   0x0000007c   Code   RO         7166    i.pah8002_init      pah8002.o
    0x00037e0c   0x0000000c   Code   RO         7167    i.pah8002_intr_isr  pah8002.o
    0x00037e18   0x00000034   Code   RO         7169    i.pah8002_normal_long_et_mode_init  pah8002.o
    0x00037e4c   0x00000034   Code   RO         7170    i.pah8002_normal_mode_init  pah8002.o
    0x00037e80   0x00000004   Code   RO         7623    i.pah8002_open      pah8series_motion5_181_m4f_keil.lib(pah8002_api.o)
    0x00037e84   0x00000004   Code   RO         7625    i.pah8002_query_open_size  pah8series_motion5_181_m4f_keil.lib(pah8002_api.o)
    0x00037e88   0x00000024   Code   RO         7348    i.pah8002_read_reg  pah8002_comm_spi.o
    0x00037eac   0x00000004   Code   RO         7627    i.pah8002_set_param  pah8series_motion5_181_m4f_keil.lib(pah8002_api.o)
    0x00037eb0   0x00000046   Code   RO         7171    i.pah8002_start     pah8002.o
    0x00037ef6   0x00000046   Code   RO         7173    i.pah8002_sw_reset  pah8002.o
    0x00037f3c   0x00000150   Code   RO         7174    i.pah8002_task      pah8002.o
    0x0003808c   0x00000034   Code   RO         7175    i.pah8002_touch_mode_init  pah8002.o
    0x000380c0   0x00000078   Code   RO         7176    i.pah8002_wakeup    pah8002.o
    0x00038138   0x00000044   Code   RO         7349    i.pah8002_write_reg  pah8002_comm_spi.o
    0x0003817c   0x0000001c   Code   RO         7629    i.pah8series_close  pah8series_motion5_181_m4f_keil.lib(pah8002_api.o)
    0x00038198   0x00000024   Code   RO         7630    i.pah8series_entrance  pah8series_motion5_181_m4f_keil.lib(pah8002_api.o)
    0x000381bc   0x00000014   Code   RO         7632    i.pah8series_get_hr  pah8series_motion5_181_m4f_keil.lib(pah8002_api.o)
    0x000381d0   0x00000014   Code   RO         7633    i.pah8series_get_hr_trust_level  pah8series_motion5_181_m4f_keil.lib(pah8002_api.o)
    0x000381e4   0x00000010   Code   RO         7840    i.pah8series_hr_close  pah8series_motion5_181_m4f_keil.lib(pah8series_hr.o)
    0x000381f4   0x00000078   Code   RO         7841    i.pah8series_hr_entrance  pah8series_motion5_181_m4f_keil.lib(pah8series_hr.o)
    0x0003826c   0x00000018   Code   RO         7844    i.pah8series_hr_get_hr  pah8series_motion5_181_m4f_keil.lib(pah8series_hr.o)
    0x00038284   0x00000024   Code   RO         7845    i.pah8series_hr_get_hr_trust_level  pah8series_motion5_181_m4f_keil.lib(pah8series_hr.o)
    0x000382a8   0x00000028   Code   RO         7850    i.pah8series_hr_open  pah8series_motion5_181_m4f_keil.lib(pah8series_hr.o)
    0x000382d0   0x00000006   Code   RO         7852    i.pah8series_hr_query_open_size  pah8series_motion5_181_m4f_keil.lib(pah8series_hr.o)
    0x000382d6   0x00000296   Code   RO         7855    i.pah8series_hr_set_param  pah8series_motion5_181_m4f_keil.lib(pah8series_hr.o)
    0x0003856c   0x0000006c   Code   RO         7637    i.pah8series_open   pah8series_motion5_181_m4f_keil.lib(pah8002_api.o)
    0x000385d8   0x00000014   Code   RO         7642    i.pah8series_set_param  pah8series_motion5_181_m4f_keil.lib(pah8002_api.o)
    0x000385ec   0x00000086   Code   RO         2627    i.parse_get_notif_attrs_response  ble_ancs_c.o
    0x00038672   0x000000a4   Code   RO         2628    i.parse_notif       ble_ancs_c.o
    0x00038716   0x00000018   Code   RO         2046    i.peer_address_exists  ble_advertising.o
    0x0003872e   0x00000002   PAD
    0x00038730   0x00000058   Code   RO         2375    i.peer_instance_init  device_manager_peripheral.o
    0x00038788   0x0000003c   Code   RO         2788    i.pending_user_evts_send  ble_db_discovery.o
    0x000387c4   0x0000001c   Code   RO         3070    i.pin_in_use_by_gpiote  nrf_drv_gpiote.o
    0x000387e0   0x00000018   Code   RO         3071    i.pin_in_use_by_port  nrf_drv_gpiote.o
    0x000387f8   0x00000020   Code   RO         3072    i.pin_in_use_by_te  nrf_drv_gpiote.o
    0x00038818   0x0000000c   Code   RO         3073    i.pin_in_use_clear  nrf_drv_gpiote.o
    0x00038824   0x00000048   Code   RO           53    i.power_manage      main.o
    0x0003886c   0x00000010   Code   RO         1570    i.power_off_peripheral_device  gc_sleep.o
    0x0003887c   0x0000002c   Code   RO         3585    i.pstorage_access_status_get  pstorage.o
    0x000388a8   0x000000a0   Code   RO         3586    i.pstorage_block_identifier_get  pstorage.o
    0x00038948   0x00000120   Code   RO         3587    i.pstorage_clear    pstorage.o
    0x00038a68   0x0000001e   Code   RO         3588    i.pstorage_flash_page_end  pstorage.o
    0x00038a86   0x0000000a   Code   RO         3589    i.pstorage_flash_page_size  pstorage.o
    0x00038a90   0x00000090   Code   RO         3590    i.pstorage_init     pstorage.o
    0x00038b20   0x000000f4   Code   RO         3591    i.pstorage_load     pstorage.o
    0x00038c14   0x00000110   Code   RO         3592    i.pstorage_register  pstorage.o
    0x00038d24   0x000000dc   Code   RO         3593    i.pstorage_store    pstorage.o
    0x00038e00   0x00000048   Code   RO         3594    i.pstorage_sys_event_handler  pstorage.o
    0x00038e48   0x000000dc   Code   RO         3595    i.pstorage_update   pstorage.o
    0x00038f24   0x0000018c   Code   RO           54    i.recal_after_reset  main.o
    0x000390b0   0x00000028   Code   RO           55    i.recall_GMT_offset  main.o
    0x000390d8   0x00000040   Code   RO         2789    i.registered_handler_get  ble_db_discovery.o
    0x00039118   0x00000044   Code   RO         2790    i.registered_handler_set  ble_db_discovery.o
    0x0003915c   0x00000070   Code   RO           56    i.reset_prepare     main.o
    0x000391cc   0x0000000c   Code   RO         4890    i.rtc1_compare0_set  app_timer.o
    0x000391d8   0x0000000c   Code   RO         4891    i.rtc1_counter_get  app_timer.o
    0x000391e4   0x00000018   Code   RO         4892    i.rtc1_init         app_timer.o
    0x000391fc   0x0000003c   Code   RO         4893    i.rtc1_start        app_timer.o
    0x00039238   0x00000058   Code   RO         4894    i.rtc1_stop         app_timer.o
    0x00039290   0x000000a0   Code   RO         6828    i.rtc_i2c_read      rtc.o
    0x00039330   0x00000078   Code   RO         6829    i.rtc_i2c_write     rtc.o
    0x000393a8   0x00000078   Code   RO         6830    i.rtc_set_time      rtc.o
    0x00039420   0x00000050   Code   RO         3315    i.rx_byte           nrf_drv_uart.o
    0x00039470   0x00000136   Code   RO         2230    i.rx_char_add       ble_nus.o
    0x000395a6   0x00000002   PAD
    0x000395a8   0x00000024   Code   RO         3316    i.rx_done_event     nrf_drv_uart.o
    0x000395cc   0x00000024   Code   RO         3317    i.rx_enable         nrf_drv_uart.o
    0x000395f0   0x00000130   Code   RO         1643    i.saadc_init        gc_saadc.o
    0x00039720   0x00000100   Code   RO         1571    i.save_data_before_reset  gc_sleep.o
    0x00039820   0x00000090   Code   RO         1572    i.save_info_before_mcu_off  gc_sleep.o
    0x000398b0   0x000000ac   Code   RO         1573    i.save_info_before_reset_point  gc_sleep.o
    0x0003995c   0x0000002c   Code   RO           57    i.scheduler_init    main.o
    0x00039988   0x0000001c   Code   RO         5709    i.sd_check_ram_start  softdevice_handler.o
    0x000399a4   0x000000d0   Code   RO         5710    i.sd_nvic_EnableIRQ  softdevice_handler.o
    0x00039a74   0x00000068   Code   RO         5104    i.sd_nvic_critical_region_enter  app_util_platform.o
    0x00039adc   0x00000036   Code   RO         1926    i.sec_mgr_oob_flags_encode  ble_advdata.o
    0x00039b12   0x00000002   PAD
    0x00039b14   0x00000068   Code   RO           58    i.sec_req_timeout_handler  main.o
    0x00039b7c   0x0000052c   Code   RO           59    i.sensor_timer_handler  main.o
    0x0003a0a8   0x00000096   Code   RO         1927    i.service_data_encode  ble_advdata.o
    0x0003a13e   0x00000002   PAD
    0x0003a140   0x0000014c   Code   RO           60    i.services_init     main.o
    0x0003a28c   0x00000014   Code   RO         3596    i.sm_state_change   pstorage.o
    0x0003a2a0   0x00000018   Code   RO         5711    i.softdevice_ble_evt_handler_set  softdevice_handler.o
    0x0003a2b8   0x0000001c   Code   RO         5712    i.softdevice_enable  softdevice_handler.o
    0x0003a2d4   0x0000002c   Code   RO         5713    i.softdevice_enable_get_default_config  softdevice_handler.o
    0x0003a300   0x00000014   Code   RO         5714    i.softdevice_fault_handler  softdevice_handler.o
    0x0003a314   0x00000064   Code   RO         5715    i.softdevice_handler_init  softdevice_handler.o
    0x0003a378   0x00000018   Code   RO         5718    i.softdevice_sys_evt_handler_set  softdevice_handler.o
    0x0003a390   0x00000040   Code   RO         7350    i.spi_burst_read_reg  pah8002_comm_spi.o
    0x0003a3d0   0x000000b0   Code   RO         7475    i.spi_pah8002_master_init  spi_pah8002.o
    0x0003a480   0x000001f8   Code   RO         6918    i.spi_send_recv     spi_flash.o
    0x0003a678   0x00000058   Code   RO         7352    i.spi_write_reg     pah8002_comm_spi.o
    0x0003a6d0   0x0000011c   Code   RO         4218    i.spim_xfer         nrf_drv_spi.o
    0x0003a7ec   0x0000006e   Code   RO         9302    i.sqrt              m_wm.l(sqrt.o)
    0x0003a85a   0x0000000e   Code   RO         1928    i.srdata_check      ble_advdata.o
    0x0003a868   0x00000010   Code   RO         3597    i.state_data_erase_entry_run  pstorage.o
    0x0003a878   0x0000008c   Code   RO         3598    i.state_data_erase_swap_entry_run  pstorage.o
    0x0003a904   0x00000038   Code   RO         3599    i.state_entry_action_run  pstorage.o
    0x0003a93c   0x00000010   Code   RO         3600    i.state_erase_data_page_entry_run  pstorage.o
    0x0003a94c   0x0000001c   Code   RO         3601    i.state_idle_entry_run  pstorage.o
    0x0003a968   0x00000034   Code   RO         3602    i.state_restore_head_entry_run  pstorage.o
    0x0003a99c   0x00000058   Code   RO         3603    i.state_restore_tail_entry_run  pstorage.o
    0x0003a9f4   0x00000008   Code   RO         3604    i.state_store_entry_run  pstorage.o
    0x0003a9fc   0x0000001e   Code   RO         3605    i.state_swap_erase_entry_run  pstorage.o
    0x0003aa1a   0x00000002   PAD
    0x0003aa1c   0x00000038   Code   RO         3606    i.state_write_data_swap_entry_run  pstorage.o
    0x0003aa54   0x00000008   Code   RO         2376    i.storage_operation_dummy_handler  device_manager_peripheral.o
    0x0003aa5c   0x00000068   Code   RO         3607    i.store_cmd_flash_write_execute  pstorage.o
    0x0003aac4   0x0000000a   Code   RO         3608    i.store_operation_execute  pstorage.o
    0x0003aace   0x00000002   PAD
    0x0003aad0   0x00000048   Code   RO         3609    i.store_sub_state_sm_run  pstorage.o
    0x0003ab18   0x00000056   Code   RO          749    i.strncmpi          command.o
    0x0003ab6e   0x00000002   PAD
    0x0003ab70   0x00000020   Code   RO         3610    i.swap_erase_state_run  pstorage.o
    0x0003ab90   0x00000008   Code   RO         3611    i.swap_sub_sm_exit_action_run  pstorage.o
    0x0003ab98   0x00000018   Code   RO         3612    i.swap_sub_state_entry_action_run  pstorage.o
    0x0003abb0   0x00000020   Code   RO         3613    i.swap_sub_state_err_busy_process  pstorage.o
    0x0003abd0   0x00000018   Code   RO         3614    i.swap_sub_state_sm_run  pstorage.o
    0x0003abe8   0x00000014   Code   RO         3615    i.swap_sub_state_state_change  pstorage.o
    0x0003abfc   0x00000012   Code   RO           62    i.sys_evt_dispatch  main.o
    0x0003ac0e   0x00000002   PAD
    0x0003ac10   0x0000001c   Code   RO         3616    i.tail_restore_state_run  pstorage.o
    0x0003ac2c   0x0000004c   Code   RO         3617    i.tail_word_size_calculate  pstorage.o
    0x0003ac78   0x0000000a   Code   RO         4895    i.ticks_diff_get    app_timer.o
    0x0003ac82   0x00000002   PAD
    0x0003ac84   0x00000038   Code   RO         4896    i.timeout_handler_exec  app_timer.o
    0x0003acbc   0x00000054   Code   RO         4897    i.timer_list_handler  app_timer.o
    0x0003ad10   0x0000000a   Code   RO         4898    i.timer_list_handler_sched  app_timer.o
    0x0003ad1a   0x00000002   PAD
    0x0003ad1c   0x00000068   Code   RO         4899    i.timer_list_insert  app_timer.o
    0x0003ad84   0x0000006c   Code   RO         4900    i.timer_list_remove  app_timer.o
    0x0003adf0   0x0000005c   Code   RO         4901    i.timer_start_op_schedule  app_timer.o
    0x0003ae4c   0x00000040   Code   RO         4903    i.timer_stop_op_schedule  app_timer.o
    0x0003ae8c   0x00000098   Code   RO         4904    i.timer_timeouts_check  app_timer.o
    0x0003af24   0x0000000a   Code   RO         4905    i.timer_timeouts_check_sched  app_timer.o
    0x0003af2e   0x00000002   PAD
    0x0003af30   0x00000078   Code   RO           63    i.timers_init       main.o
    0x0003afa8   0x00000046   Code   RO         1929    i.tk_value_encode   ble_advdata.o
    0x0003afee   0x00000014   Code   RO          750    i.tolower           command.o
    0x0003b002   0x00000002   PAD
    0x0003b004   0x00000094   Code   RO         4032    i.twi_clear_bus     nrf_drv_twi.o
    0x0003b098   0x0000004c   Code   RO         4033    i.twi_receive_byte  nrf_drv_twi.o
    0x0003b0e4   0x000000a4   Code   RO         4034    i.twi_rx_start_transfer  nrf_drv_twi.o
    0x0003b188   0x00000048   Code   RO         4035    i.twi_send_byte     nrf_drv_twi.o
    0x0003b1d0   0x00000122   Code   RO         4036    i.twi_transfer      nrf_drv_twi.o
    0x0003b2f2   0x000000aa   Code   RO         4037    i.twi_tx_start_transfer  nrf_drv_twi.o
    0x0003b39c   0x000000b8   Code   RO         4038    i.twi_xfer          nrf_drv_twi.o
    0x0003b454   0x00000090   Code   RO         2629    i.tx_buffer_process  ble_ancs_c.o
    0x0003b4e4   0x00000038   Code   RO         3318    i.tx_byte           nrf_drv_uart.o
    0x0003b51c   0x000000ec   Code   RO         2231    i.tx_char_add       ble_nus.o
    0x0003b608   0x0000002c   Code   RO         3319    i.tx_done_event     nrf_drv_uart.o
    0x0003b634   0x00000036   Code   RO         1930    i.tx_power_level_encode  ble_advdata.o
    0x0003b66a   0x00000002   PAD
    0x0003b66c   0x00000078   Code   RO           64    i.uart_event_handle  main.o
    0x0003b6e4   0x000000c0   Code   RO         2905    i.uart_event_handler  app_uart_fifo.o
    0x0003b7a4   0x00000058   Code   RO           65    i.uart_init         main.o
    0x0003b7fc   0x00000160   Code   RO         3320    i.uart_irq_handler  nrf_drv_uart.o
    0x0003b95c   0x0000012c   Code   RO         3321    i.uarte_irq_handler  nrf_drv_uart.o
    0x0003ba88   0x0000000c   Code   RO         1931    i.uint16_encode     ble_advdata.o
    0x0003ba94   0x00000018   Code   RO         2630    i.uint32_decode     ble_ancs_c.o
    0x0003baac   0x000000a8   Code   RO         1391    i.update_accelerometer_buffer  gc_util.o
    0x0003bb54   0x00000008   Code   RO         3618    i.update_operation_execute  pstorage.o
    0x0003bb5c   0x00000014   Code   RO         2377    i.update_status_bit_reset  device_manager_peripheral.o
    0x0003bb70   0x00000090   Code   RO         2136    i.update_timeout_handler  ble_conn_params.o
    0x0003bc00   0x00000058   Code   RO         4906    i.user_id_get       app_timer.o
    0x0003bc58   0x00000030   Code   RO         4907    i.user_op_alloc     app_timer.o
    0x0003bc88   0x00000004   Code   RO         4908    i.user_op_enque     app_timer.o
    0x0003bc8c   0x0000004e   Code   RO         1932    i.uuid_list_encode  ble_advdata.o
    0x0003bcda   0x000000dc   Code   RO         1933    i.uuid_list_sized_encode  ble_advdata.o
    0x0003bdb6   0x00000012   Code   RO         2047    i.whitelist_has_entries  ble_advertising.o
    0x0003bdc8   0x00000040   Data   RO           67    .constdata          main.o
    0x0003be08   0x00000078   Data   RO          752    .constdata          command.o
    0x0003be80   0x00000da0   Data   RO         1014    .constdata          font.o
    0x0003cc20   0x00000004   Data   RO         1644    .constdata          gc_saadc.o
    0x0003cc24   0x0000003c   Data   RO         1776    .constdata          bsp.o
    0x0003cc60   0x00000004   Data   RO         2138    .constdata          ble_conn_params.o
    0x0003cc64   0x00000010   Data   RO         2232    .constdata          ble_nus.o
    0x0003cc74   0x00000034   Data   RO         2379    .constdata          device_manager_peripheral.o
    0x0003cca8   0x00000040   Data   RO         2632    .constdata          ble_ancs_c.o
    0x0003cce8   0x00000020   Data   RO         2907    .constdata          app_uart_fifo.o
    0x0003cd08   0x00000020   Data   RO         3323    .constdata          nrf_drv_uart.o
    0x0003cd28   0x00000028   Data   RO         3620    .constdata          pstorage.o
    0x0003cd50   0x00000024   Data   RO         4040    .constdata          nrf_drv_twi.o
    0x0003cd74   0x00000020   Data   RO         4220    .constdata          nrf_drv_spi.o
    0x0003cd94   0x00000010   Data   RO         5675    .constdata          segger_rtt_printf.o
    0x0003cda4   0x0000001c   Data   RO         6920    .constdata          spi_flash.o
    0x0003cdc0   0x000006fa   Data   RO         7178    .constdata          pah8002.o
    0x0003d4ba   0x00000002   PAD
    0x0003d4bc   0x0000001c   Data   RO         7476    .constdata          spi_pah8002.o
    0x0003d4d8   0x000001e0   Data   RO         8508    .constdata          pah8series_motion5_181_m4f_keil.lib(Hr_motion8002.o)
    0x0003d6b8   0x00000160   Data   RO         8788    .constdata          pah8series_motion5_181_m4f_keil.lib(filter8002_fixed.o)
    0x0003d818   0x00000404   Data   RO         8884    .constdata          pah8series_motion5_181_m4f_keil.lib(math_op.o)
    0x0003dc1c   0x00000030   Data   RO         9247    .constdata          m_wm.l(expf.o)
    0x0003dc4c   0x00000040   Data   RO         9261    .constdata          m_wm.l(log10f.o)
    0x0003dc8c   0x00000004   PAD
    0x0003dc90   0x00000088   Data   RO         9275    .constdata          m_wm.l(pow.o)
    0x0003dd18   0x00000140   Data   RO         9289    .constdata          m_wm.l(powf.o)
    0x0003de58   0x00000008   Data   RO         9704    .constdata          m_wm.l(qnan.o)
    0x0003de60   0x00000081   Data   RO         9726    .constdata          mc_w.l(ctype_o.o)
    0x0003dee1   0x00000003   PAD
    0x0003dee4   0x00000004   Data   RO         9727    .constdata          mc_w.l(ctype_o.o)
    0x0003dee8   0x0000012a   Data   RO           68    .conststring        main.o
    0x0003e012   0x00000002   PAD
    0x0003e014   0x00000073   Data   RO          753    .conststring        command.o
    0x0003e087   0x00000001   PAD
    0x0003e088   0x00000009   Data   RO         5595    .conststring        segger_rtt.o
    0x0003e091   0x00000003   PAD
    0x0003e094   0x00000020   Data   RO         9789    Region$$Table       anon$$obj.o


    Execution Region RW_IRAM1 (Base: 0x20002080, Size: 0x00008c48, Max: 0x0000df80, ABSOLUTE, COMPRESSED[0x000000c4])

    Base Addr    Size         Type   Attr      Idx    E Section Name        Object

    0x20002080   0x00000101   Data   RW           69    .data               main.o
    0x20002181   0x00000003   PAD
    0x20002184   0x00000008   Data   RW          754    .data               command.o
    0x2000218c   0x00000006   Data   RW         1112    .data               flash_control.o
    0x20002192   0x00000002   PAD
    0x20002194   0x000000d0   Data   RW         1214    .data               gc_activity.o
    0x20002264   0x0000002b   Data   RW         1325    .data               gc_protocol.o
    0x2000228f   0x00000001   Data   RW         1393    .data               gc_util.o
    0x20002290   0x0000001d   Data   RW         1446    .data               display.o
    0x200022ad   0x00000003   PAD
    0x200022b0   0x0000000d   Data   RW         1574    .data               gc_sleep.o
    0x200022bd   0x00000001   PAD
    0x200022be   0x00000008   Data   RW         1645    .data               gc_saadc.o
    0x200022c6   0x00000002   PAD
    0x200022c8   0x00000019   Data   RW         1777    .data               bsp.o
    0x200022e1   0x00000003   PAD
    0x200022e4   0x00000008   Data   RW         1868    .data               bsp_btn_ble.o
    0x200022ec   0x00000020   Data   RW         2049    .data               ble_advertising.o
    0x2000230c   0x00000015   Data   RW         2139    .data               ble_conn_params.o
    0x20002321   0x00000003   PAD
    0x20002324   0x00000014   Data   RW         2380    .data               device_manager_peripheral.o
    0x20002338   0x00000008   Data   RW         2633    .data               ble_ancs_c.o
    0x20002340   0x0000000d   Data   RW         2792    .data               ble_db_discovery.o
    0x2000234d   0x00000003   PAD
    0x20002350   0x00000006   Data   RW         2908    .data               app_uart_fifo.o
    0x20002356   0x00000002   PAD
    0x20002358   0x00000028   Data   RW         3621    .data               pstorage.o
    0x20002380   0x00000009   Data   RW         4365    .data               nrf_drv_ppi.o
    0x20002389   0x00000003   PAD
    0x2000238c   0x00000022   Data   RW         4909    .data               app_timer.o
    0x200023ae   0x00000002   PAD
    0x200023b0   0x00000008   Data   RW         5385    .data               retarget.o
    0x200023b8   0x0000000e   Data   RW         5425    .data               app_scheduler.o
    0x200023c6   0x00000002   PAD
    0x200023c8   0x00000079   Data   RW         5596    .data               segger_rtt.o
    0x20002441   0x00000003   PAD
    0x20002444   0x00000018   Data   RW         5720    .data               softdevice_handler.o
    0x2000245c   0x00000005   Data   RW         5947    .data               bma2x2.o
    0x20002461   0x00000001   Data   RW         6742    .data               oled.o
    0x20002462   0x00000002   Data   RW         6831    .data               rtc.o
    0x20002464   0x0000000a   Data   RW         6921    .data               spi_flash.o
    0x2000246e   0x00000002   PAD
    0x20002470   0x00000038   Data   RW         7179    .data               pah8002.o
    0x200024a8   0x0000000a   Data   RW         7354    .data               pah8002_comm_spi.o
    0x200024b2   0x00000002   PAD
    0x200024b4   0x00000004   Data   RW         7545    .data               system_nrf52.o
    0x200024b8   0x00000004   Data   RW         7644    .data               pah8series_motion5_181_m4f_keil.lib(pah8002_api.o)
    0x200024bc   0x00000004   Data   RW         9346    .data               mc_w.l(strtok.o)
    0x200024c0   0x00000004   Data   RW         9753    .data               mc_w.l(mvars.o)
    0x200024c4   0x00000004   Data   RW         9754    .data               mc_w.l(mvars.o)
    0x200024c8   0x00000004   Data   RW         9758    .data               mc_w.l(errno.o)
    0x200024cc   0x00000f00   Zero   RW           66    .bss                main.o
    0x200033cc   0x00000044   Zero   RW          751    .bss                command.o
    0x20003410   0x000001c8   Zero   RW         1213    .bss                gc_activity.o
    0x200035d8   0x00000039   Zero   RW         1324    .bss                gc_protocol.o
    0x20003611   0x00000001   PAD
    0x20003612   0x00000258   Zero   RW         1392    .bss                gc_util.o
    0x2000386a   0x00000002   PAD
    0x2000386c   0x0000006c   Zero   RW         1775    .bss                bsp.o
    0x200038d8   0x00000103   Zero   RW         2048    .bss                ble_advertising.o
    0x200039db   0x00000001   PAD
    0x200039dc   0x0000003c   Zero   RW         2137    .bss                ble_conn_params.o
    0x20003a18   0x00000133   Zero   RW         2378    .bss                device_manager_peripheral.o
    0x20003b4b   0x00000001   PAD
    0x20003b4c   0x00000120   Zero   RW         2631    .bss                ble_ancs_c.o
    0x20003c6c   0x000001f8   Zero   RW         2791    .bss                ble_db_discovery.o
    0x20003e64   0x00000020   Zero   RW         2906    .bss                app_uart_fifo.o
    0x20003e84   0x00000058   Zero   RW         3074    .bss                nrf_drv_gpiote.o
    0x20003edc   0x00000020   Zero   RW         3322    .bss                nrf_drv_uart.o
    0x20003efc   0x000000d8   Zero   RW         3619    .bss                pstorage.o
    0x20003fd4   0x00000038   Zero   RW         4039    .bss                nrf_drv_twi.o
    0x2000400c   0x00000040   Zero   RW         4219    .bss                nrf_drv_spi.o
    0x2000404c   0x0000002c   Zero   RW         4523    .bss                nrf_drv_saadc.o
    0x20004078   0x00000058   Zero   RW         5176    .bss                fstorage.o
    0x200040d0   0x00000410   Zero   RW         5594    .bss                segger_rtt.o
    0x200044e0   0x0000000c   Zero   RW         5719    .bss                softdevice_handler.o
    0x200044ec   0x00000018   Zero   RW         6676    .bss                bma2x2_support.o
    0x20004504   0x0000001a   Zero   RW         7074    .bss                an520.o
    0x2000451e   0x00000002   PAD
    0x20004520   0x00000124   Zero   RW         7177    .bss                pah8002.o
    0x20004644   0x00000280   Zero   RW         7353    .bss                pah8002_comm_spi.o
    0x200048c4   0x00000004   PAD
    0x200048c8   0x00004400   Zero   RW         7526    HEAP                arm_startup_nrf52.o
    0x20008cc8   0x00002000   Zero   RW         7525    STACK               arm_startup_nrf52.o


==============================================================================

Image component sizes


      Code (inc. data)   RO Data    RW Data    ZI Data      Debug   Object Name

      1314        204          0          0         26       5815   an520.o
        28          0          0          0          0       2109   app_error.o
       104         10          0          0          0        822   app_error_weak.o
       180          0          0          0          0       5479   app_fifo.o
        92         26          0         14          0       2349   app_scheduler.o
      2450        278          0         34          0      58843   app_timer.o
       570         78         32          6         32       7523   app_uart_fifo.o
       200         24          0          0          0       9590   app_util_platform.o
        36          8       1024          0      25600        868   arm_startup_nrf52.o
      2136          0          0          0          0      23004   ble_advdata.o
      1576        156          0         32        259      10151   ble_advertising.o
      1712         50         64          8        288      24504   ble_ancs_c.o
       734        126          4         21         60      18711   ble_conn_params.o
      2082        122          0         13        504      16319   ble_db_discovery.o
       940          4         16          0          0       6970   ble_nus.o
      2328        104          0          5          0      10727   bma2x2.o
       488        150          0          0         24       3747   bma2x2_support.o
      1780        106         60         25        108       5573   bsp.o
       288         10          0          8          0       3325   bsp_btn_ble.o
      2946        902        235          8         68      58252   command.o
      4840        290         52         20        307      31104   device_manager_peripheral.o
      6920        552          0         29          0      13613   display.o
      1080         92          0          6          0      14169   flash_control.o
      3940        610       3488          0          0      18595   font.o
        24          6          0          0         88       3048   fstorage.o
      5220        632          0        208        456      17787   gc_activity.o
       312        162          0          0          0       2266   gc_ble_notification.o
      3656        374          0         43         57      37425   gc_protocol.o
      1806        242          4          8          0      21864   gc_saadc.o
       652         88          0         13          0       7615   gc_sleep.o
       144          4          0          0          0       1177   gc_time.o
       196         26          0          1        600      36970   gc_util.o
      7746       1792        362        257       3840     243231   main.o
       144          0          0          0          0       1631   nrf_delay.o
        96         12          0          0          0      28811   nrf_drv_common.o
      1642        154          0          0         88      28350   nrf_drv_gpiote.o
       500         44          0          9          0      13866   nrf_drv_ppi.o
       896         48          0          0         44      14526   nrf_drv_saadc.o
      1024         50         32          0         64      21538   nrf_drv_spi.o
      1910         58         36          0         56      29676   nrf_drv_twi.o
      2532        184         32          0         32      40541   nrf_drv_uart.o
        64          0          0          0          0       1349   nrf_log.o
       104          6          0          0          0       6145   nrf_saadc.o
       604        124          0          1          0       8561   oled.o
      1876        172       1786         56        292      16640   pah8002.o
       402         62          0         10        640       7113   pah8002_comm_spi.o
         0          0          0          0          0        564   print.o
      4248        436         40         40        216      44274   pstorage.o
        16          0          0          8          0       2610   retarget.o
       534        168          0          2          0       4239   rtc.o
       370          4          9        121       1040       2599   segger_rtt.o
      1076          4         16          0          0       5821   segger_rtt_printf.o
       688         84          0         24         12      39117   softdevice_handler.o
       840        326         28         10          0       8411   spi_flash.o
       456        160         28          0          0       6611   spi_pah8002.o
      1016        104          0          4          0      32130   system_nrf52.o

    ----------------------------------------------------------------------
     79652       9428       7388       1080      34812    1088668   Object Totals
         0          0         32          0          0          0   (incl. Generated)
        94          0          8         36         11          0   (incl. Padding)

    ----------------------------------------------------------------------

      Code (inc. data)   RO Data    RW Data    ZI Data      Debug   Library Member Name

       164         44          0          0          0        620   dunder.o
       488         62         48          0          0        236   expf.o
        24          0          0          0          0        124   fabs.o
        48          0          0          0          0        124   fpclassify.o
        38          0          0          0          0        116   fpclassifyf.o
        80         24          0          0          0        696   funder.o
       384         52         64          0          0        140   log10f.o
       248          0          0          0          0        152   poly.o
      3152        296        136          0          0        352   pow.o
      1636        110        320          0          0        372   powf.o
         0          0          8          0          0          0   qnan.o
       232          0          0          0          0        296   sqrt.o
        58          0          0          0          0        136   sqrtf.o
        86          0          0          0          0          0   __dczerorl2.o
        28          0          0          0          0         68   _chval.o
       158          0          0          0          0         92   _strtoul.o
        26          0          0          0          0         80   atoi.o
         8          4        133          0          0         68   ctype_o.o
         0          0          0          0          0          0   entry.o
         0          0          0          0          0          0   entry10a.o
         0          0          0          0          0          0   entry11a.o
         8          4          0          0          0          0   entry2.o
         4          0          0          0          0          0   entry5.o
         0          0          0          0          0          0   entry7b.o
         0          0          0          0          0          0   entry8b.o
         8          4          0          0          0          0   entry9a.o
        20         10          0          4          0        136   errno.o
        30          0          0          0          0          0   handlers.o
        36          8          0          0          0         68   init.o
         0          0          0          0          0          0   iusefp.o
        98          0          0          0          0         84   ldiv.o
        30          0          0          0          0         68   llshl.o
        36          0          0          0          0         68   llsshr.o
        32          0          0          0          0         68   llushr.o
       188         20          0          0          0        160   malloc.o
        26          0          0          0          0         80   memcmp.o
        36          0          0          0          0         68   memcpya.o
        36          0          0          0          0        108   memseta.o
         0          0          0          8          0          0   mvars.o
      2276         96          0          0          0        596   printfa.o
        28          0          0          0          0         76   strcmp.o
        14          0          0          0          0         68   strlen.o
        68          6          0          4          0         80   strtok.o
       112          0          0          0          0         88   strtol.o
       114          0          0          0          0         92   strtoul.o
        44          0          0          0          0         80   uidiv.o
        98          0          0          0          0         92   uldiv.o
        48          0          0          0          0         68   cdrcmple.o
        56          0          0          0          0         88   d2f.o
       334          0          0          0          0        148   dadd.o
       222          0          0          0          0        100   ddiv.o
       186          0          0          0          0        176   depilogue.o
        62          0          0          0          0         80   dfixi.o
        48          0          0          0          0         68   dfixul.o
        34          0          0          0          0         76   dflti.o
        26          0          0          0          0         76   dfltui.o
       228          0          0          0          0         96   dmul.o
        46          0          0          0          0         80   dscalb.o
       162          0          0          0          0        100   dsqrt.o
       110          0          0          0          0        168   fepilogue.o
        44          0          0          0          0         92   ffltl.o
         4          0          0          0          0         68   fpstat.o
      7354         52        480          0          0      36698   Hr_motion8002.o
       420          0          0          0          0      28828   api_set.o
      7830         50          0          0          0      17835   cal_hr.o
      1160         50        352          0          0      12843   filter8002_fixed.o
      6336         38          0          0          0      18462   harmonic_grp_tracking.o
       558         22       1028          0          0       3708   math_op.o
       260         26          0          4          0      33006   pah8002_api.o
      1052         48          0          0          0      14720   pah8series_hr.o
     10286         70          0          0          0      29684   peak_search.o
      2698         30          0          0          0       5947   signal_grade.o

    ----------------------------------------------------------------------
     49828       1130       2576         20          0     208967   Library Totals
        64          4          7          0          0          0   (incl. Padding)

    ----------------------------------------------------------------------

      Code (inc. data)   RO Data    RW Data    ZI Data      Debug   Library Name

      6552        588        576          0          0       3364   m_wm.l
      3648        152        133         16          0       2388   mc_w.l
      1610          0          0          0          0       1484   mf_w.l
     37954        386       1860          4          0     201731   pah8series_motion5_181_m4f_keil.lib

    ----------------------------------------------------------------------
     49828       1130       2576         20          0     208967   Library Totals

    ----------------------------------------------------------------------

==============================================================================


      Code (inc. data)   RO Data    RW Data    ZI Data      Debug   

    129480      10558       9964       1100      34812    1215787   Grand Totals
    129480      10558       9964        196      34812    1215787   ELF Image Totals (compressed)
    129480      10558       9964        196          0          0   ROM Totals

==============================================================================

    Total RO  Size (Code + RO Data)               139444 ( 136.18kB)
    Total RW  Size (RW Data + ZI Data)             35912 (  35.07kB)
    Total ROM Size (Code + RO Data + RW Data)     139640 ( 136.37kB)

==============================================================================

