<!doctype html public "-//w3c//dtd html 4.0 transitional//en">
<html><head>
<title>Static Call Graph - [..\object\F1_1_0_0_7.axf]</title></head>
<body><HR>
<H1>Static Call Graph for image ..\object\F1_1_0_0_7.axf</H1><HR>
<BR><P>#&#060CALLGRAPH&#062# ARM Linker, 5060061: Last Updated: Wed Nov 08 10:42:32 2017
<BR><P>
<H3>Maximum Stack Usage =       1992 bytes + Unknown(Cycles, Untraceable Function Pointers)</H3><H3>
Call chain for Maximum Stack Depth:</H3>
nus_data_handler &rArr; ble_receive_handler &rArr; save_data_before_reset &rArr; gc_flash_fwrite &rArr; SPI_FLASH_PageWrite &rArr; SPI_FLASH_WriteEnable &rArr; spi_send_recv &rArr; nrf_drv_spi_transfer &rArr; nrf_drv_spi_xfer &rArr; spim_xfer
<P>
<H3>
Mutually Recursive functions
</H3> <LI><a href="#[3]">NMI_Handler</a>&nbsp;&nbsp;&nbsp;&rArr;&nbsp;&nbsp;&nbsp;<a href="#[3]">NMI_Handler</a><BR>
 <LI><a href="#[4]">HardFault_Handler</a>&nbsp;&nbsp;&nbsp;&rArr;&nbsp;&nbsp;&nbsp;<a href="#[4]">HardFault_Handler</a><BR>
 <LI><a href="#[5]">MemoryManagement_Handler</a>&nbsp;&nbsp;&nbsp;&rArr;&nbsp;&nbsp;&nbsp;<a href="#[5]">MemoryManagement_Handler</a><BR>
 <LI><a href="#[6]">BusFault_Handler</a>&nbsp;&nbsp;&nbsp;&rArr;&nbsp;&nbsp;&nbsp;<a href="#[6]">BusFault_Handler</a><BR>
 <LI><a href="#[7]">UsageFault_Handler</a>&nbsp;&nbsp;&nbsp;&rArr;&nbsp;&nbsp;&nbsp;<a href="#[7]">UsageFault_Handler</a><BR>
 <LI><a href="#[8]">SVC_Handler</a>&nbsp;&nbsp;&nbsp;&rArr;&nbsp;&nbsp;&nbsp;<a href="#[8]">SVC_Handler</a><BR>
 <LI><a href="#[9]">DebugMonitor_Handler</a>&nbsp;&nbsp;&nbsp;&rArr;&nbsp;&nbsp;&nbsp;<a href="#[9]">DebugMonitor_Handler</a><BR>
 <LI><a href="#[a]">PendSV_Handler</a>&nbsp;&nbsp;&nbsp;&rArr;&nbsp;&nbsp;&nbsp;<a href="#[a]">PendSV_Handler</a><BR>
 <LI><a href="#[b]">SysTick_Handler</a>&nbsp;&nbsp;&nbsp;&rArr;&nbsp;&nbsp;&nbsp;<a href="#[b]">SysTick_Handler</a><BR>
 <LI><a href="#[1b]">CCM_AAR_IRQHandler</a>&nbsp;&nbsp;&nbsp;&rArr;&nbsp;&nbsp;&nbsp;<a href="#[1b]">CCM_AAR_IRQHandler</a><BR>
 <LI><a href="#[78]">__asm___11_nrf_delay_c_532987f3__nrf_delay_us</a>&nbsp;&nbsp;&nbsp;&rArr;&nbsp;&nbsp;&nbsp;<a href="#[78]">__asm___11_nrf_delay_c_532987f3__nrf_delay_us</a><BR>
 <LI><a href="#[7a]">__asm___11_app_timer_c_cd27f9c3__nrf_delay_us</a>&nbsp;&nbsp;&nbsp;&rArr;&nbsp;&nbsp;&nbsp;<a href="#[7a]">__asm___11_app_timer_c_cd27f9c3__nrf_delay_us</a><BR>
 <LI><a href="#[79]">__asm___13_nrf_drv_twi_c_a9bcf68d__nrf_delay_us</a>&nbsp;&nbsp;&nbsp;&rArr;&nbsp;&nbsp;&nbsp;<a href="#[79]">__asm___13_nrf_drv_twi_c_a9bcf68d__nrf_delay_us</a><BR>
 <LI><a href="#[1bc]">app_notify_error_state_transit</a>&nbsp;&nbsp;&nbsp;&rArr;&nbsp;&nbsp;&nbsp;<a href="#[1be]">sm_state_change</a><BR>
 <LI><a href="#[256]">cmd_queue_dequeue</a>&nbsp;&nbsp;&nbsp;&rArr;&nbsp;&nbsp;&nbsp;<a href="#[254]">cmd_process</a><BR>
</UL>
<P>
<H3>
Function Pointers
</H3><UL>
 <LI><a href="#[35]">BMA2x2_I2C_bus_read</a> from bma2x2_support.o(i.BMA2x2_I2C_bus_read) referenced from bma2x2_support.o(i.I2C_routine)
 <LI><a href="#[34]">BMA2x2_I2C_bus_write</a> from bma2x2_support.o(i.BMA2x2_I2C_bus_write) referenced from bma2x2_support.o(i.I2C_routine)
 <LI><a href="#[36]">BMA2x2_delay_msek</a> from bma2x2_support.o(i.BMA2x2_delay_msek) referenced from bma2x2_support.o(i.I2C_routine)
 <LI><a href="#[6]">BusFault_Handler</a> from arm_startup_nrf52.o(.text) referenced from arm_startup_nrf52.o(RESET)
 <LI><a href="#[1b]">CCM_AAR_IRQHandler</a> from arm_startup_nrf52.o(.text) referenced from arm_startup_nrf52.o(RESET)
 <LI><a href="#[1f]">COMP_LPCOMP_IRQHandler</a> from arm_startup_nrf52.o(.text) referenced from arm_startup_nrf52.o(RESET)
 <LI><a href="#[9]">DebugMonitor_Handler</a> from arm_startup_nrf52.o(.text) referenced from arm_startup_nrf52.o(RESET)
 <LI><a href="#[1a]">ECB_IRQHandler</a> from arm_startup_nrf52.o(.text) referenced from arm_startup_nrf52.o(RESET)
 <LI><a href="#[30]">FPU_IRQHandler</a> from arm_startup_nrf52.o(.text) referenced from arm_startup_nrf52.o(RESET)
 <LI><a href="#[12]">GPIOTE_IRQHandler</a> from nrf_drv_gpiote.o(i.GPIOTE_IRQHandler) referenced from arm_startup_nrf52.o(RESET)
 <LI><a href="#[4]">HardFault_Handler</a> from arm_startup_nrf52.o(.text) referenced from arm_startup_nrf52.o(RESET)
 <LI><a href="#[2f]">I2S_IRQHandler</a> from arm_startup_nrf52.o(.text) referenced from arm_startup_nrf52.o(RESET)
 <LI><a href="#[2a]">MWU_IRQHandler</a> from arm_startup_nrf52.o(.text) referenced from arm_startup_nrf52.o(RESET)
 <LI><a href="#[5]">MemoryManagement_Handler</a> from arm_startup_nrf52.o(.text) referenced from arm_startup_nrf52.o(RESET)
 <LI><a href="#[11]">NFCT_IRQHandler</a> from arm_startup_nrf52.o(.text) referenced from arm_startup_nrf52.o(RESET)
 <LI><a href="#[3]">NMI_Handler</a> from arm_startup_nrf52.o(.text) referenced from arm_startup_nrf52.o(RESET)
 <LI><a href="#[29]">PDM_IRQHandler</a> from arm_startup_nrf52.o(.text) referenced from arm_startup_nrf52.o(RESET)
 <LI><a href="#[c]">POWER_CLOCK_IRQHandler</a> from arm_startup_nrf52.o(.text) referenced from arm_startup_nrf52.o(RESET)
 <LI><a href="#[28]">PWM0_IRQHandler</a> from arm_startup_nrf52.o(.text) referenced from arm_startup_nrf52.o(RESET)
 <LI><a href="#[2b]">PWM1_IRQHandler</a> from arm_startup_nrf52.o(.text) referenced from arm_startup_nrf52.o(RESET)
 <LI><a href="#[2c]">PWM2_IRQHandler</a> from arm_startup_nrf52.o(.text) referenced from arm_startup_nrf52.o(RESET)
 <LI><a href="#[a]">PendSV_Handler</a> from arm_startup_nrf52.o(.text) referenced from arm_startup_nrf52.o(RESET)
 <LI><a href="#[1e]">QDEC_IRQHandler</a> from arm_startup_nrf52.o(.text) referenced from arm_startup_nrf52.o(RESET)
 <LI><a href="#[d]">RADIO_IRQHandler</a> from arm_startup_nrf52.o(.text) referenced from arm_startup_nrf52.o(RESET)
 <LI><a href="#[19]">RNG_IRQHandler</a> from arm_startup_nrf52.o(.text) referenced from arm_startup_nrf52.o(RESET)
 <LI><a href="#[17]">RTC0_IRQHandler</a> from arm_startup_nrf52.o(.text) referenced from arm_startup_nrf52.o(RESET)
 <LI><a href="#[1d]">RTC1_IRQHandler</a> from app_timer.o(i.RTC1_IRQHandler) referenced from arm_startup_nrf52.o(RESET)
 <LI><a href="#[2e]">RTC2_IRQHandler</a> from arm_startup_nrf52.o(.text) referenced from arm_startup_nrf52.o(RESET)
 <LI><a href="#[2]">Reset_Handler</a> from arm_startup_nrf52.o(.text) referenced from arm_startup_nrf52.o(RESET)
 <LI><a href="#[13]">SAADC_IRQHandler</a> from nrf_drv_saadc.o(i.SAADC_IRQHandler) referenced from arm_startup_nrf52.o(RESET)
 <LI><a href="#[f]">SPIM0_SPIS0_TWIM0_TWIS0_SPI0_TWI0_IRQHandler</a> from nrf_drv_twi.o(i.SPIM0_SPIS0_TWIM0_TWIS0_SPI0_TWI0_IRQHandler) referenced from arm_startup_nrf52.o(RESET)
 <LI><a href="#[10]">SPIM1_SPIS1_TWIM1_TWIS1_SPI1_TWI1_IRQHandler</a> from nrf_drv_spi.o(i.SPIM1_SPIS1_TWIM1_TWIS1_SPI1_TWI1_IRQHandler) referenced from arm_startup_nrf52.o(RESET)
 <LI><a href="#[2d]">SPIM2_SPIS2_SPI2_IRQHandler</a> from nrf_drv_spi.o(i.SPIM2_SPIS2_SPI2_IRQHandler) referenced from arm_startup_nrf52.o(RESET)
 <LI><a href="#[8]">SVC_Handler</a> from arm_startup_nrf52.o(.text) referenced from arm_startup_nrf52.o(RESET)
 <LI><a href="#[20]">SWI0_EGU0_IRQHandler</a> from app_timer.o(i.SWI0_EGU0_IRQHandler) referenced from arm_startup_nrf52.o(RESET)
 <LI><a href="#[21]">SWI1_EGU1_IRQHandler</a> from arm_startup_nrf52.o(.text) referenced from arm_startup_nrf52.o(RESET)
 <LI><a href="#[22]">SWI2_EGU2_IRQHandler</a> from softdevice_handler.o(i.SWI2_EGU2_IRQHandler) referenced from arm_startup_nrf52.o(RESET)
 <LI><a href="#[23]">SWI3_EGU3_IRQHandler</a> from arm_startup_nrf52.o(.text) referenced from arm_startup_nrf52.o(RESET)
 <LI><a href="#[24]">SWI4_EGU4_IRQHandler</a> from arm_startup_nrf52.o(.text) referenced from arm_startup_nrf52.o(RESET)
 <LI><a href="#[25]">SWI5_EGU5_IRQHandler</a> from arm_startup_nrf52.o(.text) referenced from arm_startup_nrf52.o(RESET)
 <LI><a href="#[b]">SysTick_Handler</a> from arm_startup_nrf52.o(.text) referenced from arm_startup_nrf52.o(RESET)
 <LI><a href="#[32]">SystemInit</a> from system_nrf52.o(i.SystemInit) referenced from arm_startup_nrf52.o(.text)
 <LI><a href="#[18]">TEMP_IRQHandler</a> from arm_startup_nrf52.o(.text) referenced from arm_startup_nrf52.o(RESET)
 <LI><a href="#[14]">TIMER0_IRQHandler</a> from arm_startup_nrf52.o(.text) referenced from arm_startup_nrf52.o(RESET)
 <LI><a href="#[15]">TIMER1_IRQHandler</a> from arm_startup_nrf52.o(.text) referenced from arm_startup_nrf52.o(RESET)
 <LI><a href="#[16]">TIMER2_IRQHandler</a> from arm_startup_nrf52.o(.text) referenced from arm_startup_nrf52.o(RESET)
 <LI><a href="#[26]">TIMER3_IRQHandler</a> from arm_startup_nrf52.o(.text) referenced from arm_startup_nrf52.o(RESET)
 <LI><a href="#[27]">TIMER4_IRQHandler</a> from arm_startup_nrf52.o(.text) referenced from arm_startup_nrf52.o(RESET)
 <LI><a href="#[e]">UARTE0_UART0_IRQHandler</a> from nrf_drv_uart.o(i.UARTE0_UART0_IRQHandler) referenced from arm_startup_nrf52.o(RESET)
 <LI><a href="#[7]">UsageFault_Handler</a> from arm_startup_nrf52.o(.text) referenced from arm_startup_nrf52.o(RESET)
 <LI><a href="#[1c]">WDT_IRQHandler</a> from arm_startup_nrf52.o(.text) referenced from arm_startup_nrf52.o(RESET)
 <LI><a href="#[33]">__main</a> from entry.o(.ARM.Collect$$$$00000000) referenced from arm_startup_nrf52.o(.text)
 <LI><a href="#[38]">_sputc</a> from printfa.o(i._sputc) referenced from printfa.o(i.__0sprintf)
 <LI><a href="#[4a]">apple_notification_error_handler</a> from main.o(i.apple_notification_error_handler) referenced from main.o(i.services_init)
 <LI><a href="#[4e]">battery_level_meas_timeout_handler</a> from gc_saadc.o(i.battery_level_meas_timeout_handler) referenced from main.o(i.timers_init)
 <LI><a href="#[3d]">ble_evt_dispatch</a> from main.o(i.ble_evt_dispatch) referenced from main.o(i.ble_stack_init)
 <LI><a href="#[5f]">bsp_button_event_handler</a> from bsp.o(i.bsp_button_event_handler) referenced 4 times from bsp.o(.constdata)
 <LI><a href="#[55]">cmd_ferase</a> from command.o(i.cmd_ferase) referenced from command.o(.constdata)
 <LI><a href="#[56]">cmd_feraseall</a> from command.o(i.cmd_feraseall) referenced from command.o(.constdata)
 <LI><a href="#[53]">cmd_fread</a> from command.o(i.cmd_fread) referenced from command.o(.constdata)
 <LI><a href="#[54]">cmd_fwrite</a> from command.o(i.cmd_fwrite) referenced from command.o(.constdata)
 <LI><a href="#[5d]">cmd_getslpinfo</a> from command.o(i.cmd_getslpinfo) referenced from command.o(.constdata)
 <LI><a href="#[5e]">cmd_help</a> from command.o(i.cmd_help) referenced 2 times from command.o(.constdata)
 <LI><a href="#[5a]">cmd_hwtest</a> from command.o(i.cmd_hwtest) referenced from command.o(.constdata)
 <LI><a href="#[59]">cmd_noti</a> from command.o(i.cmd_noti) referenced from command.o(.constdata)
 <LI><a href="#[57]">cmd_oledpower</a> from command.o(i.cmd_oledpower) referenced from command.o(.constdata)
 <LI><a href="#[58]">cmd_opmode</a> from command.o(i.cmd_opmode) referenced from command.o(.constdata)
 <LI><a href="#[5c]">cmd_poweroff</a> from command.o(i.cmd_poweroff) referenced from command.o(.constdata)
 <LI><a href="#[51]">cmd_reset</a> from command.o(i.cmd_reset) referenced from command.o(.constdata)
 <LI><a href="#[52]">cmd_reset_boot</a> from command.o(i.cmd_reset_boot) referenced from command.o(.constdata)
 <LI><a href="#[5b]">cmd_version</a> from command.o(i.cmd_version) referenced from command.o(.constdata)
 <LI><a href="#[40]">conn_params_error_handler</a> from main.o(i.conn_params_error_handler) referenced from main.o(i.conn_params_init)
 <LI><a href="#[73]">data_page_erase_state_run</a> from pstorage.o(i.data_page_erase_state_run) referenced from pstorage.o(.constdata)
 <LI><a href="#[72]">data_to_swap_write_state_run</a> from pstorage.o(i.data_to_swap_write_state_run) referenced from pstorage.o(.constdata)
 <LI><a href="#[41]">db_disc_handler</a> from main.o(i.db_disc_handler) referenced from main.o(i.db_discovery_init)
 <LI><a href="#[45]">device_manager_evt_handler</a> from main.o(i.device_manager_evt_handler) referenced from main.o(i.device_manager_init)
 <LI><a href="#[46]">dm_pstorage_cb_handler</a> from device_manager_peripheral.o(i.dm_pstorage_cb_handler) referenced from device_manager_peripheral.o(i.dm_init)
 <LI><a href="#[37]">fputc</a> from retarget.o(i.fputc) referenced from printfa.o(i.__0printf)
 <LI><a href="#[6a]">gattc_context_apply</a> from device_manager_peripheral.o(i.gattc_context_apply) referenced from device_manager_peripheral.o(.constdata)
 <LI><a href="#[66]">gattc_context_load</a> from device_manager_peripheral.o(i.gattc_context_load) referenced from device_manager_peripheral.o(.constdata)
 <LI><a href="#[62]">gattc_context_store</a> from device_manager_peripheral.o(i.gattc_context_store) referenced from device_manager_peripheral.o(.constdata)
 <LI><a href="#[69]">gatts_context_apply</a> from device_manager_peripheral.o(i.gatts_context_apply) referenced from device_manager_peripheral.o(.constdata)
 <LI><a href="#[65]">gatts_context_load</a> from device_manager_peripheral.o(i.gatts_context_load) referenced from device_manager_peripheral.o(.constdata)
 <LI><a href="#[61]">gatts_context_store</a> from device_manager_peripheral.o(i.gatts_context_store) referenced from device_manager_peripheral.o(.constdata)
 <LI><a href="#[6b]">gattsc_context_apply</a> from device_manager_peripheral.o(i.gattsc_context_apply) referenced from device_manager_peripheral.o(.constdata)
 <LI><a href="#[67]">gattsc_context_load</a> from device_manager_peripheral.o(i.gattsc_context_load) referenced from device_manager_peripheral.o(.constdata)
 <LI><a href="#[63]">gattsc_context_store</a> from device_manager_peripheral.o(i.gattsc_context_store) referenced from device_manager_peripheral.o(.constdata)
 <LI><a href="#[39]">gpiote_acc_intr_handler</a> from main.o(i.gpiote_acc_intr_handler) referenced from main.o(i.accelerator_sensor_init)
 <LI><a href="#[47]">gpiote_battery_sense_evt_handler</a> from gc_saadc.o(i.gpiote_battery_sense_evt_handler) referenced from gc_saadc.o(i.init_battery_sense_event)
 <LI><a href="#[3f]">gpiote_in_evt_handler</a> from spi_pah8002.o(i.gpiote_in_evt_handler) referenced from spi_pah8002.o(i.config_gpio_pah8002)
 <LI><a href="#[75]">head_restore_state_run</a> from pstorage.o(i.head_restore_state_run) referenced from pstorage.o(.constdata)
 <LI><a href="#[4c]">in_pin_handler</a> from spi_flash.o(i.in_pin_handler) referenced from spi_flash.o(i.spi_send_recv)
 <LI><a href="#[31]">main</a> from main.o(i.main) referenced from entry9a.o(.ARM.Collect$$$$0000000B)
 <LI><a href="#[68]">no_service_context_apply</a> from device_manager_peripheral.o(i.no_service_context_apply) referenced from device_manager_peripheral.o(.constdata)
 <LI><a href="#[64]">no_service_context_load</a> from device_manager_peripheral.o(i.no_service_context_load) referenced from device_manager_peripheral.o(.constdata)
 <LI><a href="#[60]">no_service_context_store</a> from device_manager_peripheral.o(i.no_service_context_store) referenced from device_manager_peripheral.o(.constdata)
 <LI><a href="#[48]">nus_data_handler</a> from main.o(i.nus_data_handler) referenced from main.o(i.services_init)
 <LI><a href="#[3a]">on_adv_evt</a> from main.o(i.on_adv_evt) referenced from main.o(i.advertising_init)
 <LI><a href="#[49]">on_ancs_c_evt</a> from main.o(i.on_ancs_c_evt) referenced from main.o(i.services_init)
 <LI><a href="#[43]">pstorage_store</a> from pstorage.o(i.pstorage_store) referenced from device_manager_peripheral.o(i.device_context_store)
 <LI><a href="#[43]">pstorage_store</a> from pstorage.o(i.pstorage_store) referenced from device_manager_peripheral.o(i.gatts_context_store)
 <LI><a href="#[42]">pstorage_update</a> from pstorage.o(i.pstorage_update) referenced from device_manager_peripheral.o(i.device_context_store)
 <LI><a href="#[42]">pstorage_update</a> from pstorage.o(i.pstorage_update) referenced from device_manager_peripheral.o(i.gatts_context_store)
 <LI><a href="#[4f]">sec_req_timeout_handler</a> from main.o(i.sec_req_timeout_handler) referenced from main.o(i.timers_init)
 <LI><a href="#[4d]">sensor_timer_handler</a> from main.o(i.sensor_timer_handler) referenced from main.o(i.timers_init)
 <LI><a href="#[4b]">softdevice_fault_handler</a> from softdevice_handler.o(i.softdevice_fault_handler) referenced from softdevice_handler.o(i.softdevice_handler_init)
 <LI><a href="#[6e]">state_erase_data_page_entry_run</a> from pstorage.o(i.state_erase_data_page_entry_run) referenced from pstorage.o(.constdata)
 <LI><a href="#[70]">state_restore_head_entry_run</a> from pstorage.o(i.state_restore_head_entry_run) referenced from pstorage.o(.constdata)
 <LI><a href="#[6f]">state_restore_tail_entry_run</a> from pstorage.o(i.state_restore_tail_entry_run) referenced from pstorage.o(.constdata)
 <LI><a href="#[6c]">state_swap_erase_entry_run</a> from pstorage.o(i.state_swap_erase_entry_run) referenced from pstorage.o(.constdata)
 <LI><a href="#[6d]">state_write_data_swap_entry_run</a> from pstorage.o(i.state_write_data_swap_entry_run) referenced from pstorage.o(.constdata)
 <LI><a href="#[44]">storage_operation_dummy_handler</a> from device_manager_peripheral.o(i.storage_operation_dummy_handler) referenced from device_manager_peripheral.o(i.device_context_store)
 <LI><a href="#[71]">swap_erase_state_run</a> from pstorage.o(i.swap_erase_state_run) referenced from pstorage.o(.constdata)
 <LI><a href="#[3e]">sys_evt_dispatch</a> from main.o(i.sys_evt_dispatch) referenced from main.o(i.ble_stack_init)
 <LI><a href="#[74]">tail_restore_state_run</a> from pstorage.o(i.tail_restore_state_run) referenced from pstorage.o(.constdata)
 <LI><a href="#[50]">uart_event_handle</a> from main.o(i.uart_event_handle) referenced from main.o(i.uart_init)
 <LI><a href="#[3b]">uart_event_handler</a> from app_uart_fifo.o(i.uart_event_handler) referenced from app_uart_fifo.o(i.app_uart_init)
 <LI><a href="#[3c]">update_timeout_handler</a> from ble_conn_params.o(i.update_timeout_handler) referenced from ble_conn_params.o(i.ble_conn_params_init)
</UL>
<P>
<H3>
Global Symbols
</H3>
<P><STRONG><a name="[33]"></a>__main</STRONG> (Thumb, 0 bytes, Stack size unknown bytes, entry.o(.ARM.Collect$$$$00000000))
<BR>[Address Reference Count : 1]<UL><LI> arm_startup_nrf52.o(.text)
</UL>
<P><STRONG><a name="[3a7]"></a>_main_stk</STRONG> (Thumb, 0 bytes, Stack size unknown bytes, entry2.o(.ARM.Collect$$$$00000001))

<P><STRONG><a name="[76]"></a>_main_scatterload</STRONG> (Thumb, 0 bytes, Stack size unknown bytes, entry5.o(.ARM.Collect$$$$00000004))
<BR><BR>[Calls]<UL><LI><a href="#[77]">&gt;&gt;</a>&nbsp;&nbsp;&nbsp;__scatterload
</UL>

<P><STRONG><a name="[9a]"></a>__main_after_scatterload</STRONG> (Thumb, 0 bytes, Stack size unknown bytes, entry5.o(.ARM.Collect$$$$00000004))
<BR><BR>[Called By]<UL><LI><a href="#[77]">&gt;&gt;</a>&nbsp;&nbsp;&nbsp;__scatterload
</UL>

<P><STRONG><a name="[3a8]"></a>_main_clock</STRONG> (Thumb, 0 bytes, Stack size unknown bytes, entry7b.o(.ARM.Collect$$$$00000008))

<P><STRONG><a name="[3a9]"></a>_main_cpp_init</STRONG> (Thumb, 0 bytes, Stack size unknown bytes, entry8b.o(.ARM.Collect$$$$0000000A))

<P><STRONG><a name="[3aa]"></a>_main_init</STRONG> (Thumb, 0 bytes, Stack size unknown bytes, entry9a.o(.ARM.Collect$$$$0000000B))

<P><STRONG><a name="[3ab]"></a>__rt_final_cpp</STRONG> (Thumb, 0 bytes, Stack size unknown bytes, entry10a.o(.ARM.Collect$$$$0000000D))

<P><STRONG><a name="[3ac]"></a>__rt_final_exit</STRONG> (Thumb, 0 bytes, Stack size unknown bytes, entry11a.o(.ARM.Collect$$$$0000000F))

<P><STRONG><a name="[78]"></a>__asm___11_nrf_delay_c_532987f3__nrf_delay_us</STRONG> (Thumb, 118 bytes, Stack size 0 bytes, nrf_delay.o(.emb_text))
<BR><BR>[Calls]<UL><LI><a href="#[78]">&gt;&gt;</a>&nbsp;&nbsp;&nbsp;__asm___11_nrf_delay_c_532987f3__nrf_delay_us
</UL>
<BR>[Called By]<UL><LI><a href="#[a5]">&gt;&gt;</a>&nbsp;&nbsp;&nbsp;nrf_delay_ms
<LI><a href="#[78]">&gt;&gt;</a>&nbsp;&nbsp;&nbsp;__asm___11_nrf_delay_c_532987f3__nrf_delay_us
</UL>

<P><STRONG><a name="[79]"></a>__asm___13_nrf_drv_twi_c_a9bcf68d__nrf_delay_us</STRONG> (Thumb, 118 bytes, Stack size 0 bytes, nrf_drv_twi.o(.emb_text))
<BR><BR>[Calls]<UL><LI><a href="#[79]">&gt;&gt;</a>&nbsp;&nbsp;&nbsp;__asm___13_nrf_drv_twi_c_a9bcf68d__nrf_delay_us
</UL>
<BR>[Called By]<UL><LI><a href="#[79]">&gt;&gt;</a>&nbsp;&nbsp;&nbsp;__asm___13_nrf_drv_twi_c_a9bcf68d__nrf_delay_us
<LI><a href="#[305]">&gt;&gt;</a>&nbsp;&nbsp;&nbsp;twi_clear_bus
</UL>

<P><STRONG><a name="[7a]"></a>__asm___11_app_timer_c_cd27f9c3__nrf_delay_us</STRONG> (Thumb, 118 bytes, Stack size 0 bytes, app_timer.o(.emb_text))
<BR><BR>[Calls]<UL><LI><a href="#[7a]">&gt;&gt;</a>&nbsp;&nbsp;&nbsp;__asm___11_app_timer_c_cd27f9c3__nrf_delay_us
</UL>
<BR>[Called By]<UL><LI><a href="#[7a]">&gt;&gt;</a>&nbsp;&nbsp;&nbsp;__asm___11_app_timer_c_cd27f9c3__nrf_delay_us
<LI><a href="#[1c0]">&gt;&gt;</a>&nbsp;&nbsp;&nbsp;rtc1_stop
<LI><a href="#[262]">&gt;&gt;</a>&nbsp;&nbsp;&nbsp;rtc1_start
<LI><a href="#[260]">&gt;&gt;</a>&nbsp;&nbsp;&nbsp;compare_reg_update
</UL>

<P><STRONG><a name="[2]"></a>Reset_Handler</STRONG> (Thumb, 8 bytes, Stack size 0 bytes, arm_startup_nrf52.o(.text))
<BR>[Address Reference Count : 1]<UL><LI> arm_startup_nrf52.o(RESET)
</UL>
<P><STRONG><a name="[3]"></a>NMI_Handler</STRONG> (Thumb, 2 bytes, Stack size 0 bytes, arm_startup_nrf52.o(.text))
<BR><BR>[Calls]<UL><LI><a href="#[3]">&gt;&gt;</a>&nbsp;&nbsp;&nbsp;NMI_Handler
</UL>
<BR>[Called By]<UL><LI><a href="#[3]">&gt;&gt;</a>&nbsp;&nbsp;&nbsp;NMI_Handler
</UL>
<BR>[Address Reference Count : 1]<UL><LI> arm_startup_nrf52.o(RESET)
</UL>
<P><STRONG><a name="[4]"></a>HardFault_Handler</STRONG> (Thumb, 2 bytes, Stack size 0 bytes, arm_startup_nrf52.o(.text))
<BR><BR>[Calls]<UL><LI><a href="#[4]">&gt;&gt;</a>&nbsp;&nbsp;&nbsp;HardFault_Handler
</UL>
<BR>[Called By]<UL><LI><a href="#[4]">&gt;&gt;</a>&nbsp;&nbsp;&nbsp;HardFault_Handler
</UL>
<BR>[Address Reference Count : 1]<UL><LI> arm_startup_nrf52.o(RESET)
</UL>
<P><STRONG><a name="[5]"></a>MemoryManagement_Handler</STRONG> (Thumb, 2 bytes, Stack size 0 bytes, arm_startup_nrf52.o(.text))
<BR><BR>[Calls]<UL><LI><a href="#[5]">&gt;&gt;</a>&nbsp;&nbsp;&nbsp;MemoryManagement_Handler
</UL>
<BR>[Called By]<UL><LI><a href="#[5]">&gt;&gt;</a>&nbsp;&nbsp;&nbsp;MemoryManagement_Handler
</UL>
<BR>[Address Reference Count : 1]<UL><LI> arm_startup_nrf52.o(RESET)
</UL>
<P><STRONG><a name="[6]"></a>BusFault_Handler</STRONG> (Thumb, 2 bytes, Stack size 0 bytes, arm_startup_nrf52.o(.text))
<BR><BR>[Calls]<UL><LI><a href="#[6]">&gt;&gt;</a>&nbsp;&nbsp;&nbsp;BusFault_Handler
</UL>
<BR>[Called By]<UL><LI><a href="#[6]">&gt;&gt;</a>&nbsp;&nbsp;&nbsp;BusFault_Handler
</UL>
<BR>[Address Reference Count : 1]<UL><LI> arm_startup_nrf52.o(RESET)
</UL>
<P><STRONG><a name="[7]"></a>UsageFault_Handler</STRONG> (Thumb, 2 bytes, Stack size 0 bytes, arm_startup_nrf52.o(.text))
<BR><BR>[Calls]<UL><LI><a href="#[7]">&gt;&gt;</a>&nbsp;&nbsp;&nbsp;UsageFault_Handler
</UL>
<BR>[Called By]<UL><LI><a href="#[7]">&gt;&gt;</a>&nbsp;&nbsp;&nbsp;UsageFault_Handler
</UL>
<BR>[Address Reference Count : 1]<UL><LI> arm_startup_nrf52.o(RESET)
</UL>
<P><STRONG><a name="[8]"></a>SVC_Handler</STRONG> (Thumb, 2 bytes, Stack size 0 bytes, arm_startup_nrf52.o(.text))
<BR><BR>[Calls]<UL><LI><a href="#[8]">&gt;&gt;</a>&nbsp;&nbsp;&nbsp;SVC_Handler
</UL>
<BR>[Called By]<UL><LI><a href="#[8]">&gt;&gt;</a>&nbsp;&nbsp;&nbsp;SVC_Handler
</UL>
<BR>[Address Reference Count : 1]<UL><LI> arm_startup_nrf52.o(RESET)
</UL>
<P><STRONG><a name="[9]"></a>DebugMonitor_Handler</STRONG> (Thumb, 2 bytes, Stack size 0 bytes, arm_startup_nrf52.o(.text))
<BR><BR>[Calls]<UL><LI><a href="#[9]">&gt;&gt;</a>&nbsp;&nbsp;&nbsp;DebugMonitor_Handler
</UL>
<BR>[Called By]<UL><LI><a href="#[9]">&gt;&gt;</a>&nbsp;&nbsp;&nbsp;DebugMonitor_Handler
</UL>
<BR>[Address Reference Count : 1]<UL><LI> arm_startup_nrf52.o(RESET)
</UL>
<P><STRONG><a name="[a]"></a>PendSV_Handler</STRONG> (Thumb, 2 bytes, Stack size 0 bytes, arm_startup_nrf52.o(.text))
<BR><BR>[Calls]<UL><LI><a href="#[a]">&gt;&gt;</a>&nbsp;&nbsp;&nbsp;PendSV_Handler
</UL>
<BR>[Called By]<UL><LI><a href="#[a]">&gt;&gt;</a>&nbsp;&nbsp;&nbsp;PendSV_Handler
</UL>
<BR>[Address Reference Count : 1]<UL><LI> arm_startup_nrf52.o(RESET)
</UL>
<P><STRONG><a name="[b]"></a>SysTick_Handler</STRONG> (Thumb, 2 bytes, Stack size 0 bytes, arm_startup_nrf52.o(.text))
<BR><BR>[Calls]<UL><LI><a href="#[b]">&gt;&gt;</a>&nbsp;&nbsp;&nbsp;SysTick_Handler
</UL>
<BR>[Called By]<UL><LI><a href="#[b]">&gt;&gt;</a>&nbsp;&nbsp;&nbsp;SysTick_Handler
</UL>
<BR>[Address Reference Count : 1]<UL><LI> arm_startup_nrf52.o(RESET)
</UL>
<P><STRONG><a name="[1b]"></a>CCM_AAR_IRQHandler</STRONG> (Thumb, 0 bytes, Stack size 0 bytes, arm_startup_nrf52.o(.text))
<BR><BR>[Calls]<UL><LI><a href="#[1b]">&gt;&gt;</a>&nbsp;&nbsp;&nbsp;CCM_AAR_IRQHandler
</UL>
<BR>[Called By]<UL><LI><a href="#[1b]">&gt;&gt;</a>&nbsp;&nbsp;&nbsp;CCM_AAR_IRQHandler
</UL>
<BR>[Address Reference Count : 1]<UL><LI> arm_startup_nrf52.o(RESET)
</UL>
<P><STRONG><a name="[1f]"></a>COMP_LPCOMP_IRQHandler</STRONG> (Thumb, 0 bytes, Stack size 0 bytes, arm_startup_nrf52.o(.text))
<BR>[Address Reference Count : 1]<UL><LI> arm_startup_nrf52.o(RESET)
</UL>
<P><STRONG><a name="[1a]"></a>ECB_IRQHandler</STRONG> (Thumb, 0 bytes, Stack size 0 bytes, arm_startup_nrf52.o(.text))
<BR>[Address Reference Count : 1]<UL><LI> arm_startup_nrf52.o(RESET)
</UL>
<P><STRONG><a name="[30]"></a>FPU_IRQHandler</STRONG> (Thumb, 0 bytes, Stack size 0 bytes, arm_startup_nrf52.o(.text))
<BR>[Address Reference Count : 1]<UL><LI> arm_startup_nrf52.o(RESET)
</UL>
<P><STRONG><a name="[2f]"></a>I2S_IRQHandler</STRONG> (Thumb, 0 bytes, Stack size 0 bytes, arm_startup_nrf52.o(.text))
<BR>[Address Reference Count : 1]<UL><LI> arm_startup_nrf52.o(RESET)
</UL>
<P><STRONG><a name="[2a]"></a>MWU_IRQHandler</STRONG> (Thumb, 0 bytes, Stack size 0 bytes, arm_startup_nrf52.o(.text))
<BR>[Address Reference Count : 1]<UL><LI> arm_startup_nrf52.o(RESET)
</UL>
<P><STRONG><a name="[11]"></a>NFCT_IRQHandler</STRONG> (Thumb, 0 bytes, Stack size 0 bytes, arm_startup_nrf52.o(.text))
<BR>[Address Reference Count : 1]<UL><LI> arm_startup_nrf52.o(RESET)
</UL>
<P><STRONG><a name="[29]"></a>PDM_IRQHandler</STRONG> (Thumb, 0 bytes, Stack size 0 bytes, arm_startup_nrf52.o(.text))
<BR>[Address Reference Count : 1]<UL><LI> arm_startup_nrf52.o(RESET)
</UL>
<P><STRONG><a name="[c]"></a>POWER_CLOCK_IRQHandler</STRONG> (Thumb, 0 bytes, Stack size 0 bytes, arm_startup_nrf52.o(.text))
<BR>[Address Reference Count : 1]<UL><LI> arm_startup_nrf52.o(RESET)
</UL>
<P><STRONG><a name="[28]"></a>PWM0_IRQHandler</STRONG> (Thumb, 0 bytes, Stack size 0 bytes, arm_startup_nrf52.o(.text))
<BR>[Address Reference Count : 1]<UL><LI> arm_startup_nrf52.o(RESET)
</UL>
<P><STRONG><a name="[2b]"></a>PWM1_IRQHandler</STRONG> (Thumb, 0 bytes, Stack size 0 bytes, arm_startup_nrf52.o(.text))
<BR>[Address Reference Count : 1]<UL><LI> arm_startup_nrf52.o(RESET)
</UL>
<P><STRONG><a name="[2c]"></a>PWM2_IRQHandler</STRONG> (Thumb, 0 bytes, Stack size 0 bytes, arm_startup_nrf52.o(.text))
<BR>[Address Reference Count : 1]<UL><LI> arm_startup_nrf52.o(RESET)
</UL>
<P><STRONG><a name="[1e]"></a>QDEC_IRQHandler</STRONG> (Thumb, 0 bytes, Stack size 0 bytes, arm_startup_nrf52.o(.text))
<BR>[Address Reference Count : 1]<UL><LI> arm_startup_nrf52.o(RESET)
</UL>
<P><STRONG><a name="[d]"></a>RADIO_IRQHandler</STRONG> (Thumb, 0 bytes, Stack size 0 bytes, arm_startup_nrf52.o(.text))
<BR>[Address Reference Count : 1]<UL><LI> arm_startup_nrf52.o(RESET)
</UL>
<P><STRONG><a name="[19]"></a>RNG_IRQHandler</STRONG> (Thumb, 0 bytes, Stack size 0 bytes, arm_startup_nrf52.o(.text))
<BR>[Address Reference Count : 1]<UL><LI> arm_startup_nrf52.o(RESET)
</UL>
<P><STRONG><a name="[17]"></a>RTC0_IRQHandler</STRONG> (Thumb, 0 bytes, Stack size 0 bytes, arm_startup_nrf52.o(.text))
<BR>[Address Reference Count : 1]<UL><LI> arm_startup_nrf52.o(RESET)
</UL>
<P><STRONG><a name="[2e]"></a>RTC2_IRQHandler</STRONG> (Thumb, 0 bytes, Stack size 0 bytes, arm_startup_nrf52.o(.text))
<BR>[Address Reference Count : 1]<UL><LI> arm_startup_nrf52.o(RESET)
</UL>
<P><STRONG><a name="[21]"></a>SWI1_EGU1_IRQHandler</STRONG> (Thumb, 0 bytes, Stack size 0 bytes, arm_startup_nrf52.o(.text))
<BR>[Address Reference Count : 1]<UL><LI> arm_startup_nrf52.o(RESET)
</UL>
<P><STRONG><a name="[23]"></a>SWI3_EGU3_IRQHandler</STRONG> (Thumb, 0 bytes, Stack size 0 bytes, arm_startup_nrf52.o(.text))
<BR>[Address Reference Count : 1]<UL><LI> arm_startup_nrf52.o(RESET)
</UL>
<P><STRONG><a name="[24]"></a>SWI4_EGU4_IRQHandler</STRONG> (Thumb, 0 bytes, Stack size 0 bytes, arm_startup_nrf52.o(.text))
<BR>[Address Reference Count : 1]<UL><LI> arm_startup_nrf52.o(RESET)
</UL>
<P><STRONG><a name="[25]"></a>SWI5_EGU5_IRQHandler</STRONG> (Thumb, 0 bytes, Stack size 0 bytes, arm_startup_nrf52.o(.text))
<BR>[Address Reference Count : 1]<UL><LI> arm_startup_nrf52.o(RESET)
</UL>
<P><STRONG><a name="[18]"></a>TEMP_IRQHandler</STRONG> (Thumb, 0 bytes, Stack size 0 bytes, arm_startup_nrf52.o(.text))
<BR>[Address Reference Count : 1]<UL><LI> arm_startup_nrf52.o(RESET)
</UL>
<P><STRONG><a name="[14]"></a>TIMER0_IRQHandler</STRONG> (Thumb, 0 bytes, Stack size 0 bytes, arm_startup_nrf52.o(.text))
<BR>[Address Reference Count : 1]<UL><LI> arm_startup_nrf52.o(RESET)
</UL>
<P><STRONG><a name="[15]"></a>TIMER1_IRQHandler</STRONG> (Thumb, 0 bytes, Stack size 0 bytes, arm_startup_nrf52.o(.text))
<BR>[Address Reference Count : 1]<UL><LI> arm_startup_nrf52.o(RESET)
</UL>
<P><STRONG><a name="[16]"></a>TIMER2_IRQHandler</STRONG> (Thumb, 0 bytes, Stack size 0 bytes, arm_startup_nrf52.o(.text))
<BR>[Address Reference Count : 1]<UL><LI> arm_startup_nrf52.o(RESET)
</UL>
<P><STRONG><a name="[26]"></a>TIMER3_IRQHandler</STRONG> (Thumb, 0 bytes, Stack size 0 bytes, arm_startup_nrf52.o(.text))
<BR>[Address Reference Count : 1]<UL><LI> arm_startup_nrf52.o(RESET)
</UL>
<P><STRONG><a name="[27]"></a>TIMER4_IRQHandler</STRONG> (Thumb, 0 bytes, Stack size 0 bytes, arm_startup_nrf52.o(.text))
<BR>[Address Reference Count : 1]<UL><LI> arm_startup_nrf52.o(RESET)
</UL>
<P><STRONG><a name="[1c]"></a>WDT_IRQHandler</STRONG> (Thumb, 0 bytes, Stack size 0 bytes, arm_startup_nrf52.o(.text))
<BR>[Address Reference Count : 1]<UL><LI> arm_startup_nrf52.o(RESET)
</UL>
<P><STRONG><a name="[7b]"></a>__aeabi_ldivmod</STRONG> (Thumb, 98 bytes, Stack size 24 bytes, ldiv.o(.text))
<BR><BR>[Stack]<UL><LI>Max Depth = 64<LI>Call Chain = __aeabi_ldivmod &rArr; __aeabi_uldivmod
</UL>
<BR>[Calls]<UL><LI><a href="#[7c]">&gt;&gt;</a>&nbsp;&nbsp;&nbsp;__aeabi_uldivmod
</UL>
<BR>[Called By]<UL><LI><a href="#[e1]">&gt;&gt;</a>&nbsp;&nbsp;&nbsp;Cal_RMS_8011HR
</UL>

<P><STRONG><a name="[87]"></a>__aeabi_llsl</STRONG> (Thumb, 30 bytes, Stack size 0 bytes, llshl.o(.text))
<BR><BR>[Called By]<UL><LI><a href="#[86]">&gt;&gt;</a>&nbsp;&nbsp;&nbsp;__aeabi_dadd
<LI><a href="#[99]">&gt;&gt;</a>&nbsp;&nbsp;&nbsp;__aeabi_d2ulz
<LI><a href="#[7c]">&gt;&gt;</a>&nbsp;&nbsp;&nbsp;__aeabi_uldivmod
<LI><a href="#[89]">&gt;&gt;</a>&nbsp;&nbsp;&nbsp;_double_epilogue
</UL>

<P><STRONG><a name="[3ad]"></a>_ll_shift_l</STRONG> (Thumb, 0 bytes, Stack size 0 bytes, llshl.o(.text), UNUSED)

<P><STRONG><a name="[88]"></a>__aeabi_lasr</STRONG> (Thumb, 36 bytes, Stack size 0 bytes, llsshr.o(.text))
<BR><BR>[Called By]<UL><LI><a href="#[86]">&gt;&gt;</a>&nbsp;&nbsp;&nbsp;__aeabi_dadd
</UL>

<P><STRONG><a name="[3ae]"></a>_ll_sshift_r</STRONG> (Thumb, 0 bytes, Stack size 0 bytes, llsshr.o(.text), UNUSED)

<P><STRONG><a name="[159]"></a>__aeabi_memcpy</STRONG> (Thumb, 36 bytes, Stack size 0 bytes, memcpya.o(.text))
<BR><BR>[Called By]<UL><LI><a href="#[299]">&gt;&gt;</a>&nbsp;&nbsp;&nbsp;gc_flash_fwrite
<LI><a href="#[24e]">&gt;&gt;</a>&nbsp;&nbsp;&nbsp;rtc_i2c_write
<LI><a href="#[54]">&gt;&gt;</a>&nbsp;&nbsp;&nbsp;cmd_fwrite
<LI><a href="#[242]">&gt;&gt;</a>&nbsp;&nbsp;&nbsp;gc_flash_read
<LI><a href="#[21d]">&gt;&gt;</a>&nbsp;&nbsp;&nbsp;gc_flash_page_read_data
<LI><a href="#[23a]">&gt;&gt;</a>&nbsp;&nbsp;&nbsp;pstorage_load
<LI><a href="#[1ae]">&gt;&gt;</a>&nbsp;&nbsp;&nbsp;service_data_encode
<LI><a href="#[1ad]">&gt;&gt;</a>&nbsp;&nbsp;&nbsp;manuf_specific_data_encode
<LI><a href="#[284]">&gt;&gt;</a>&nbsp;&nbsp;&nbsp;discovery_complete_evt_trigger
<LI><a href="#[157]">&gt;&gt;</a>&nbsp;&nbsp;&nbsp;SEGGER_RTT_Write
<LI><a href="#[19a]">&gt;&gt;</a>&nbsp;&nbsp;&nbsp;spi_burst_read_reg
</UL>

<P><STRONG><a name="[113]"></a>__aeabi_memcpy4</STRONG> (Thumb, 0 bytes, Stack size 0 bytes, memcpya.o(.text))
<BR><BR>[Called By]<UL><LI><a href="#[2df]">&gt;&gt;</a>&nbsp;&nbsp;&nbsp;recal_after_reset
<LI><a href="#[221]">&gt;&gt;</a>&nbsp;&nbsp;&nbsp;findpaststartADDR
<LI><a href="#[220]">&gt;&gt;</a>&nbsp;&nbsp;&nbsp;find_req_feature
<LI><a href="#[298]">&gt;&gt;</a>&nbsp;&nbsp;&nbsp;find_recent_feature_save
<LI><a href="#[171]">&gt;&gt;</a>&nbsp;&nbsp;&nbsp;save_info_before_reset_point
<LI><a href="#[170]">&gt;&gt;</a>&nbsp;&nbsp;&nbsp;save_data_before_reset
<LI><a href="#[aa]">&gt;&gt;</a>&nbsp;&nbsp;&nbsp;find_req_past_feature
<LI><a href="#[29a]">&gt;&gt;</a>&nbsp;&nbsp;&nbsp;find_recent_feature_save_on_boot
<LI><a href="#[21b]">&gt;&gt;</a>&nbsp;&nbsp;&nbsp;ble_receive_handler
<LI><a href="#[200]">&gt;&gt;</a>&nbsp;&nbsp;&nbsp;ble_conn_params_init
<LI><a href="#[1b3]">&gt;&gt;</a>&nbsp;&nbsp;&nbsp;ble_advertising_init
<LI><a href="#[1d0]">&gt;&gt;</a>&nbsp;&nbsp;&nbsp;app_uart_init
<LI><a href="#[2bb]">&gt;&gt;</a>&nbsp;&nbsp;&nbsp;save_info_before_mcu_off
<LI><a href="#[2c5]">&gt;&gt;</a>&nbsp;&nbsp;&nbsp;get_realtime_step
<LI><a href="#[21c]">&gt;&gt;</a>&nbsp;&nbsp;&nbsp;f_info_recall
<LI><a href="#[61]">&gt;&gt;</a>&nbsp;&nbsp;&nbsp;gatts_context_store
<LI><a href="#[ad]">&gt;&gt;</a>&nbsp;&nbsp;&nbsp;nrf_drv_twi_rx
<LI><a href="#[308]">&gt;&gt;</a>&nbsp;&nbsp;&nbsp;twi_xfer
<LI><a href="#[15f]">&gt;&gt;</a>&nbsp;&nbsp;&nbsp;irq_handler_twi
<LI><a href="#[110]">&gt;&gt;</a>&nbsp;&nbsp;&nbsp;HR_Med_Filter_Process
<LI><a href="#[102]">&gt;&gt;</a>&nbsp;&nbsp;&nbsp;PPG_Nromalize1
<LI><a href="#[103]">&gt;&gt;</a>&nbsp;&nbsp;&nbsp;PPG_Diff_Nromalize1
<LI><a href="#[10b]">&gt;&gt;</a>&nbsp;&nbsp;&nbsp;HR_MULTI_CH_FFT_Peak_Find_Process
<LI><a href="#[100]">&gt;&gt;</a>&nbsp;&nbsp;&nbsp;HR8002_Process
</UL>

<P><STRONG><a name="[3af]"></a>__aeabi_memcpy8</STRONG> (Thumb, 0 bytes, Stack size 0 bytes, memcpya.o(.text), UNUSED)

<P><STRONG><a name="[7e]"></a>__aeabi_memset</STRONG> (Thumb, 14 bytes, Stack size 0 bytes, memseta.o(.text))
<BR><BR>[Called By]<UL><LI><a href="#[299]">&gt;&gt;</a>&nbsp;&nbsp;&nbsp;gc_flash_fwrite
<LI><a href="#[171]">&gt;&gt;</a>&nbsp;&nbsp;&nbsp;save_info_before_reset_point
<LI><a href="#[5a]">&gt;&gt;</a>&nbsp;&nbsp;&nbsp;cmd_hwtest
<LI><a href="#[54]">&gt;&gt;</a>&nbsp;&nbsp;&nbsp;cmd_fwrite
<LI><a href="#[21a]">&gt;&gt;</a>&nbsp;&nbsp;&nbsp;gc_flash_page_write_data
<LI><a href="#[297]">&gt;&gt;</a>&nbsp;&nbsp;&nbsp;find_flash_page_write_position_at_boot
<LI><a href="#[21b]">&gt;&gt;</a>&nbsp;&nbsp;&nbsp;ble_receive_handler
<LI><a href="#[2bb]">&gt;&gt;</a>&nbsp;&nbsp;&nbsp;save_info_before_mcu_off
<LI><a href="#[218]">&gt;&gt;</a>&nbsp;&nbsp;&nbsp;ble_rcv_rtc
<LI><a href="#[2c5]">&gt;&gt;</a>&nbsp;&nbsp;&nbsp;get_realtime_step
<LI><a href="#[21c]">&gt;&gt;</a>&nbsp;&nbsp;&nbsp;f_info_recall
<LI><a href="#[33d]">&gt;&gt;</a>&nbsp;&nbsp;&nbsp;pah8series_open
<LI><a href="#[7f]">&gt;&gt;</a>&nbsp;&nbsp;&nbsp;_memset$wrapper
<LI><a href="#[7d]">&gt;&gt;</a>&nbsp;&nbsp;&nbsp;__aeabi_memclr
</UL>

<P><STRONG><a name="[3b0]"></a>__aeabi_memset4</STRONG> (Thumb, 0 bytes, Stack size 0 bytes, memseta.o(.text), UNUSED)

<P><STRONG><a name="[3b1]"></a>__aeabi_memset8</STRONG> (Thumb, 0 bytes, Stack size 0 bytes, memseta.o(.text), UNUSED)

<P><STRONG><a name="[7d]"></a>__aeabi_memclr</STRONG> (Thumb, 4 bytes, Stack size 0 bytes, memseta.o(.text))
<BR><BR>[Calls]<UL><LI><a href="#[7e]">&gt;&gt;</a>&nbsp;&nbsp;&nbsp;__aeabi_memset
</UL>
<BR>[Called By]<UL><LI><a href="#[1fa]">&gt;&gt;</a>&nbsp;&nbsp;&nbsp;ble_ancs_c_init
<LI><a href="#[27e]">&gt;&gt;</a>&nbsp;&nbsp;&nbsp;peer_instance_init
<LI><a href="#[ff]">&gt;&gt;</a>&nbsp;&nbsp;&nbsp;HR8002_Reset
<LI><a href="#[c2]">&gt;&gt;</a>&nbsp;&nbsp;&nbsp;Peak_Idx_Mask
</UL>

<P><STRONG><a name="[e0]"></a>__aeabi_memclr4</STRONG> (Thumb, 0 bytes, Stack size 0 bytes, memseta.o(.text))
<BR><BR>[Called By]<UL><LI><a href="#[1b2]">&gt;&gt;</a>&nbsp;&nbsp;&nbsp;advertising_init
<LI><a href="#[268]">&gt;&gt;</a>&nbsp;&nbsp;&nbsp;conn_params_init
<LI><a href="#[221]">&gt;&gt;</a>&nbsp;&nbsp;&nbsp;findpaststartADDR
<LI><a href="#[220]">&gt;&gt;</a>&nbsp;&nbsp;&nbsp;find_req_feature
<LI><a href="#[298]">&gt;&gt;</a>&nbsp;&nbsp;&nbsp;find_recent_feature_save
<LI><a href="#[171]">&gt;&gt;</a>&nbsp;&nbsp;&nbsp;save_info_before_reset_point
<LI><a href="#[161]">&gt;&gt;</a>&nbsp;&nbsp;&nbsp;SPI_FLASH_BufferRead
<LI><a href="#[53]">&gt;&gt;</a>&nbsp;&nbsp;&nbsp;cmd_fread
<LI><a href="#[225]">&gt;&gt;</a>&nbsp;&nbsp;&nbsp;softdevice_enable_get_default_config
<LI><a href="#[170]">&gt;&gt;</a>&nbsp;&nbsp;&nbsp;save_data_before_reset
<LI><a href="#[21d]">&gt;&gt;</a>&nbsp;&nbsp;&nbsp;gc_flash_page_read_data
<LI><a href="#[aa]">&gt;&gt;</a>&nbsp;&nbsp;&nbsp;find_req_past_feature
<LI><a href="#[29a]">&gt;&gt;</a>&nbsp;&nbsp;&nbsp;find_recent_feature_save_on_boot
<LI><a href="#[282]">&gt;&gt;</a>&nbsp;&nbsp;&nbsp;dm_init
<LI><a href="#[20e]">&gt;&gt;</a>&nbsp;&nbsp;&nbsp;dm_ble_evt_handler
<LI><a href="#[21b]">&gt;&gt;</a>&nbsp;&nbsp;&nbsp;ble_receive_handler
<LI><a href="#[1f4]">&gt;&gt;</a>&nbsp;&nbsp;&nbsp;ble_advertising_start
<LI><a href="#[1b3]">&gt;&gt;</a>&nbsp;&nbsp;&nbsp;ble_advertising_init
<LI><a href="#[2bb]">&gt;&gt;</a>&nbsp;&nbsp;&nbsp;save_info_before_mcu_off
<LI><a href="#[2c5]">&gt;&gt;</a>&nbsp;&nbsp;&nbsp;get_realtime_step
<LI><a href="#[21c]">&gt;&gt;</a>&nbsp;&nbsp;&nbsp;f_info_recall
<LI><a href="#[61]">&gt;&gt;</a>&nbsp;&nbsp;&nbsp;gatts_context_store
<LI><a href="#[46]">&gt;&gt;</a>&nbsp;&nbsp;&nbsp;dm_pstorage_cb_handler
<LI><a href="#[214]">&gt;&gt;</a>&nbsp;&nbsp;&nbsp;tx_char_add
<LI><a href="#[213]">&gt;&gt;</a>&nbsp;&nbsp;&nbsp;rx_char_add
<LI><a href="#[ac]">&gt;&gt;</a>&nbsp;&nbsp;&nbsp;nrf_drv_twi_tx
<LI><a href="#[fc]">&gt;&gt;</a>&nbsp;&nbsp;&nbsp;HR8002_Detect_Open
<LI><a href="#[348]">&gt;&gt;</a>&nbsp;&nbsp;&nbsp;pah8series_hr_open
<LI><a href="#[df]">&gt;&gt;</a>&nbsp;&nbsp;&nbsp;Cal_PPG_Double_Harmonic
<LI><a href="#[10b]">&gt;&gt;</a>&nbsp;&nbsp;&nbsp;HR_MULTI_CH_FFT_Peak_Find_Process
</UL>

<P><STRONG><a name="[3b2]"></a>__aeabi_memclr8</STRONG> (Thumb, 0 bytes, Stack size 0 bytes, memseta.o(.text), UNUSED)

<P><STRONG><a name="[7f]"></a>_memset$wrapper</STRONG> (Thumb, 18 bytes, Stack size 8 bytes, memseta.o(.text), UNUSED)
<BR><BR>[Calls]<UL><LI><a href="#[7e]">&gt;&gt;</a>&nbsp;&nbsp;&nbsp;__aeabi_memset
</UL>

<P><STRONG><a name="[24d]"></a>strlen</STRONG> (Thumb, 14 bytes, Stack size 0 bytes, strlen.o(.text))
<BR><BR>[Called By]<UL><LI><a href="#[2a7]">&gt;&gt;</a>&nbsp;&nbsp;&nbsp;gap_params_init
<LI><a href="#[25c]">&gt;&gt;</a>&nbsp;&nbsp;&nbsp;command_execute
<LI><a href="#[54]">&gt;&gt;</a>&nbsp;&nbsp;&nbsp;cmd_fwrite
</UL>

<P><STRONG><a name="[24b]"></a>strcmp</STRONG> (Thumb, 28 bytes, Stack size 8 bytes, strcmp.o(.text))
<BR><BR>[Stack]<UL><LI>Max Depth = 8<LI>Call Chain = strcmp
</UL>
<BR>[Called By]<UL><LI><a href="#[55]">&gt;&gt;</a>&nbsp;&nbsp;&nbsp;cmd_ferase
</UL>

<P><STRONG><a name="[27b]"></a>memcmp</STRONG> (Thumb, 26 bytes, Stack size 12 bytes, memcmp.o(.text))
<BR><BR>[Stack]<UL><LI>Max Depth = 12<LI>Call Chain = memcmp
</UL>
<BR>[Called By]<UL><LI><a href="#[61]">&gt;&gt;</a>&nbsp;&nbsp;&nbsp;gatts_context_store
<LI><a href="#[46]">&gt;&gt;</a>&nbsp;&nbsp;&nbsp;dm_pstorage_cb_handler
<LI><a href="#[27a]">&gt;&gt;</a>&nbsp;&nbsp;&nbsp;device_instance_find
</UL>

<P><STRONG><a name="[252]"></a>strtok</STRONG> (Thumb, 62 bytes, Stack size 16 bytes, strtok.o(.text))
<BR><BR>[Stack]<UL><LI>Max Depth = 16<LI>Call Chain = strtok
</UL>
<BR>[Called By]<UL><LI><a href="#[251]">&gt;&gt;</a>&nbsp;&nbsp;&nbsp;cmd_parse
</UL>

<P><STRONG><a name="[80]"></a>strtoul</STRONG> (Thumb, 114 bytes, Stack size 40 bytes, strtoul.o(.text))
<BR><BR>[Stack]<UL><LI>Max Depth = 80<LI>Call Chain = strtoul &rArr; _strtoul
</UL>
<BR>[Calls]<UL><LI><a href="#[83]">&gt;&gt;</a>&nbsp;&nbsp;&nbsp;_strtoul
<LI><a href="#[81]">&gt;&gt;</a>&nbsp;&nbsp;&nbsp;__aeabi_errno_addr
<LI><a href="#[82]">&gt;&gt;</a>&nbsp;&nbsp;&nbsp;__rt_ctype_table
</UL>
<BR>[Called By]<UL><LI><a href="#[54]">&gt;&gt;</a>&nbsp;&nbsp;&nbsp;cmd_fwrite
<LI><a href="#[53]">&gt;&gt;</a>&nbsp;&nbsp;&nbsp;cmd_fread
<LI><a href="#[55]">&gt;&gt;</a>&nbsp;&nbsp;&nbsp;cmd_ferase
</UL>

<P><STRONG><a name="[84]"></a>atoi</STRONG> (Thumb, 26 bytes, Stack size 16 bytes, atoi.o(.text))
<BR><BR>[Stack]<UL><LI>Max Depth = 88<LI>Call Chain = atoi &rArr; strtol &rArr; _strtoul
</UL>
<BR>[Calls]<UL><LI><a href="#[85]">&gt;&gt;</a>&nbsp;&nbsp;&nbsp;strtol
<LI><a href="#[81]">&gt;&gt;</a>&nbsp;&nbsp;&nbsp;__aeabi_errno_addr
</UL>
<BR>[Called By]<UL><LI><a href="#[58]">&gt;&gt;</a>&nbsp;&nbsp;&nbsp;cmd_opmode
<LI><a href="#[57]">&gt;&gt;</a>&nbsp;&nbsp;&nbsp;cmd_oledpower
<LI><a href="#[59]">&gt;&gt;</a>&nbsp;&nbsp;&nbsp;cmd_noti
</UL>

<P><STRONG><a name="[86]"></a>__aeabi_dadd</STRONG> (Thumb, 322 bytes, Stack size 48 bytes, dadd.o(.text))
<BR><BR>[Stack]<UL><LI>Max Depth = 88<LI>Call Chain = __aeabi_dadd &rArr; _double_epilogue &rArr; _double_round
</UL>
<BR>[Calls]<UL><LI><a href="#[88]">&gt;&gt;</a>&nbsp;&nbsp;&nbsp;__aeabi_lasr
<LI><a href="#[87]">&gt;&gt;</a>&nbsp;&nbsp;&nbsp;__aeabi_llsl
<LI><a href="#[8a]">&gt;&gt;</a>&nbsp;&nbsp;&nbsp;_double_round
<LI><a href="#[89]">&gt;&gt;</a>&nbsp;&nbsp;&nbsp;_double_epilogue
</UL>
<BR>[Called By]<UL><LI><a href="#[9c]">&gt;&gt;</a>&nbsp;&nbsp;&nbsp;AN520_Result
<LI><a href="#[8c]">&gt;&gt;</a>&nbsp;&nbsp;&nbsp;__aeabi_drsub
<LI><a href="#[2c5]">&gt;&gt;</a>&nbsp;&nbsp;&nbsp;get_realtime_step
<LI><a href="#[8b]">&gt;&gt;</a>&nbsp;&nbsp;&nbsp;__aeabi_dsub
<LI><a href="#[18d]">&gt;&gt;</a>&nbsp;&nbsp;&nbsp;_fp_digits
<LI><a href="#[9e]">&gt;&gt;</a>&nbsp;&nbsp;&nbsp;__hardfp_pow
<LI><a href="#[186]">&gt;&gt;</a>&nbsp;&nbsp;&nbsp;__kernel_poly
<LI><a href="#[17f]">&gt;&gt;</a>&nbsp;&nbsp;&nbsp;__mathlib_dbl_infnan2
</UL>

<P><STRONG><a name="[8b]"></a>__aeabi_dsub</STRONG> (Thumb, 6 bytes, Stack size 0 bytes, dadd.o(.text))
<BR><BR>[Stack]<UL><LI>Max Depth = 88<LI>Call Chain = __aeabi_dsub &rArr; __aeabi_dadd &rArr; _double_epilogue &rArr; _double_round
</UL>
<BR>[Calls]<UL><LI><a href="#[86]">&gt;&gt;</a>&nbsp;&nbsp;&nbsp;__aeabi_dadd
</UL>
<BR>[Called By]<UL><LI><a href="#[9c]">&gt;&gt;</a>&nbsp;&nbsp;&nbsp;AN520_Result
<LI><a href="#[9e]">&gt;&gt;</a>&nbsp;&nbsp;&nbsp;__hardfp_pow
</UL>

<P><STRONG><a name="[8c]"></a>__aeabi_drsub</STRONG> (Thumb, 6 bytes, Stack size 0 bytes, dadd.o(.text))
<BR><BR>[Stack]<UL><LI>Max Depth = 88<LI>Call Chain = __aeabi_drsub &rArr; __aeabi_dadd &rArr; _double_epilogue &rArr; _double_round
</UL>
<BR>[Calls]<UL><LI><a href="#[86]">&gt;&gt;</a>&nbsp;&nbsp;&nbsp;__aeabi_dadd
</UL>
<BR>[Called By]<UL><LI><a href="#[9c]">&gt;&gt;</a>&nbsp;&nbsp;&nbsp;AN520_Result
<LI><a href="#[2c5]">&gt;&gt;</a>&nbsp;&nbsp;&nbsp;get_realtime_step
<LI><a href="#[9e]">&gt;&gt;</a>&nbsp;&nbsp;&nbsp;__hardfp_pow
</UL>

<P><STRONG><a name="[8d]"></a>__aeabi_dmul</STRONG> (Thumb, 228 bytes, Stack size 48 bytes, dmul.o(.text))
<BR><BR>[Stack]<UL><LI>Max Depth = 88<LI>Call Chain = __aeabi_dmul &rArr; _double_epilogue &rArr; _double_round
</UL>
<BR>[Calls]<UL><LI><a href="#[89]">&gt;&gt;</a>&nbsp;&nbsp;&nbsp;_double_epilogue
</UL>
<BR>[Called By]<UL><LI><a href="#[9c]">&gt;&gt;</a>&nbsp;&nbsp;&nbsp;AN520_Result
<LI><a href="#[2c5]">&gt;&gt;</a>&nbsp;&nbsp;&nbsp;get_realtime_step
<LI><a href="#[29d]">&gt;&gt;</a>&nbsp;&nbsp;&nbsp;fixFloat
<LI><a href="#[18d]">&gt;&gt;</a>&nbsp;&nbsp;&nbsp;_fp_digits
<LI><a href="#[9e]">&gt;&gt;</a>&nbsp;&nbsp;&nbsp;__hardfp_pow
<LI><a href="#[186]">&gt;&gt;</a>&nbsp;&nbsp;&nbsp;__kernel_poly
<LI><a href="#[185]">&gt;&gt;</a>&nbsp;&nbsp;&nbsp;__mathlib_dbl_underflow
<LI><a href="#[181]">&gt;&gt;</a>&nbsp;&nbsp;&nbsp;__mathlib_dbl_overflow
</UL>

<P><STRONG><a name="[8e]"></a>__aeabi_ddiv</STRONG> (Thumb, 222 bytes, Stack size 32 bytes, ddiv.o(.text))
<BR><BR>[Stack]<UL><LI>Max Depth = 40<LI>Call Chain = __aeabi_ddiv &rArr; _double_round
</UL>
<BR>[Calls]<UL><LI><a href="#[8a]">&gt;&gt;</a>&nbsp;&nbsp;&nbsp;_double_round
</UL>
<BR>[Called By]<UL><LI><a href="#[9c]">&gt;&gt;</a>&nbsp;&nbsp;&nbsp;AN520_Result
<LI><a href="#[2c5]">&gt;&gt;</a>&nbsp;&nbsp;&nbsp;get_realtime_step
<LI><a href="#[29d]">&gt;&gt;</a>&nbsp;&nbsp;&nbsp;fixFloat
<LI><a href="#[18d]">&gt;&gt;</a>&nbsp;&nbsp;&nbsp;_fp_digits
<LI><a href="#[9e]">&gt;&gt;</a>&nbsp;&nbsp;&nbsp;__hardfp_pow
<LI><a href="#[184]">&gt;&gt;</a>&nbsp;&nbsp;&nbsp;__mathlib_dbl_invalid
<LI><a href="#[180]">&gt;&gt;</a>&nbsp;&nbsp;&nbsp;__mathlib_dbl_divzero
</UL>

<P><STRONG><a name="[8f]"></a>__aeabi_l2f</STRONG> (Thumb, 44 bytes, Stack size 16 bytes, ffltl.o(.text))
<BR><BR>[Stack]<UL><LI>Max Depth = 20<LI>Call Chain = __aeabi_l2f &rArr; _float_epilogue
</UL>
<BR>[Calls]<UL><LI><a href="#[90]">&gt;&gt;</a>&nbsp;&nbsp;&nbsp;_float_epilogue
</UL>
<BR>[Called By]<UL><LI><a href="#[e2]">&gt;&gt;</a>&nbsp;&nbsp;&nbsp;SQRT_c51
<LI><a href="#[100]">&gt;&gt;</a>&nbsp;&nbsp;&nbsp;HR8002_Process
</UL>

<P><STRONG><a name="[91]"></a>__aeabi_i2d</STRONG> (Thumb, 34 bytes, Stack size 16 bytes, dflti.o(.text))
<BR><BR>[Stack]<UL><LI>Max Depth = 56<LI>Call Chain = __aeabi_i2d &rArr; _double_epilogue &rArr; _double_round
</UL>
<BR>[Calls]<UL><LI><a href="#[89]">&gt;&gt;</a>&nbsp;&nbsp;&nbsp;_double_epilogue
</UL>
<BR>[Called By]<UL><LI><a href="#[2c5]">&gt;&gt;</a>&nbsp;&nbsp;&nbsp;get_realtime_step
<LI><a href="#[29d]">&gt;&gt;</a>&nbsp;&nbsp;&nbsp;fixFloat
<LI><a href="#[9e]">&gt;&gt;</a>&nbsp;&nbsp;&nbsp;__hardfp_pow
</UL>

<P><STRONG><a name="[92]"></a>__aeabi_ui2d</STRONG> (Thumb, 26 bytes, Stack size 16 bytes, dfltui.o(.text))
<BR><BR>[Stack]<UL><LI>Max Depth = 56<LI>Call Chain = __aeabi_ui2d &rArr; _double_epilogue &rArr; _double_round
</UL>
<BR>[Calls]<UL><LI><a href="#[89]">&gt;&gt;</a>&nbsp;&nbsp;&nbsp;_double_epilogue
</UL>
<BR>[Called By]<UL><LI><a href="#[9c]">&gt;&gt;</a>&nbsp;&nbsp;&nbsp;AN520_Result
</UL>

<P><STRONG><a name="[93]"></a>__aeabi_d2iz</STRONG> (Thumb, 62 bytes, Stack size 16 bytes, dfixi.o(.text))
<BR><BR>[Stack]<UL><LI>Max Depth = 16<LI>Call Chain = __aeabi_d2iz
</UL>
<BR>[Calls]<UL><LI><a href="#[94]">&gt;&gt;</a>&nbsp;&nbsp;&nbsp;__aeabi_llsr
</UL>
<BR>[Called By]<UL><LI><a href="#[2c5]">&gt;&gt;</a>&nbsp;&nbsp;&nbsp;get_realtime_step
<LI><a href="#[29d]">&gt;&gt;</a>&nbsp;&nbsp;&nbsp;fixFloat
</UL>

<P><STRONG><a name="[95]"></a>__aeabi_d2uiz</STRONG> (Thumb, 50 bytes, Stack size 8 bytes, dfixui.o(.text))
<BR><BR>[Stack]<UL><LI>Max Depth = 8<LI>Call Chain = __aeabi_d2uiz
</UL>
<BR>[Calls]<UL><LI><a href="#[94]">&gt;&gt;</a>&nbsp;&nbsp;&nbsp;__aeabi_llsr
</UL>
<BR>[Called By]<UL><LI><a href="#[2c5]">&gt;&gt;</a>&nbsp;&nbsp;&nbsp;get_realtime_step
</UL>

<P><STRONG><a name="[2c6]"></a>__aeabi_f2d</STRONG> (Thumb, 38 bytes, Stack size 0 bytes, f2d.o(.text))
<BR><BR>[Called By]<UL><LI><a href="#[2c5]">&gt;&gt;</a>&nbsp;&nbsp;&nbsp;get_realtime_step
</UL>

<P><STRONG><a name="[2c7]"></a>__aeabi_cdcmpeq</STRONG> (Thumb, 0 bytes, Stack size 0 bytes, cdcmple.o(.text))
<BR><BR>[Called By]<UL><LI><a href="#[2c5]">&gt;&gt;</a>&nbsp;&nbsp;&nbsp;get_realtime_step
</UL>

<P><STRONG><a name="[3b3]"></a>__aeabi_cdcmple</STRONG> (Thumb, 48 bytes, Stack size 0 bytes, cdcmple.o(.text), UNUSED)

<P><STRONG><a name="[96]"></a>__aeabi_d2f</STRONG> (Thumb, 56 bytes, Stack size 8 bytes, d2f.o(.text))
<BR><BR>[Stack]<UL><LI>Max Depth = 8<LI>Call Chain = __aeabi_d2f
</UL>
<BR>[Calls]<UL><LI><a href="#[97]">&gt;&gt;</a>&nbsp;&nbsp;&nbsp;_float_round
</UL>
<BR>[Called By]<UL><LI><a href="#[9c]">&gt;&gt;</a>&nbsp;&nbsp;&nbsp;AN520_Result
<LI><a href="#[2c5]">&gt;&gt;</a>&nbsp;&nbsp;&nbsp;get_realtime_step
</UL>

<P><STRONG><a name="[3b4]"></a>__aeabi_uidiv</STRONG> (Thumb, 0 bytes, Stack size 12 bytes, uidiv.o(.text), UNUSED)

<P><STRONG><a name="[198]"></a>__aeabi_uidivmod</STRONG> (Thumb, 44 bytes, Stack size 12 bytes, uidiv.o(.text), UNUSED)
<BR><BR>[Called By]<UL><LI><a href="#[176]">&gt;&gt;</a>&nbsp;&nbsp;&nbsp;_printf_core
</UL>

<P><STRONG><a name="[7c]"></a>__aeabi_uldivmod</STRONG> (Thumb, 98 bytes, Stack size 40 bytes, uldiv.o(.text))
<BR><BR>[Stack]<UL><LI>Max Depth = 40<LI>Call Chain = __aeabi_uldivmod
</UL>
<BR>[Calls]<UL><LI><a href="#[87]">&gt;&gt;</a>&nbsp;&nbsp;&nbsp;__aeabi_llsl
<LI><a href="#[94]">&gt;&gt;</a>&nbsp;&nbsp;&nbsp;__aeabi_llsr
</UL>
<BR>[Called By]<UL><LI><a href="#[176]">&gt;&gt;</a>&nbsp;&nbsp;&nbsp;_printf_core
<LI><a href="#[18d]">&gt;&gt;</a>&nbsp;&nbsp;&nbsp;_fp_digits
<LI><a href="#[7b]">&gt;&gt;</a>&nbsp;&nbsp;&nbsp;__aeabi_ldivmod
</UL>

<P><STRONG><a name="[94]"></a>__aeabi_llsr</STRONG> (Thumb, 32 bytes, Stack size 0 bytes, llushr.o(.text))
<BR><BR>[Called By]<UL><LI><a href="#[95]">&gt;&gt;</a>&nbsp;&nbsp;&nbsp;__aeabi_d2uiz
<LI><a href="#[93]">&gt;&gt;</a>&nbsp;&nbsp;&nbsp;__aeabi_d2iz
<LI><a href="#[99]">&gt;&gt;</a>&nbsp;&nbsp;&nbsp;__aeabi_d2ulz
<LI><a href="#[7c]">&gt;&gt;</a>&nbsp;&nbsp;&nbsp;__aeabi_uldivmod
<LI><a href="#[9b]">&gt;&gt;</a>&nbsp;&nbsp;&nbsp;_dsqrt
<LI><a href="#[89]">&gt;&gt;</a>&nbsp;&nbsp;&nbsp;_double_epilogue
</UL>

<P><STRONG><a name="[3b5]"></a>_ll_ushift_r</STRONG> (Thumb, 0 bytes, Stack size 0 bytes, llushr.o(.text), UNUSED)

<P><STRONG><a name="[82]"></a>__rt_ctype_table</STRONG> (Thumb, 4 bytes, Stack size 0 bytes, ctype_o.o(.text))
<BR><BR>[Called By]<UL><LI><a href="#[85]">&gt;&gt;</a>&nbsp;&nbsp;&nbsp;strtol
<LI><a href="#[80]">&gt;&gt;</a>&nbsp;&nbsp;&nbsp;strtoul
</UL>

<P><STRONG><a name="[83]"></a>_strtoul</STRONG> (Thumb, 158 bytes, Stack size 40 bytes, _strtoul.o(.text))
<BR><BR>[Stack]<UL><LI>Max Depth = 40<LI>Call Chain = _strtoul
</UL>
<BR>[Calls]<UL><LI><a href="#[98]">&gt;&gt;</a>&nbsp;&nbsp;&nbsp;_chval
<LI><a href="#[81]">&gt;&gt;</a>&nbsp;&nbsp;&nbsp;__aeabi_errno_addr
</UL>
<BR>[Called By]<UL><LI><a href="#[85]">&gt;&gt;</a>&nbsp;&nbsp;&nbsp;strtol
<LI><a href="#[80]">&gt;&gt;</a>&nbsp;&nbsp;&nbsp;strtoul
</UL>

<P><STRONG><a name="[85]"></a>strtol</STRONG> (Thumb, 112 bytes, Stack size 32 bytes, strtol.o(.text))
<BR><BR>[Stack]<UL><LI>Max Depth = 72<LI>Call Chain = strtol &rArr; _strtoul
</UL>
<BR>[Calls]<UL><LI><a href="#[83]">&gt;&gt;</a>&nbsp;&nbsp;&nbsp;_strtoul
<LI><a href="#[81]">&gt;&gt;</a>&nbsp;&nbsp;&nbsp;__aeabi_errno_addr
<LI><a href="#[82]">&gt;&gt;</a>&nbsp;&nbsp;&nbsp;__rt_ctype_table
</UL>
<BR>[Called By]<UL><LI><a href="#[84]">&gt;&gt;</a>&nbsp;&nbsp;&nbsp;atoi
</UL>

<P><STRONG><a name="[3b6]"></a>__I$use$fp</STRONG> (Thumb, 0 bytes, Stack size 0 bytes, iusefp.o(.text), UNUSED)

<P><STRONG><a name="[97]"></a>_float_round</STRONG> (Thumb, 18 bytes, Stack size 0 bytes, fepilogue.o(.text))
<BR><BR>[Called By]<UL><LI><a href="#[96]">&gt;&gt;</a>&nbsp;&nbsp;&nbsp;__aeabi_d2f
</UL>

<P><STRONG><a name="[90]"></a>_float_epilogue</STRONG> (Thumb, 92 bytes, Stack size 4 bytes, fepilogue.o(.text))
<BR><BR>[Stack]<UL><LI>Max Depth = 4<LI>Call Chain = _float_epilogue
</UL>
<BR>[Called By]<UL><LI><a href="#[8f]">&gt;&gt;</a>&nbsp;&nbsp;&nbsp;__aeabi_l2f
</UL>

<P><STRONG><a name="[8a]"></a>_double_round</STRONG> (Thumb, 30 bytes, Stack size 8 bytes, depilogue.o(.text))
<BR><BR>[Stack]<UL><LI>Max Depth = 8<LI>Call Chain = _double_round
</UL>
<BR>[Called By]<UL><LI><a href="#[8e]">&gt;&gt;</a>&nbsp;&nbsp;&nbsp;__aeabi_ddiv
<LI><a href="#[86]">&gt;&gt;</a>&nbsp;&nbsp;&nbsp;__aeabi_dadd
<LI><a href="#[9b]">&gt;&gt;</a>&nbsp;&nbsp;&nbsp;_dsqrt
<LI><a href="#[89]">&gt;&gt;</a>&nbsp;&nbsp;&nbsp;_double_epilogue
</UL>

<P><STRONG><a name="[89]"></a>_double_epilogue</STRONG> (Thumb, 156 bytes, Stack size 32 bytes, depilogue.o(.text))
<BR><BR>[Stack]<UL><LI>Max Depth = 40<LI>Call Chain = _double_epilogue &rArr; _double_round
</UL>
<BR>[Calls]<UL><LI><a href="#[87]">&gt;&gt;</a>&nbsp;&nbsp;&nbsp;__aeabi_llsl
<LI><a href="#[94]">&gt;&gt;</a>&nbsp;&nbsp;&nbsp;__aeabi_llsr
<LI><a href="#[8a]">&gt;&gt;</a>&nbsp;&nbsp;&nbsp;_double_round
</UL>
<BR>[Called By]<UL><LI><a href="#[92]">&gt;&gt;</a>&nbsp;&nbsp;&nbsp;__aeabi_ui2d
<LI><a href="#[8d]">&gt;&gt;</a>&nbsp;&nbsp;&nbsp;__aeabi_dmul
<LI><a href="#[91]">&gt;&gt;</a>&nbsp;&nbsp;&nbsp;__aeabi_i2d
<LI><a href="#[86]">&gt;&gt;</a>&nbsp;&nbsp;&nbsp;__aeabi_dadd
</UL>

<P><STRONG><a name="[188]"></a>__ARM_scalbn</STRONG> (Thumb, 46 bytes, Stack size 16 bytes, dscalb.o(.text))
<BR><BR>[Stack]<UL><LI>Max Depth = 16<LI>Call Chain = __ARM_scalbn
</UL>
<BR>[Called By]<UL><LI><a href="#[9e]">&gt;&gt;</a>&nbsp;&nbsp;&nbsp;__hardfp_pow
</UL>

<P><STRONG><a name="[3b7]"></a>scalbn</STRONG> (Thumb, 0 bytes, Stack size 16 bytes, dscalb.o(.text), UNUSED)

<P><STRONG><a name="[99]"></a>__aeabi_d2ulz</STRONG> (Thumb, 48 bytes, Stack size 0 bytes, dfixul.o(.text), UNUSED)
<BR><BR>[Calls]<UL><LI><a href="#[87]">&gt;&gt;</a>&nbsp;&nbsp;&nbsp;__aeabi_llsl
<LI><a href="#[94]">&gt;&gt;</a>&nbsp;&nbsp;&nbsp;__aeabi_llsr
</UL>
<BR>[Called By]<UL><LI><a href="#[18d]">&gt;&gt;</a>&nbsp;&nbsp;&nbsp;_fp_digits
</UL>

<P><STRONG><a name="[187]"></a>__aeabi_cdrcmple</STRONG> (Thumb, 48 bytes, Stack size 0 bytes, cdrcmple.o(.text))
<BR><BR>[Called By]<UL><LI><a href="#[18d]">&gt;&gt;</a>&nbsp;&nbsp;&nbsp;_fp_digits
<LI><a href="#[9e]">&gt;&gt;</a>&nbsp;&nbsp;&nbsp;__hardfp_pow
</UL>

<P><STRONG><a name="[3b8]"></a>__fp_status</STRONG> (Thumb, 4 bytes, Stack size 0 bytes, fpstat.o(.text), UNUSED)

<P><STRONG><a name="[18b]"></a>__ieee_status</STRONG> (Thumb, 0 bytes, Stack size 0 bytes, fpstat.o(.text))
<BR><BR>[Called By]<UL><LI><a href="#[18a]">&gt;&gt;</a>&nbsp;&nbsp;&nbsp;__hardfp_powf
</UL>

<P><STRONG><a name="[77]"></a>__scatterload</STRONG> (Thumb, 28 bytes, Stack size 0 bytes, init.o(.text))
<BR><BR>[Calls]<UL><LI><a href="#[9a]">&gt;&gt;</a>&nbsp;&nbsp;&nbsp;__main_after_scatterload
</UL>
<BR>[Called By]<UL><LI><a href="#[76]">&gt;&gt;</a>&nbsp;&nbsp;&nbsp;_main_scatterload
</UL>

<P><STRONG><a name="[3b9]"></a>__scatterload_rt2</STRONG> (Thumb, 0 bytes, Stack size 0 bytes, init.o(.text), UNUSED)

<P><STRONG><a name="[98]"></a>_chval</STRONG> (Thumb, 28 bytes, Stack size 0 bytes, _chval.o(.text))
<BR><BR>[Called By]<UL><LI><a href="#[83]">&gt;&gt;</a>&nbsp;&nbsp;&nbsp;_strtoul
</UL>

<P><STRONG><a name="[9b]"></a>_dsqrt</STRONG> (Thumb, 162 bytes, Stack size 32 bytes, dsqrt.o(.text))
<BR><BR>[Stack]<UL><LI>Max Depth = 40<LI>Call Chain = _dsqrt &rArr; _double_round
</UL>
<BR>[Calls]<UL><LI><a href="#[94]">&gt;&gt;</a>&nbsp;&nbsp;&nbsp;__aeabi_llsr
<LI><a href="#[8a]">&gt;&gt;</a>&nbsp;&nbsp;&nbsp;_double_round
</UL>
<BR>[Called By]<UL><LI><a href="#[182]">&gt;&gt;</a>&nbsp;&nbsp;&nbsp;sqrt
</UL>

<P><STRONG><a name="[3ba]"></a>__decompress</STRONG> (Thumb, 0 bytes, Stack size unknown bytes, __dczerorl2.o(.text), UNUSED)

<P><STRONG><a name="[3bb]"></a>__decompress1</STRONG> (Thumb, 86 bytes, Stack size unknown bytes, __dczerorl2.o(.text), UNUSED)

<P><STRONG><a name="[9c]"></a>AN520_Result</STRONG> (Thumb, 698 bytes, Stack size 120 bytes, an520.o(i.AN520_Result))
<BR><BR>[Stack]<UL><LI>Max Depth = 424<LI>Call Chain = AN520_Result &rArr; __hardfp_pow &rArr; __kernel_poly &rArr; __aeabi_dmul &rArr; _double_epilogue &rArr; _double_round
</UL>
<BR>[Calls]<UL><LI><a href="#[92]">&gt;&gt;</a>&nbsp;&nbsp;&nbsp;__aeabi_ui2d
<LI><a href="#[8d]">&gt;&gt;</a>&nbsp;&nbsp;&nbsp;__aeabi_dmul
<LI><a href="#[8e]">&gt;&gt;</a>&nbsp;&nbsp;&nbsp;__aeabi_ddiv
<LI><a href="#[8c]">&gt;&gt;</a>&nbsp;&nbsp;&nbsp;__aeabi_drsub
<LI><a href="#[86]">&gt;&gt;</a>&nbsp;&nbsp;&nbsp;__aeabi_dadd
<LI><a href="#[96]">&gt;&gt;</a>&nbsp;&nbsp;&nbsp;__aeabi_d2f
<LI><a href="#[8b]">&gt;&gt;</a>&nbsp;&nbsp;&nbsp;__aeabi_dsub
<LI><a href="#[9d]">&gt;&gt;</a>&nbsp;&nbsp;&nbsp;cmd_adc
<LI><a href="#[9e]">&gt;&gt;</a>&nbsp;&nbsp;&nbsp;__hardfp_pow
</UL>
<BR>[Called By]<UL><LI><a href="#[4d]">&gt;&gt;</a>&nbsp;&nbsp;&nbsp;sensor_timer_handler
</UL>

<P><STRONG><a name="[9f]"></a>AN520_crc_init</STRONG> (Thumb, 62 bytes, Stack size 16 bytes, an520.o(i.AN520_crc_init))
<BR><BR>[Stack]<UL><LI>Max Depth = 256<LI>Call Chain = AN520_crc_init &rArr; cmd_prom &rArr; i2c_send &rArr; nrf_drv_twi_tx &rArr; nrf_drv_twi_xfer &rArr; twi_xfer &rArr; twi_tx_start_transfer &rArr; twi_transfer &rArr; twi_send_byte
</UL>
<BR>[Calls]<UL><LI><a href="#[a0]">&gt;&gt;</a>&nbsp;&nbsp;&nbsp;cmd_prom
<LI><a href="#[a1]">&gt;&gt;</a>&nbsp;&nbsp;&nbsp;AN520crc4
<LI><a href="#[a2]">&gt;&gt;</a>&nbsp;&nbsp;&nbsp;__2printf
</UL>
<BR>[Called By]<UL><LI><a href="#[31]">&gt;&gt;</a>&nbsp;&nbsp;&nbsp;main
</UL>

<P><STRONG><a name="[a3]"></a>AN520cmd_reset</STRONG> (Thumb, 16 bytes, Stack size 8 bytes, an520.o(i.AN520cmd_reset))
<BR><BR>[Stack]<UL><LI>Max Depth = 232<LI>Call Chain = AN520cmd_reset &rArr; i2c_send &rArr; nrf_drv_twi_tx &rArr; nrf_drv_twi_xfer &rArr; twi_xfer &rArr; twi_tx_start_transfer &rArr; twi_transfer &rArr; twi_send_byte
</UL>
<BR>[Calls]<UL><LI><a href="#[a5]">&gt;&gt;</a>&nbsp;&nbsp;&nbsp;nrf_delay_ms
<LI><a href="#[a4]">&gt;&gt;</a>&nbsp;&nbsp;&nbsp;i2c_send
</UL>
<BR>[Called By]<UL><LI><a href="#[31]">&gt;&gt;</a>&nbsp;&nbsp;&nbsp;main
</UL>

<P><STRONG><a name="[a1]"></a>AN520crc4</STRONG> (Thumb, 110 bytes, Stack size 12 bytes, an520.o(i.AN520crc4))
<BR><BR>[Stack]<UL><LI>Max Depth = 12<LI>Call Chain = AN520crc4
</UL>
<BR>[Called By]<UL><LI><a href="#[9f]">&gt;&gt;</a>&nbsp;&nbsp;&nbsp;AN520_crc_init
</UL>

<P><STRONG><a name="[a6]"></a>Avg_Hr_In_Static_Update</STRONG> (Thumb, 184 bytes, Stack size 16 bytes, harmonic_grp_tracking.o(i.Avg_Hr_In_Static_Update))
<BR><BR>[Stack]<UL><LI>Max Depth = 16<LI>Call Chain = Avg_Hr_In_Static_Update
</UL>
<BR>[Calls]<UL><LI><a href="#[a7]">&gt;&gt;</a>&nbsp;&nbsp;&nbsp;Valid_1ch_Check
</UL>
<BR>[Called By]<UL><LI><a href="#[b4]">&gt;&gt;</a>&nbsp;&nbsp;&nbsp;Cal_Hr_Static
<LI><a href="#[b3]">&gt;&gt;</a>&nbsp;&nbsp;&nbsp;Cal_Hr_Motion
</UL>

<P><STRONG><a name="[a8]"></a>BLE_send_featuredata</STRONG> (Thumb, 798 bytes, Stack size 104 bytes, main.o(i.BLE_send_featuredata))
<BR><BR>[Stack]<UL><LI>Max Depth = 1104<LI>Call Chain = BLE_send_featuredata &rArr; find_req_past_feature &rArr; gc_flash_read &rArr; SPI_FLASH_BufferRead &rArr; spi_send_recv &rArr; nrf_drv_spi_transfer &rArr; nrf_drv_spi_xfer &rArr; spim_xfer
</UL>
<BR>[Calls]<UL><LI><a href="#[a9]">&gt;&gt;</a>&nbsp;&nbsp;&nbsp;ble_send
<LI><a href="#[aa]">&gt;&gt;</a>&nbsp;&nbsp;&nbsp;find_req_past_feature
<LI><a href="#[a2]">&gt;&gt;</a>&nbsp;&nbsp;&nbsp;__2printf
</UL>
<BR>[Called By]<UL><LI><a href="#[4d]">&gt;&gt;</a>&nbsp;&nbsp;&nbsp;sensor_timer_handler
</UL>

<P><STRONG><a name="[ab]"></a>BLE_send_rawdata</STRONG> (Thumb, 176 bytes, Stack size 24 bytes, main.o(i.BLE_send_rawdata))
<BR><BR>[Stack]<UL><LI>Max Depth = 80<LI>Call Chain = BLE_send_rawdata &rArr; ble_send &rArr; ble_nus_string_send
</UL>
<BR>[Calls]<UL><LI><a href="#[a9]">&gt;&gt;</a>&nbsp;&nbsp;&nbsp;ble_send
</UL>
<BR>[Called By]<UL><LI><a href="#[4d]">&gt;&gt;</a>&nbsp;&nbsp;&nbsp;sensor_timer_handler
</UL>

<P><STRONG><a name="[35]"></a>BMA2x2_I2C_bus_read</STRONG> (Thumb, 116 bytes, Stack size 48 bytes, bma2x2_support.o(i.BMA2x2_I2C_bus_read))
<BR><BR>[Stack]<UL><LI>Max Depth = 256<LI>Call Chain = BMA2x2_I2C_bus_read &rArr; nrf_drv_twi_tx &rArr; nrf_drv_twi_xfer &rArr; twi_xfer &rArr; twi_tx_start_transfer &rArr; twi_transfer &rArr; twi_send_byte
</UL>
<BR>[Calls]<UL><LI><a href="#[ac]">&gt;&gt;</a>&nbsp;&nbsp;&nbsp;nrf_drv_twi_tx
<LI><a href="#[ad]">&gt;&gt;</a>&nbsp;&nbsp;&nbsp;nrf_drv_twi_rx
<LI><a href="#[a2]">&gt;&gt;</a>&nbsp;&nbsp;&nbsp;__2printf
</UL>
<BR>[Address Reference Count : 1]<UL><LI> bma2x2_support.o(i.I2C_routine)
</UL>
<P><STRONG><a name="[34]"></a>BMA2x2_I2C_bus_write</STRONG> (Thumb, 88 bytes, Stack size 48 bytes, bma2x2_support.o(i.BMA2x2_I2C_bus_write))
<BR><BR>[Stack]<UL><LI>Max Depth = 256<LI>Call Chain = BMA2x2_I2C_bus_write &rArr; nrf_drv_twi_tx &rArr; nrf_drv_twi_xfer &rArr; twi_xfer &rArr; twi_tx_start_transfer &rArr; twi_transfer &rArr; twi_send_byte
</UL>
<BR>[Calls]<UL><LI><a href="#[ac]">&gt;&gt;</a>&nbsp;&nbsp;&nbsp;nrf_drv_twi_tx
<LI><a href="#[a2]">&gt;&gt;</a>&nbsp;&nbsp;&nbsp;__2printf
</UL>
<BR>[Address Reference Count : 1]<UL><LI> bma2x2_support.o(i.I2C_routine)
</UL>
<P><STRONG><a name="[36]"></a>BMA2x2_delay_msek</STRONG> (Thumb, 12 bytes, Stack size 8 bytes, bma2x2_support.o(i.BMA2x2_delay_msek))
<BR><BR>[Stack]<UL><LI>Max Depth = 16<LI>Call Chain = BMA2x2_delay_msek &rArr; nrf_delay_ms
</UL>
<BR>[Calls]<UL><LI><a href="#[a5]">&gt;&gt;</a>&nbsp;&nbsp;&nbsp;nrf_delay_ms
</UL>
<BR>[Address Reference Count : 1]<UL><LI> bma2x2_support.o(i.I2C_routine)
</UL>
<P><STRONG><a name="[2c8]"></a>Bcd2Bin</STRONG> (Thumb, 20 bytes, Stack size 0 bytes, rtc.o(i.Bcd2Bin))
<BR><BR>[Called By]<UL><LI><a href="#[13a]">&gt;&gt;</a>&nbsp;&nbsp;&nbsp;get_time
</UL>

<P><STRONG><a name="[37b]"></a>Bin2Bcd</STRONG> (Thumb, 26 bytes, Stack size 0 bytes, rtc.o(i.Bin2Bcd))
<BR><BR>[Called By]<UL><LI><a href="#[219]">&gt;&gt;</a>&nbsp;&nbsp;&nbsp;rtc_set_time
</UL>

<P><STRONG><a name="[de]"></a>Cal_Avg_Hr_In_Static</STRONG> (Thumb, 68 bytes, Stack size 0 bytes, harmonic_grp_tracking.o(i.Cal_Avg_Hr_In_Static))
<BR><BR>[Called By]<UL><LI><a href="#[b4]">&gt;&gt;</a>&nbsp;&nbsp;&nbsp;Cal_Hr_Static
</UL>

<P><STRONG><a name="[ae]"></a>Cal_First_Hr_in_Motion</STRONG> (Thumb, 510 bytes, Stack size 48 bytes, Hr_motion8002.o(i.Cal_First_Hr_in_Motion))
<BR><BR>[Stack]<UL><LI>Max Depth = 48<LI>Call Chain = Cal_First_Hr_in_Motion
</UL>
<BR>[Calls]<UL><LI><a href="#[af]">&gt;&gt;</a>&nbsp;&nbsp;&nbsp;Is_p_Peak
</UL>
<BR>[Called By]<UL><LI><a href="#[e4]">&gt;&gt;</a>&nbsp;&nbsp;&nbsp;Cal_Signal_Grade
</UL>

<P><STRONG><a name="[c3]"></a>Cal_Grp_Candi</STRONG> (Thumb, 710 bytes, Stack size 36 bytes, peak_search.o(i.Cal_Grp_Candi))
<BR><BR>[Stack]<UL><LI>Max Depth = 36<LI>Call Chain = Cal_Grp_Candi
</UL>
<BR>[Called By]<UL><LI><a href="#[b4]">&gt;&gt;</a>&nbsp;&nbsp;&nbsp;Cal_Hr_Static
<LI><a href="#[b3]">&gt;&gt;</a>&nbsp;&nbsp;&nbsp;Cal_Hr_Motion
</UL>

<P><STRONG><a name="[b0]"></a>Cal_Hr</STRONG> (Thumb, 276 bytes, Stack size 16 bytes, cal_hr.o(i.Cal_Hr))
<BR><BR>[Stack]<UL><LI>Max Depth = 304<LI>Call Chain = Cal_Hr &rArr; Cal_Hr_Motion &rArr; Dynamic_Hr_Model &rArr; Local_Peak_Dy_Hr_Model_Chk &rArr; Peak_Idx_Mask &rArr; Check_Harmonic
</UL>
<BR>[Calls]<UL><LI><a href="#[b5]">&gt;&gt;</a>&nbsp;&nbsp;&nbsp;Post_Hr_Check
<LI><a href="#[ba]">&gt;&gt;</a>&nbsp;&nbsp;&nbsp;Non_Motion_First_Peak_Alive_Tracking
<LI><a href="#[b1]">&gt;&gt;</a>&nbsp;&nbsp;&nbsp;Local_Peak_Search
<LI><a href="#[b6]">&gt;&gt;</a>&nbsp;&nbsp;&nbsp;Judge_If_Walk
<LI><a href="#[b7]">&gt;&gt;</a>&nbsp;&nbsp;&nbsp;High_Quality_Hr_Jump
<LI><a href="#[b8]">&gt;&gt;</a>&nbsp;&nbsp;&nbsp;Constrain_Too_LowHigh
<LI><a href="#[b2]">&gt;&gt;</a>&nbsp;&nbsp;&nbsp;Chk_If_Hr_Near_Motion
<LI><a href="#[bc]">&gt;&gt;</a>&nbsp;&nbsp;&nbsp;Post_Hr_Idx_process
<LI><a href="#[bb]">&gt;&gt;</a>&nbsp;&nbsp;&nbsp;Cal_Hr_Trust_Level
<LI><a href="#[b4]">&gt;&gt;</a>&nbsp;&nbsp;&nbsp;Cal_Hr_Static
<LI><a href="#[b3]">&gt;&gt;</a>&nbsp;&nbsp;&nbsp;Cal_Hr_Motion
<LI><a href="#[b9]">&gt;&gt;</a>&nbsp;&nbsp;&nbsp;Copy_Prev_Data
</UL>
<BR>[Called By]<UL><LI><a href="#[100]">&gt;&gt;</a>&nbsp;&nbsp;&nbsp;HR8002_Process
</UL>

<P><STRONG><a name="[bd]"></a>Cal_Hr_Bike</STRONG> (Thumb, 196 bytes, Stack size 16 bytes, cal_hr.o(i.Cal_Hr_Bike))
<BR><BR>[Stack]<UL><LI>Max Depth = 68<LI>Call Chain = Cal_Hr_Bike &rArr; Chk_If_Sel_Hr_Good
</UL>
<BR>[Calls]<UL><LI><a href="#[be]">&gt;&gt;</a>&nbsp;&nbsp;&nbsp;Chk_If_Sel_Hr_Good
<LI><a href="#[a7]">&gt;&gt;</a>&nbsp;&nbsp;&nbsp;Valid_1ch_Check
</UL>
<BR>[Called By]<UL><LI><a href="#[b3]">&gt;&gt;</a>&nbsp;&nbsp;&nbsp;Cal_Hr_Motion
</UL>

<P><STRONG><a name="[bf]"></a>Cal_Hr_By_Long_Term_Pred</STRONG> (Thumb, 330 bytes, Stack size 24 bytes, cal_hr.o(i.Cal_Hr_By_Long_Term_Pred))
<BR><BR>[Stack]<UL><LI>Max Depth = 40<LI>Call Chain = Cal_Hr_By_Long_Term_Pred &rArr; Cal_Partial_Spec_Std_Mean
</UL>
<BR>[Calls]<UL><LI><a href="#[c0]">&gt;&gt;</a>&nbsp;&nbsp;&nbsp;Cal_Partial_Spec_Std_Mean
</UL>
<BR>[Called By]<UL><LI><a href="#[b3]">&gt;&gt;</a>&nbsp;&nbsp;&nbsp;Cal_Hr_Motion
</UL>

<P><STRONG><a name="[c1]"></a>Cal_Hr_Daily</STRONG> (Thumb, 1576 bytes, Stack size 48 bytes, harmonic_grp_tracking.o(i.Cal_Hr_Daily))
<BR><BR>[Stack]<UL><LI>Max Depth = 64<LI>Call Chain = Cal_Hr_Daily &rArr; Cal_Partial_Spec_Std_Mean
</UL>
<BR>[Calls]<UL><LI><a href="#[c0]">&gt;&gt;</a>&nbsp;&nbsp;&nbsp;Cal_Partial_Spec_Std_Mean
<LI><a href="#[a7]">&gt;&gt;</a>&nbsp;&nbsp;&nbsp;Valid_1ch_Check
</UL>
<BR>[Called By]<UL><LI><a href="#[b4]">&gt;&gt;</a>&nbsp;&nbsp;&nbsp;Cal_Hr_Static
<LI><a href="#[b3]">&gt;&gt;</a>&nbsp;&nbsp;&nbsp;Cal_Hr_Motion
</UL>

<P><STRONG><a name="[d8]"></a>Cal_Hr_MA_Walk</STRONG> (Thumb, 252 bytes, Stack size 16 bytes, cal_hr.o(i.Cal_Hr_MA_Walk))
<BR><BR>[Stack]<UL><LI>Max Depth = 16<LI>Call Chain = Cal_Hr_MA_Walk
</UL>
<BR>[Called By]<UL><LI><a href="#[b3]">&gt;&gt;</a>&nbsp;&nbsp;&nbsp;Cal_Hr_Motion
</UL>

<P><STRONG><a name="[b3]"></a>Cal_Hr_Motion</STRONG> (Thumb, 1740 bytes, Stack size 64 bytes, cal_hr.o(i.Cal_Hr_Motion))
<BR><BR>[Stack]<UL><LI>Max Depth = 288<LI>Call Chain = Cal_Hr_Motion &rArr; Dynamic_Hr_Model &rArr; Local_Peak_Dy_Hr_Model_Chk &rArr; Peak_Idx_Mask &rArr; Check_Harmonic
</UL>
<BR>[Calls]<UL><LI><a href="#[c5]">&gt;&gt;</a>&nbsp;&nbsp;&nbsp;Search_Non_Mask_Candi
<LI><a href="#[c9]">&gt;&gt;</a>&nbsp;&nbsp;&nbsp;Post_Grp_Tracking_Chk
<LI><a href="#[c4]">&gt;&gt;</a>&nbsp;&nbsp;&nbsp;Near_Motion_Flag_Release
<LI><a href="#[d0]">&gt;&gt;</a>&nbsp;&nbsp;&nbsp;Local_First_Peak_Alive_Tracking
<LI><a href="#[ce]">&gt;&gt;</a>&nbsp;&nbsp;&nbsp;LWPS
<LI><a href="#[c8]">&gt;&gt;</a>&nbsp;&nbsp;&nbsp;Grp_Tracking_Chk
<LI><a href="#[d1]">&gt;&gt;</a>&nbsp;&nbsp;&nbsp;Global_First_Peak_Alive_Tracking
<LI><a href="#[ca]">&gt;&gt;</a>&nbsp;&nbsp;&nbsp;Dynamic_Hr_Model
<LI><a href="#[c6]">&gt;&gt;</a>&nbsp;&nbsp;&nbsp;Chk_Steady_Motion_Idx_Ratio
<LI><a href="#[be]">&gt;&gt;</a>&nbsp;&nbsp;&nbsp;Chk_If_Sel_Hr_Good
<LI><a href="#[cc]">&gt;&gt;</a>&nbsp;&nbsp;&nbsp;Chk_If_Hr_Should_Large_than_Motion_Idx
<LI><a href="#[cd]">&gt;&gt;</a>&nbsp;&nbsp;&nbsp;Chk_Ctn_Grp_Candi
<LI><a href="#[c0]">&gt;&gt;</a>&nbsp;&nbsp;&nbsp;Cal_Partial_Spec_Std_Mean
<LI><a href="#[c1]">&gt;&gt;</a>&nbsp;&nbsp;&nbsp;Cal_Hr_Daily
<LI><a href="#[c3]">&gt;&gt;</a>&nbsp;&nbsp;&nbsp;Cal_Grp_Candi
<LI><a href="#[a6]">&gt;&gt;</a>&nbsp;&nbsp;&nbsp;Avg_Hr_In_Static_Update
<LI><a href="#[d9]">&gt;&gt;</a>&nbsp;&nbsp;&nbsp;Time_Domain_Confirm_HR
<LI><a href="#[c2]">&gt;&gt;</a>&nbsp;&nbsp;&nbsp;Peak_Idx_Mask
<LI><a href="#[d2]">&gt;&gt;</a>&nbsp;&nbsp;&nbsp;Log_Double_Harmonic_Confirm_Frm
<LI><a href="#[cf]">&gt;&gt;</a>&nbsp;&nbsp;&nbsp;Constrain_Near_Motion_Big_Jmp_Up
<LI><a href="#[d3]">&gt;&gt;</a>&nbsp;&nbsp;&nbsp;Chk_Hr_Gt_Motion
<LI><a href="#[d8]">&gt;&gt;</a>&nbsp;&nbsp;&nbsp;Cal_Hr_MA_Walk
<LI><a href="#[bf]">&gt;&gt;</a>&nbsp;&nbsp;&nbsp;Cal_Hr_By_Long_Term_Pred
<LI><a href="#[bd]">&gt;&gt;</a>&nbsp;&nbsp;&nbsp;Cal_Hr_Bike
<LI><a href="#[c7]">&gt;&gt;</a>&nbsp;&nbsp;&nbsp;Cal_Spec_Std_Mean
<LI><a href="#[a7]">&gt;&gt;</a>&nbsp;&nbsp;&nbsp;Valid_1ch_Check
<LI><a href="#[d6]">&gt;&gt;</a>&nbsp;&nbsp;&nbsp;Split_Motion_Peak
<LI><a href="#[d4]">&gt;&gt;</a>&nbsp;&nbsp;&nbsp;Record_Rest_Hr_St_Info
<LI><a href="#[d5]">&gt;&gt;</a>&nbsp;&nbsp;&nbsp;Post_Pred_Check
<LI><a href="#[cb]">&gt;&gt;</a>&nbsp;&nbsp;&nbsp;Extra_Motion_Idx_LT130
<LI><a href="#[d7]">&gt;&gt;</a>&nbsp;&nbsp;&nbsp;Extra_Chk_Daily
</UL>
<BR>[Called By]<UL><LI><a href="#[b0]">&gt;&gt;</a>&nbsp;&nbsp;&nbsp;Cal_Hr
</UL>

<P><STRONG><a name="[b4]"></a>Cal_Hr_Static</STRONG> (Thumb, 1968 bytes, Stack size 136 bytes, cal_hr.o(i.Cal_Hr_Static))
<BR><BR>[Stack]<UL><LI>Max Depth = 240<LI>Call Chain = Cal_Hr_Static &rArr; Static_Half_Hr_Check
</UL>
<BR>[Calls]<UL><LI><a href="#[db]">&gt;&gt;</a>&nbsp;&nbsp;&nbsp;Static_Half_Hr_Check
<LI><a href="#[c5]">&gt;&gt;</a>&nbsp;&nbsp;&nbsp;Search_Non_Mask_Candi
<LI><a href="#[da]">&gt;&gt;</a>&nbsp;&nbsp;&nbsp;Check_Harmonic
<LI><a href="#[dd]">&gt;&gt;</a>&nbsp;&nbsp;&nbsp;Cal_Reset_HR
<LI><a href="#[c0]">&gt;&gt;</a>&nbsp;&nbsp;&nbsp;Cal_Partial_Spec_Std_Mean
<LI><a href="#[c1]">&gt;&gt;</a>&nbsp;&nbsp;&nbsp;Cal_Hr_Daily
<LI><a href="#[c3]">&gt;&gt;</a>&nbsp;&nbsp;&nbsp;Cal_Grp_Candi
<LI><a href="#[de]">&gt;&gt;</a>&nbsp;&nbsp;&nbsp;Cal_Avg_Hr_In_Static
<LI><a href="#[a6]">&gt;&gt;</a>&nbsp;&nbsp;&nbsp;Avg_Hr_In_Static_Update
<LI><a href="#[dc]">&gt;&gt;</a>&nbsp;&nbsp;&nbsp;check_flag_first_ghr
<LI><a href="#[d2]">&gt;&gt;</a>&nbsp;&nbsp;&nbsp;Log_Double_Harmonic_Confirm_Frm
<LI><a href="#[a7]">&gt;&gt;</a>&nbsp;&nbsp;&nbsp;Valid_1ch_Check
</UL>
<BR>[Called By]<UL><LI><a href="#[b0]">&gt;&gt;</a>&nbsp;&nbsp;&nbsp;Cal_Hr
</UL>

<P><STRONG><a name="[bb]"></a>Cal_Hr_Trust_Level</STRONG> (Thumb, 210 bytes, Stack size 32 bytes, cal_hr.o(i.Cal_Hr_Trust_Level))
<BR><BR>[Stack]<UL><LI>Max Depth = 48<LI>Call Chain = Cal_Hr_Trust_Level &rArr; Cal_Partial_Spec_Std_Mean
</UL>
<BR>[Calls]<UL><LI><a href="#[c0]">&gt;&gt;</a>&nbsp;&nbsp;&nbsp;Cal_Partial_Spec_Std_Mean
</UL>
<BR>[Called By]<UL><LI><a href="#[b0]">&gt;&gt;</a>&nbsp;&nbsp;&nbsp;Cal_Hr
</UL>

<P><STRONG><a name="[df]"></a>Cal_PPG_Double_Harmonic</STRONG> (Thumb, 872 bytes, Stack size 64 bytes, peak_search.o(i.Cal_PPG_Double_Harmonic))
<BR><BR>[Stack]<UL><LI>Max Depth = 80<LI>Call Chain = Cal_PPG_Double_Harmonic &rArr; Check_Harmonic
</UL>
<BR>[Calls]<UL><LI><a href="#[e0]">&gt;&gt;</a>&nbsp;&nbsp;&nbsp;__aeabi_memclr4
<LI><a href="#[da]">&gt;&gt;</a>&nbsp;&nbsp;&nbsp;Check_Harmonic
</UL>
<BR>[Called By]<UL><LI><a href="#[100]">&gt;&gt;</a>&nbsp;&nbsp;&nbsp;HR8002_Process
</UL>

<P><STRONG><a name="[c0]"></a>Cal_Partial_Spec_Std_Mean</STRONG> (Thumb, 124 bytes, Stack size 16 bytes, harmonic_grp_tracking.o(i.Cal_Partial_Spec_Std_Mean))
<BR><BR>[Stack]<UL><LI>Max Depth = 16<LI>Call Chain = Cal_Partial_Spec_Std_Mean
</UL>
<BR>[Called By]<UL><LI><a href="#[ee]">&gt;&gt;</a>&nbsp;&nbsp;&nbsp;Local_Peak_Dy_Hr_Model_Chk
<LI><a href="#[c8]">&gt;&gt;</a>&nbsp;&nbsp;&nbsp;Grp_Tracking_Chk
<LI><a href="#[c1]">&gt;&gt;</a>&nbsp;&nbsp;&nbsp;Cal_Hr_Daily
<LI><a href="#[bb]">&gt;&gt;</a>&nbsp;&nbsp;&nbsp;Cal_Hr_Trust_Level
<LI><a href="#[b4]">&gt;&gt;</a>&nbsp;&nbsp;&nbsp;Cal_Hr_Static
<LI><a href="#[b3]">&gt;&gt;</a>&nbsp;&nbsp;&nbsp;Cal_Hr_Motion
<LI><a href="#[bf]">&gt;&gt;</a>&nbsp;&nbsp;&nbsp;Cal_Hr_By_Long_Term_Pred
</UL>

<P><STRONG><a name="[e1]"></a>Cal_RMS_8011HR</STRONG> (Thumb, 74 bytes, Stack size 16 bytes, peak_search.o(i.Cal_RMS_8011HR))
<BR><BR>[Stack]<UL><LI>Max Depth = 80<LI>Call Chain = Cal_RMS_8011HR &rArr; __aeabi_ldivmod &rArr; __aeabi_uldivmod
</UL>
<BR>[Calls]<UL><LI><a href="#[7b]">&gt;&gt;</a>&nbsp;&nbsp;&nbsp;__aeabi_ldivmod
<LI><a href="#[e2]">&gt;&gt;</a>&nbsp;&nbsp;&nbsp;SQRT_c51
</UL>
<BR>[Called By]<UL><LI><a href="#[c7]">&gt;&gt;</a>&nbsp;&nbsp;&nbsp;Cal_Spec_Std_Mean
<LI><a href="#[100]">&gt;&gt;</a>&nbsp;&nbsp;&nbsp;HR8002_Process
</UL>

<P><STRONG><a name="[e3]"></a>Cal_Reg_Shake_Count</STRONG> (Thumb, 160 bytes, Stack size 64 bytes, peak_search.o(i.Cal_Reg_Shake_Count))
<BR><BR>[Stack]<UL><LI>Max Depth = 80<LI>Call Chain = Cal_Reg_Shake_Count &rArr; Check_Harmonic
</UL>
<BR>[Calls]<UL><LI><a href="#[da]">&gt;&gt;</a>&nbsp;&nbsp;&nbsp;Check_Harmonic
</UL>
<BR>[Called By]<UL><LI><a href="#[100]">&gt;&gt;</a>&nbsp;&nbsp;&nbsp;HR8002_Process
</UL>

<P><STRONG><a name="[dd]"></a>Cal_Reset_HR</STRONG> (Thumb, 216 bytes, Stack size 24 bytes, peak_search.o(i.Cal_Reset_HR))
<BR><BR>[Stack]<UL><LI>Max Depth = 24<LI>Call Chain = Cal_Reset_HR
</UL>
<BR>[Calls]<UL><LI><a href="#[a7]">&gt;&gt;</a>&nbsp;&nbsp;&nbsp;Valid_1ch_Check
</UL>
<BR>[Called By]<UL><LI><a href="#[b4]">&gt;&gt;</a>&nbsp;&nbsp;&nbsp;Cal_Hr_Static
</UL>

<P><STRONG><a name="[e4]"></a>Cal_Signal_Grade</STRONG> (Thumb, 2134 bytes, Stack size 112 bytes, signal_grade.o(i.Cal_Signal_Grade))
<BR><BR>[Stack]<UL><LI>Max Depth = 216<LI>Call Chain = Cal_Signal_Grade &rArr; Static_Half_Hr_Check
</UL>
<BR>[Calls]<UL><LI><a href="#[e7]">&gt;&gt;</a>&nbsp;&nbsp;&nbsp;Comfirm_Hr_To_Low
<LI><a href="#[e5]">&gt;&gt;</a>&nbsp;&nbsp;&nbsp;Retry_Try_Signal_grade
<LI><a href="#[e9]">&gt;&gt;</a>&nbsp;&nbsp;&nbsp;Handle_Force_Hr_Out_in10s
<LI><a href="#[e8]">&gt;&gt;</a>&nbsp;&nbsp;&nbsp;Extra_Check_Harmonic
<LI><a href="#[e6]">&gt;&gt;</a>&nbsp;&nbsp;&nbsp;Get_Hr_Energy_From_Harmonic_Candi
<LI><a href="#[db]">&gt;&gt;</a>&nbsp;&nbsp;&nbsp;Static_Half_Hr_Check
<LI><a href="#[a7]">&gt;&gt;</a>&nbsp;&nbsp;&nbsp;Valid_1ch_Check
<LI><a href="#[ae]">&gt;&gt;</a>&nbsp;&nbsp;&nbsp;Cal_First_Hr_in_Motion
</UL>
<BR>[Called By]<UL><LI><a href="#[100]">&gt;&gt;</a>&nbsp;&nbsp;&nbsp;HR8002_Process
</UL>

<P><STRONG><a name="[c7]"></a>Cal_Spec_Std_Mean</STRONG> (Thumb, 40 bytes, Stack size 8 bytes, peak_search.o(i.Cal_Spec_Std_Mean))
<BR><BR>[Stack]<UL><LI>Max Depth = 88<LI>Call Chain = Cal_Spec_Std_Mean &rArr; Cal_RMS_8011HR &rArr; __aeabi_ldivmod &rArr; __aeabi_uldivmod
</UL>
<BR>[Calls]<UL><LI><a href="#[e1]">&gt;&gt;</a>&nbsp;&nbsp;&nbsp;Cal_RMS_8011HR
</UL>
<BR>[Called By]<UL><LI><a href="#[b3]">&gt;&gt;</a>&nbsp;&nbsp;&nbsp;Cal_Hr_Motion
<LI><a href="#[10b]">&gt;&gt;</a>&nbsp;&nbsp;&nbsp;HR_MULTI_CH_FFT_Peak_Find_Process
</UL>

<P><STRONG><a name="[da]"></a>Check_Harmonic</STRONG> (Thumb, 78 bytes, Stack size 16 bytes, harmonic_grp_tracking.o(i.Check_Harmonic))
<BR><BR>[Stack]<UL><LI>Max Depth = 16<LI>Call Chain = Check_Harmonic
</UL>
<BR>[Called By]<UL><LI><a href="#[b2]">&gt;&gt;</a>&nbsp;&nbsp;&nbsp;Chk_If_Hr_Near_Motion
<LI><a href="#[c2]">&gt;&gt;</a>&nbsp;&nbsp;&nbsp;Peak_Idx_Mask
<LI><a href="#[b4]">&gt;&gt;</a>&nbsp;&nbsp;&nbsp;Cal_Hr_Static
<LI><a href="#[10e]">&gt;&gt;</a>&nbsp;&nbsp;&nbsp;Motion_Idx_Tracking
<LI><a href="#[f2]">&gt;&gt;</a>&nbsp;&nbsp;&nbsp;Find_Base_Mask_Idx
<LI><a href="#[e3]">&gt;&gt;</a>&nbsp;&nbsp;&nbsp;Cal_Reg_Shake_Count
<LI><a href="#[df]">&gt;&gt;</a>&nbsp;&nbsp;&nbsp;Cal_PPG_Double_Harmonic
</UL>

<P><STRONG><a name="[cd]"></a>Chk_Ctn_Grp_Candi</STRONG> (Thumb, 96 bytes, Stack size 16 bytes, peak_search.o(i.Chk_Ctn_Grp_Candi))
<BR><BR>[Stack]<UL><LI>Max Depth = 16<LI>Call Chain = Chk_Ctn_Grp_Candi
</UL>
<BR>[Called By]<UL><LI><a href="#[b3]">&gt;&gt;</a>&nbsp;&nbsp;&nbsp;Cal_Hr_Motion
</UL>

<P><STRONG><a name="[d3]"></a>Chk_Hr_Gt_Motion</STRONG> (Thumb, 724 bytes, Stack size 36 bytes, cal_hr.o(i.Chk_Hr_Gt_Motion))
<BR><BR>[Stack]<UL><LI>Max Depth = 36<LI>Call Chain = Chk_Hr_Gt_Motion
</UL>
<BR>[Called By]<UL><LI><a href="#[b3]">&gt;&gt;</a>&nbsp;&nbsp;&nbsp;Cal_Hr_Motion
</UL>

<P><STRONG><a name="[b2]"></a>Chk_If_Hr_Near_Motion</STRONG> (Thumb, 154 bytes, Stack size 48 bytes, harmonic_grp_tracking.o(i.Chk_If_Hr_Near_Motion))
<BR><BR>[Stack]<UL><LI>Max Depth = 64<LI>Call Chain = Chk_If_Hr_Near_Motion &rArr; Check_Harmonic
</UL>
<BR>[Calls]<UL><LI><a href="#[da]">&gt;&gt;</a>&nbsp;&nbsp;&nbsp;Check_Harmonic
</UL>
<BR>[Called By]<UL><LI><a href="#[b0]">&gt;&gt;</a>&nbsp;&nbsp;&nbsp;Cal_Hr
</UL>

<P><STRONG><a name="[cc]"></a>Chk_If_Hr_Should_Large_than_Motion_Idx</STRONG> (Thumb, 232 bytes, Stack size 20 bytes, harmonic_grp_tracking.o(i.Chk_If_Hr_Should_Large_than_Motion_Idx))
<BR><BR>[Stack]<UL><LI>Max Depth = 20<LI>Call Chain = Chk_If_Hr_Should_Large_than_Motion_Idx
</UL>
<BR>[Called By]<UL><LI><a href="#[b3]">&gt;&gt;</a>&nbsp;&nbsp;&nbsp;Cal_Hr_Motion
</UL>

<P><STRONG><a name="[be]"></a>Chk_If_Sel_Hr_Good</STRONG> (Thumb, 332 bytes, Stack size 52 bytes, peak_search.o(i.Chk_If_Sel_Hr_Good))
<BR><BR>[Stack]<UL><LI>Max Depth = 52<LI>Call Chain = Chk_If_Sel_Hr_Good
</UL>
<BR>[Calls]<UL><LI><a href="#[af]">&gt;&gt;</a>&nbsp;&nbsp;&nbsp;Is_p_Peak
</UL>
<BR>[Called By]<UL><LI><a href="#[ca]">&gt;&gt;</a>&nbsp;&nbsp;&nbsp;Dynamic_Hr_Model
<LI><a href="#[b3]">&gt;&gt;</a>&nbsp;&nbsp;&nbsp;Cal_Hr_Motion
<LI><a href="#[bd]">&gt;&gt;</a>&nbsp;&nbsp;&nbsp;Cal_Hr_Bike
</UL>

<P><STRONG><a name="[c6]"></a>Chk_Steady_Motion_Idx_Ratio</STRONG> (Thumb, 90 bytes, Stack size 12 bytes, harmonic_grp_tracking.o(i.Chk_Steady_Motion_Idx_Ratio))
<BR><BR>[Stack]<UL><LI>Max Depth = 12<LI>Call Chain = Chk_Steady_Motion_Idx_Ratio
</UL>
<BR>[Called By]<UL><LI><a href="#[b3]">&gt;&gt;</a>&nbsp;&nbsp;&nbsp;Cal_Hr_Motion
</UL>

<P><STRONG><a name="[e7]"></a>Comfirm_Hr_To_Low</STRONG> (Thumb, 490 bytes, Stack size 88 bytes, harmonic_grp_tracking.o(i.Comfirm_Hr_To_Low))
<BR><BR>[Stack]<UL><LI>Max Depth = 88<LI>Call Chain = Comfirm_Hr_To_Low
</UL>
<BR>[Calls]<UL><LI><a href="#[ea]">&gt;&gt;</a>&nbsp;&nbsp;&nbsp;Is_n_Peak
<LI><a href="#[af]">&gt;&gt;</a>&nbsp;&nbsp;&nbsp;Is_p_Peak
</UL>
<BR>[Called By]<UL><LI><a href="#[e4]">&gt;&gt;</a>&nbsp;&nbsp;&nbsp;Cal_Signal_Grade
</UL>

<P><STRONG><a name="[cf]"></a>Constrain_Near_Motion_Big_Jmp_Up</STRONG> (Thumb, 178 bytes, Stack size 28 bytes, cal_hr.o(i.Constrain_Near_Motion_Big_Jmp_Up))
<BR><BR>[Stack]<UL><LI>Max Depth = 28<LI>Call Chain = Constrain_Near_Motion_Big_Jmp_Up
</UL>
<BR>[Called By]<UL><LI><a href="#[b3]">&gt;&gt;</a>&nbsp;&nbsp;&nbsp;Cal_Hr_Motion
</UL>

<P><STRONG><a name="[b8]"></a>Constrain_Too_LowHigh</STRONG> (Thumb, 166 bytes, Stack size 8 bytes, harmonic_grp_tracking.o(i.Constrain_Too_LowHigh))
<BR><BR>[Stack]<UL><LI>Max Depth = 8<LI>Call Chain = Constrain_Too_LowHigh
</UL>
<BR>[Called By]<UL><LI><a href="#[b0]">&gt;&gt;</a>&nbsp;&nbsp;&nbsp;Cal_Hr
</UL>

<P><STRONG><a name="[b9]"></a>Copy_Prev_Data</STRONG> (Thumb, 204 bytes, Stack size 16 bytes, cal_hr.o(i.Copy_Prev_Data))
<BR><BR>[Stack]<UL><LI>Max Depth = 16<LI>Call Chain = Copy_Prev_Data
</UL>
<BR>[Called By]<UL><LI><a href="#[b0]">&gt;&gt;</a>&nbsp;&nbsp;&nbsp;Cal_Hr
<LI><a href="#[100]">&gt;&gt;</a>&nbsp;&nbsp;&nbsp;HR8002_Process
</UL>

<P><STRONG><a name="[10f]"></a>Ctrl_8011_Par</STRONG> (Thumb, 344 bytes, Stack size 36 bytes, Hr_motion8002.o(i.Ctrl_8011_Par))
<BR><BR>[Stack]<UL><LI>Max Depth = 36<LI>Call Chain = Ctrl_8011_Par
</UL>
<BR>[Called By]<UL><LI><a href="#[100]">&gt;&gt;</a>&nbsp;&nbsp;&nbsp;HR8002_Process
</UL>

<P><STRONG><a name="[12a]"></a>Disable_OLED</STRONG> (Thumb, 8 bytes, Stack size 0 bytes, oled.o(i.Disable_OLED))
<BR><BR>[Called By]<UL><LI><a href="#[128]">&gt;&gt;</a>&nbsp;&nbsp;&nbsp;OLED_Power
</UL>

<P><STRONG><a name="[eb]"></a>DumpMemory</STRONG> (Thumb, 200 bytes, Stack size 40 bytes, command.o(i.DumpMemory))
<BR><BR>[Stack]<UL><LI>Max Depth = 64<LI>Call Chain = DumpMemory &rArr; __2printf
</UL>
<BR>[Calls]<UL><LI><a href="#[a2]">&gt;&gt;</a>&nbsp;&nbsp;&nbsp;__2printf
</UL>
<BR>[Called By]<UL><LI><a href="#[53]">&gt;&gt;</a>&nbsp;&nbsp;&nbsp;cmd_fread
</UL>

<P><STRONG><a name="[ca]"></a>Dynamic_Hr_Model</STRONG> (Thumb, 852 bytes, Stack size 48 bytes, peak_search.o(i.Dynamic_Hr_Model))
<BR><BR>[Stack]<UL><LI>Max Depth = 224<LI>Call Chain = Dynamic_Hr_Model &rArr; Local_Peak_Dy_Hr_Model_Chk &rArr; Peak_Idx_Mask &rArr; Check_Harmonic
</UL>
<BR>[Calls]<UL><LI><a href="#[ed]">&gt;&gt;</a>&nbsp;&nbsp;&nbsp;__hardfp_expf
<LI><a href="#[ee]">&gt;&gt;</a>&nbsp;&nbsp;&nbsp;Local_Peak_Dy_Hr_Model_Chk
<LI><a href="#[ec]">&gt;&gt;</a>&nbsp;&nbsp;&nbsp;Est_Motion_Idx_From_Mems_Eng
<LI><a href="#[be]">&gt;&gt;</a>&nbsp;&nbsp;&nbsp;Chk_If_Sel_Hr_Good
</UL>
<BR>[Called By]<UL><LI><a href="#[b3]">&gt;&gt;</a>&nbsp;&nbsp;&nbsp;Cal_Hr_Motion
</UL>

<P><STRONG><a name="[129]"></a>Enable_OLED</STRONG> (Thumb, 8 bytes, Stack size 0 bytes, oled.o(i.Enable_OLED))
<BR><BR>[Called By]<UL><LI><a href="#[128]">&gt;&gt;</a>&nbsp;&nbsp;&nbsp;OLED_Power
</UL>

<P><STRONG><a name="[ec]"></a>Est_Motion_Idx_From_Mems_Eng</STRONG> (Thumb, 230 bytes, Stack size 32 bytes, harmonic_grp_tracking.o(i.Est_Motion_Idx_From_Mems_Eng))
<BR><BR>[Stack]<UL><LI>Max Depth = 40<LI>Call Chain = Est_Motion_Idx_From_Mems_Eng &rArr; __hardfp_log10f
</UL>
<BR>[Calls]<UL><LI><a href="#[ef]">&gt;&gt;</a>&nbsp;&nbsp;&nbsp;__hardfp_log10f
</UL>
[...]
<BR><BR>[Stack]<UL><LI>Max Depth = 36<LI>Call Chain = timer_stop_op_schedule &rArr; user_op_alloc
</UL>
<BR>[Calls]<UL><LI><a href="#[395]">&gt;&gt;</a>&nbsp;&nbsp;&nbsp;user_op_enque
<LI><a href="#[394]">&gt;&gt;</a>&nbsp;&nbsp;&nbsp;user_op_alloc
<LI><a href="#[392]">&gt;&gt;</a>&nbsp;&nbsp;&nbsp;timer_list_handler_sched
</UL>
<BR>[Called By]<UL><LI><a href="#[1c9]">&gt;&gt;</a>&nbsp;&nbsp;&nbsp;app_timer_stop
</UL>

<P><STRONG><a name="[150]"></a>timer_timeouts_check</STRONG> (Thumb, 130 bytes, Stack size 24 bytes, app_timer.o(i.timer_timeouts_check))
<BR><BR>[Stack]<UL><LI>Max Depth = 1472<LI>Call Chain = timer_timeouts_check &rArr; timeout_handler_exec &rArr; app_error_handler_bare &rArr; app_error_fault_handler &rArr; save_data_before_reset &rArr; gc_flash_fwrite &rArr; SPI_FLASH_PageWrite &rArr; SPI_FLASH_WriteEnable &rArr; spi_send_recv &rArr; nrf_drv_spi_transfer &rArr; nrf_drv_spi_xfer &rArr; spim_xfer
</UL>
<BR>[Calls]<UL><LI><a href="#[392]">&gt;&gt;</a>&nbsp;&nbsp;&nbsp;timer_list_handler_sched
<LI><a href="#[38f]">&gt;&gt;</a>&nbsp;&nbsp;&nbsp;timeout_handler_exec
<LI><a href="#[261]">&gt;&gt;</a>&nbsp;&nbsp;&nbsp;ticks_diff_get
<LI><a href="#[1c5]">&gt;&gt;</a>&nbsp;&nbsp;&nbsp;rtc1_counter_get
</UL>
<BR>[Called By]<UL><LI><a href="#[1d]">&gt;&gt;</a>&nbsp;&nbsp;&nbsp;RTC1_IRQHandler
</UL>

<P><STRONG><a name="[264]"></a>timer_timeouts_check_sched</STRONG> (Thumb, 10 bytes, Stack size 8 bytes, app_timer.o(i.timer_timeouts_check_sched))
<BR><BR>[Stack]<UL><LI>Max Depth = 8<LI>Call Chain = timer_timeouts_check_sched
</UL>
<BR>[Calls]<UL><LI><a href="#[393]">&gt;&gt;</a>&nbsp;&nbsp;&nbsp;NVIC_SetPendingIRQ
</UL>
<BR>[Called By]<UL><LI><a href="#[260]">&gt;&gt;</a>&nbsp;&nbsp;&nbsp;compare_reg_update
</UL>

<P><STRONG><a name="[1c7]"></a>user_id_get</STRONG> (Thumb, 78 bytes, Stack size 12 bytes, app_timer.o(i.user_id_get))
<BR><BR>[Stack]<UL><LI>Max Depth = 12<LI>Call Chain = user_id_get
</UL>
<BR>[Called By]<UL><LI><a href="#[1c6]">&gt;&gt;</a>&nbsp;&nbsp;&nbsp;app_timer_start
<LI><a href="#[1c9]">&gt;&gt;</a>&nbsp;&nbsp;&nbsp;app_timer_stop
</UL>

<P><STRONG><a name="[394]"></a>user_op_alloc</STRONG> (Thumb, 48 bytes, Stack size 12 bytes, app_timer.o(i.user_op_alloc))
<BR><BR>[Stack]<UL><LI>Max Depth = 12<LI>Call Chain = user_op_alloc
</UL>
<BR>[Called By]<UL><LI><a href="#[1ca]">&gt;&gt;</a>&nbsp;&nbsp;&nbsp;timer_stop_op_schedule
<LI><a href="#[1c8]">&gt;&gt;</a>&nbsp;&nbsp;&nbsp;timer_start_op_schedule
</UL>

<P><STRONG><a name="[395]"></a>user_op_enque</STRONG> (Thumb, 4 bytes, Stack size 0 bytes, app_timer.o(i.user_op_enque))
<BR><BR>[Called By]<UL><LI><a href="#[1ca]">&gt;&gt;</a>&nbsp;&nbsp;&nbsp;timer_stop_op_schedule
<LI><a href="#[1c8]">&gt;&gt;</a>&nbsp;&nbsp;&nbsp;timer_start_op_schedule
</UL>

<P><STRONG><a name="[1da]"></a>__sd_nvic_irq_disable</STRONG> (Thumb, 12 bytes, Stack size 0 bytes, app_util_platform.o(i.__sd_nvic_irq_disable))
<BR><BR>[Called By]<UL><LI><a href="#[1d9]">&gt;&gt;</a>&nbsp;&nbsp;&nbsp;app_util_critical_region_exit
<LI><a href="#[1d8]">&gt;&gt;</a>&nbsp;&nbsp;&nbsp;sd_nvic_critical_region_enter
</UL>

<P><STRONG><a name="[1d8]"></a>sd_nvic_critical_region_enter</STRONG> (Thumb, 90 bytes, Stack size 16 bytes, app_util_platform.o(i.sd_nvic_critical_region_enter))
<BR><BR>[Stack]<UL><LI>Max Depth = 16<LI>Call Chain = sd_nvic_critical_region_enter
</UL>
<BR>[Calls]<UL><LI><a href="#[1da]">&gt;&gt;</a>&nbsp;&nbsp;&nbsp;__sd_nvic_irq_disable
</UL>
<BR>[Called By]<UL><LI><a href="#[1d7]">&gt;&gt;</a>&nbsp;&nbsp;&nbsp;app_util_critical_region_enter
</UL>

<P><STRONG><a name="[158]"></a>_Init</STRONG> (Thumb, 2 bytes, Stack size 0 bytes, segger_rtt.o(i._Init))
<BR><BR>[Called By]<UL><LI><a href="#[157]">&gt;&gt;</a>&nbsp;&nbsp;&nbsp;SEGGER_RTT_Write
</UL>

<P><STRONG><a name="[15d]"></a>_PrintInt</STRONG> (Thumb, 234 bytes, Stack size 48 bytes, segger_rtt_printf.o(i._PrintInt))
<BR><BR>[Stack]<UL><LI>Max Depth = 144<LI>Call Chain = _PrintInt &rArr; _PrintUnsigned &rArr; _StoreChar &rArr; SEGGER_RTT_Write
</UL>
<BR>[Calls]<UL><LI><a href="#[15c]">&gt;&gt;</a>&nbsp;&nbsp;&nbsp;_StoreChar
<LI><a href="#[15e]">&gt;&gt;</a>&nbsp;&nbsp;&nbsp;_PrintUnsigned
</UL>
<BR>[Called By]<UL><LI><a href="#[15b]">&gt;&gt;</a>&nbsp;&nbsp;&nbsp;SEGGER_RTT_vprintf
</UL>

<P><STRONG><a name="[15e]"></a>_PrintUnsigned</STRONG> (Thumb, 240 bytes, Stack size 48 bytes, segger_rtt_printf.o(i._PrintUnsigned))
<BR><BR>[Stack]<UL><LI>Max Depth = 96<LI>Call Chain = _PrintUnsigned &rArr; _StoreChar &rArr; SEGGER_RTT_Write
</UL>
<BR>[Calls]<UL><LI><a href="#[15c]">&gt;&gt;</a>&nbsp;&nbsp;&nbsp;_StoreChar
</UL>
<BR>[Called By]<UL><LI><a href="#[15b]">&gt;&gt;</a>&nbsp;&nbsp;&nbsp;SEGGER_RTT_vprintf
<LI><a href="#[15d]">&gt;&gt;</a>&nbsp;&nbsp;&nbsp;_PrintInt
</UL>

<P><STRONG><a name="[15c]"></a>_StoreChar</STRONG> (Thumb, 68 bytes, Stack size 16 bytes, segger_rtt_printf.o(i._StoreChar))
<BR><BR>[Stack]<UL><LI>Max Depth = 48<LI>Call Chain = _StoreChar &rArr; SEGGER_RTT_Write
</UL>
<BR>[Calls]<UL><LI><a href="#[157]">&gt;&gt;</a>&nbsp;&nbsp;&nbsp;SEGGER_RTT_Write
</UL>
<BR>[Called By]<UL><LI><a href="#[15b]">&gt;&gt;</a>&nbsp;&nbsp;&nbsp;SEGGER_RTT_vprintf
<LI><a href="#[15e]">&gt;&gt;</a>&nbsp;&nbsp;&nbsp;_PrintUnsigned
<LI><a href="#[15d]">&gt;&gt;</a>&nbsp;&nbsp;&nbsp;_PrintInt
</UL>

<P><STRONG><a name="[385]"></a>sd_nvic_EnableIRQ</STRONG> (Thumb, 190 bytes, Stack size 8 bytes, softdevice_handler.o(i.sd_nvic_EnableIRQ))
<BR><BR>[Stack]<UL><LI>Max Depth = 8<LI>Call Chain = sd_nvic_EnableIRQ
</UL>
<BR>[Called By]<UL><LI><a href="#[224]">&gt;&gt;</a>&nbsp;&nbsp;&nbsp;softdevice_handler_init
</UL>

<P><STRONG><a name="[123]"></a>nrf_gpio_pin_clear</STRONG> (Thumb, 10 bytes, Stack size 0 bytes, oled.o(i.nrf_gpio_pin_clear))
<BR><BR>[Called By]<UL><LI><a href="#[128]">&gt;&gt;</a>&nbsp;&nbsp;&nbsp;OLED_Power
<LI><a href="#[122]">&gt;&gt;</a>&nbsp;&nbsp;&nbsp;Init_OLED_PORT
</UL>

<P><STRONG><a name="[328]"></a>pah8002_dyn_switch_ppg_mode</STRONG> (Thumb, 72 bytes, Stack size 16 bytes, pah8002.o(i.pah8002_dyn_switch_ppg_mode))
<BR><BR>[Stack]<UL><LI>Max Depth = 224<LI>Call Chain = pah8002_dyn_switch_ppg_mode &rArr; pah8002_enter_normal_long_et_mode &rArr; pah8002_start &rArr; pah8002_wakeup &rArr; pah8002_read_reg &rArr; _set_bank &rArr; _write_reg &rArr; spi_write_reg &rArr; nrf_drv_spi_transfer &rArr; nrf_drv_spi_xfer &rArr; spim_xfer
</UL>
<BR>[Calls]<UL><LI><a href="#[191]">&gt;&gt;</a>&nbsp;&nbsp;&nbsp;pah8002_read_reg
<LI><a href="#[190]">&gt;&gt;</a>&nbsp;&nbsp;&nbsp;pah8002_write_reg
<LI><a href="#[18f]">&gt;&gt;</a>&nbsp;&nbsp;&nbsp;pah8002_wakeup
<LI><a href="#[329]">&gt;&gt;</a>&nbsp;&nbsp;&nbsp;pah8002_enter_normal_long_et_mode
</UL>
<BR>[Called By]<UL><LI><a href="#[340]">&gt;&gt;</a>&nbsp;&nbsp;&nbsp;pah8002_task
</UL>

<P><STRONG><a name="[329]"></a>pah8002_enter_normal_long_et_mode</STRONG> (Thumb, 84 bytes, Stack size 8 bytes, pah8002.o(i.pah8002_enter_normal_long_et_mode))
<BR><BR>[Stack]<UL><LI>Max Depth = 208<LI>Call Chain = pah8002_enter_normal_long_et_mode &rArr; pah8002_start &rArr; pah8002_wakeup &rArr; pah8002_read_reg &rArr; _set_bank &rArr; _write_reg &rArr; spi_write_reg &rArr; nrf_drv_spi_transfer &rArr; nrf_drv_spi_xfer &rArr; spim_xfer
</UL>
<BR>[Calls]<UL><LI><a href="#[191]">&gt;&gt;</a>&nbsp;&nbsp;&nbsp;pah8002_read_reg
<LI><a href="#[190]">&gt;&gt;</a>&nbsp;&nbsp;&nbsp;pah8002_write_reg
<LI><a href="#[32a]">&gt;&gt;</a>&nbsp;&nbsp;&nbsp;pah8002_sw_reset
<LI><a href="#[32c]">&gt;&gt;</a>&nbsp;&nbsp;&nbsp;pah8002_start
<LI><a href="#[32b]">&gt;&gt;</a>&nbsp;&nbsp;&nbsp;pah8002_normal_long_et_mode_init
</UL>
<BR>[Called By]<UL><LI><a href="#[328]">&gt;&gt;</a>&nbsp;&nbsp;&nbsp;pah8002_dyn_switch_ppg_mode
</UL>

<P><STRONG><a name="[193]"></a>pah8002_get_touch_flag_ppg_mode</STRONG> (Thumb, 184 bytes, Stack size 32 bytes, pah8002.o(i.pah8002_get_touch_flag_ppg_mode))
<BR><BR>[Stack]<UL><LI>Max Depth = 32<LI>Call Chain = pah8002_get_touch_flag_ppg_mode
</UL>
<BR>[Called By]<UL><LI><a href="#[18e]">&gt;&gt;</a>&nbsp;&nbsp;&nbsp;_pah8002_task
</UL>

<P><STRONG><a name="[32b]"></a>pah8002_normal_long_et_mode_init</STRONG> (Thumb, 48 bytes, Stack size 8 bytes, pah8002.o(i.pah8002_normal_long_et_mode_init))
<BR><BR>[Stack]<UL><LI>Max Depth = 192<LI>Call Chain = pah8002_normal_long_et_mode_init &rArr; pah8002_wakeup &rArr; pah8002_read_reg &rArr; _set_bank &rArr; _write_reg &rArr; spi_write_reg &rArr; nrf_drv_spi_transfer &rArr; nrf_drv_spi_xfer &rArr; spim_xfer
</UL>
<BR>[Calls]<UL><LI><a href="#[190]">&gt;&gt;</a>&nbsp;&nbsp;&nbsp;pah8002_write_reg
<LI><a href="#[18f]">&gt;&gt;</a>&nbsp;&nbsp;&nbsp;pah8002_wakeup
</UL>
<BR>[Called By]<UL><LI><a href="#[329]">&gt;&gt;</a>&nbsp;&nbsp;&nbsp;pah8002_enter_normal_long_et_mode
</UL>

<P><STRONG><a name="[32e]"></a>pah8002_normal_mode_init</STRONG> (Thumb, 48 bytes, Stack size 8 bytes, pah8002.o(i.pah8002_normal_mode_init))
<BR><BR>[Stack]<UL><LI>Max Depth = 192<LI>Call Chain = pah8002_normal_mode_init &rArr; pah8002_wakeup &rArr; pah8002_read_reg &rArr; _set_bank &rArr; _write_reg &rArr; spi_write_reg &rArr; nrf_drv_spi_transfer &rArr; nrf_drv_spi_xfer &rArr; spim_xfer
</UL>
<BR>[Calls]<UL><LI><a href="#[190]">&gt;&gt;</a>&nbsp;&nbsp;&nbsp;pah8002_write_reg
<LI><a href="#[18f]">&gt;&gt;</a>&nbsp;&nbsp;&nbsp;pah8002_wakeup
</UL>
<BR>[Called By]<UL><LI><a href="#[32d]">&gt;&gt;</a>&nbsp;&nbsp;&nbsp;pah8002_enter_normal_mode
</UL>

<P><STRONG><a name="[32c]"></a>pah8002_start</STRONG> (Thumb, 70 bytes, Stack size 16 bytes, pah8002.o(i.pah8002_start))
<BR><BR>[Stack]<UL><LI>Max Depth = 200<LI>Call Chain = pah8002_start &rArr; pah8002_wakeup &rArr; pah8002_read_reg &rArr; _set_bank &rArr; _write_reg &rArr; spi_write_reg &rArr; nrf_drv_spi_transfer &rArr; nrf_drv_spi_xfer &rArr; spim_xfer
</UL>
<BR>[Calls]<UL><LI><a href="#[191]">&gt;&gt;</a>&nbsp;&nbsp;&nbsp;pah8002_read_reg
<LI><a href="#[190]">&gt;&gt;</a>&nbsp;&nbsp;&nbsp;pah8002_write_reg
<LI><a href="#[18f]">&gt;&gt;</a>&nbsp;&nbsp;&nbsp;pah8002_wakeup
</UL>
<BR>[Called By]<UL><LI><a href="#[32d]">&gt;&gt;</a>&nbsp;&nbsp;&nbsp;pah8002_enter_normal_mode
<LI><a href="#[32f]">&gt;&gt;</a>&nbsp;&nbsp;&nbsp;pah8002_enter_touch_mode
<LI><a href="#[329]">&gt;&gt;</a>&nbsp;&nbsp;&nbsp;pah8002_enter_normal_long_et_mode
</UL>

<P><STRONG><a name="[32a]"></a>pah8002_sw_reset</STRONG> (Thumb, 70 bytes, Stack size 8 bytes, pah8002.o(i.pah8002_sw_reset))
<BR><BR>[Stack]<UL><LI>Max Depth = 192<LI>Call Chain = pah8002_sw_reset &rArr; pah8002_wakeup &rArr; pah8002_read_reg &rArr; _set_bank &rArr; _write_reg &rArr; spi_write_reg &rArr; nrf_drv_spi_transfer &rArr; nrf_drv_spi_xfer &rArr; spim_xfer
</UL>
<BR>[Calls]<UL><LI><a href="#[275]">&gt;&gt;</a>&nbsp;&nbsp;&nbsp;delay_ms
<LI><a href="#[191]">&gt;&gt;</a>&nbsp;&nbsp;&nbsp;pah8002_read_reg
<LI><a href="#[190]">&gt;&gt;</a>&nbsp;&nbsp;&nbsp;pah8002_write_reg
<LI><a href="#[18f]">&gt;&gt;</a>&nbsp;&nbsp;&nbsp;pah8002_wakeup
</UL>
<BR>[Called By]<UL><LI><a href="#[326]">&gt;&gt;</a>&nbsp;&nbsp;&nbsp;pah8002_enter_suspend_mode
<LI><a href="#[32d]">&gt;&gt;</a>&nbsp;&nbsp;&nbsp;pah8002_enter_normal_mode
<LI><a href="#[32f]">&gt;&gt;</a>&nbsp;&nbsp;&nbsp;pah8002_enter_touch_mode
<LI><a href="#[329]">&gt;&gt;</a>&nbsp;&nbsp;&nbsp;pah8002_enter_normal_long_et_mode
</UL>

<P><STRONG><a name="[330]"></a>pah8002_touch_mode_init</STRONG> (Thumb, 48 bytes, Stack size 8 bytes, pah8002.o(i.pah8002_touch_mode_init))
<BR><BR>[Stack]<UL><LI>Max Depth = 192<LI>Call Chain = pah8002_touch_mode_init &rArr; pah8002_wakeup &rArr; pah8002_read_reg &rArr; _set_bank &rArr; _write_reg &rArr; spi_write_reg &rArr; nrf_drv_spi_transfer &rArr; nrf_drv_spi_xfer &rArr; spim_xfer
</UL>
<BR>[Calls]<UL><LI><a href="#[190]">&gt;&gt;</a>&nbsp;&nbsp;&nbsp;pah8002_write_reg
<LI><a href="#[18f]">&gt;&gt;</a>&nbsp;&nbsp;&nbsp;pah8002_wakeup
</UL>
<BR>[Called By]<UL><LI><a href="#[32f]">&gt;&gt;</a>&nbsp;&nbsp;&nbsp;pah8002_enter_touch_mode
</UL>

<P><STRONG><a name="[18f]"></a>pah8002_wakeup</STRONG> (Thumb, 116 bytes, Stack size 16 bytes, pah8002.o(i.pah8002_wakeup))
<BR><BR>[Stack]<UL><LI>Max Depth = 184<LI>Call Chain = pah8002_wakeup &rArr; pah8002_read_reg &rArr; _set_bank &rArr; _write_reg &rArr; spi_write_reg &rArr; nrf_drv_spi_transfer &rArr; nrf_drv_spi_xfer &rArr; spim_xfer
</UL>
<BR>[Calls]<UL><LI><a href="#[191]">&gt;&gt;</a>&nbsp;&nbsp;&nbsp;pah8002_read_reg
<LI><a href="#[190]">&gt;&gt;</a>&nbsp;&nbsp;&nbsp;pah8002_write_reg
</UL>
<BR>[Called By]<UL><LI><a href="#[337]">&gt;&gt;</a>&nbsp;&nbsp;&nbsp;pah8002_get_touch_flag
<LI><a href="#[18e]">&gt;&gt;</a>&nbsp;&nbsp;&nbsp;_pah8002_task
<LI><a href="#[330]">&gt;&gt;</a>&nbsp;&nbsp;&nbsp;pah8002_touch_mode_init
<LI><a href="#[32a]">&gt;&gt;</a>&nbsp;&nbsp;&nbsp;pah8002_sw_reset
<LI><a href="#[32c]">&gt;&gt;</a>&nbsp;&nbsp;&nbsp;pah8002_start
<LI><a href="#[32e]">&gt;&gt;</a>&nbsp;&nbsp;&nbsp;pah8002_normal_mode_init
<LI><a href="#[32b]">&gt;&gt;</a>&nbsp;&nbsp;&nbsp;pah8002_normal_long_et_mode_init
<LI><a href="#[328]">&gt;&gt;</a>&nbsp;&nbsp;&nbsp;pah8002_dyn_switch_ppg_mode
</UL>

<P><STRONG><a name="[199]"></a>_read_reg</STRONG> (Thumb, 24 bytes, Stack size 16 bytes, pah8002_comm_spi.o(i._read_reg))
<BR><BR>[Stack]<UL><LI>Max Depth = 136<LI>Call Chain = _read_reg &rArr; spi_burst_read_reg &rArr; nrf_drv_spi_transfer &rArr; nrf_drv_spi_xfer &rArr; spim_xfer
</UL>
<BR>[Calls]<UL><LI><a href="#[19a]">&gt;&gt;</a>&nbsp;&nbsp;&nbsp;spi_burst_read_reg
</UL>
<BR>[Called By]<UL><LI><a href="#[191]">&gt;&gt;</a>&nbsp;&nbsp;&nbsp;pah8002_read_reg
<LI><a href="#[192]">&gt;&gt;</a>&nbsp;&nbsp;&nbsp;pah8002_burst_read_reg
</UL>

<P><STRONG><a name="[19b]"></a>_set_bank</STRONG> (Thumb, 52 bytes, Stack size 16 bytes, pah8002_comm_spi.o(i._set_bank))
<BR><BR>[Stack]<UL><LI>Max Depth = 152<LI>Call Chain = _set_bank &rArr; _write_reg &rArr; spi_write_reg &rArr; nrf_drv_spi_transfer &rArr; nrf_drv_spi_xfer &rArr; spim_xfer
</UL>
<BR>[Calls]<UL><LI><a href="#[19c]">&gt;&gt;</a>&nbsp;&nbsp;&nbsp;_write_reg
</UL>
<BR>[Called By]<UL><LI><a href="#[191]">&gt;&gt;</a>&nbsp;&nbsp;&nbsp;pah8002_read_reg
<LI><a href="#[190]">&gt;&gt;</a>&nbsp;&nbsp;&nbsp;pah8002_write_reg
<LI><a href="#[192]">&gt;&gt;</a>&nbsp;&nbsp;&nbsp;pah8002_burst_read_reg
</UL>

<P><STRONG><a name="[19c]"></a>_write_reg</STRONG> (Thumb, 20 bytes, Stack size 16 bytes, pah8002_comm_spi.o(i._write_reg))
<BR><BR>[Stack]<UL><LI>Max Depth = 136<LI>Call Chain = _write_reg &rArr; spi_write_reg &rArr; nrf_drv_spi_transfer &rArr; nrf_drv_spi_xfer &rArr; spim_xfer
</UL>
<BR>[Calls]<UL><LI><a href="#[19d]">&gt;&gt;</a>&nbsp;&nbsp;&nbsp;spi_write_reg
</UL>
<BR>[Called By]<UL><LI><a href="#[19b]">&gt;&gt;</a>&nbsp;&nbsp;&nbsp;_set_bank
<LI><a href="#[190]">&gt;&gt;</a>&nbsp;&nbsp;&nbsp;pah8002_write_reg
</UL>

<P><STRONG><a name="[266]"></a>nrf_gpio_cfg</STRONG> (Thumb, 30 bytes, Stack size 20 bytes, spi_pah8002.o(i.nrf_gpio_cfg))
<BR><BR>[Stack]<UL><LI>Max Depth = 20<LI>Call Chain = nrf_gpio_cfg
</UL>
<BR>[Called By]<UL><LI><a href="#[265]">&gt;&gt;</a>&nbsp;&nbsp;&nbsp;config_gpio_pah8002
</UL>

<P><STRONG><a name="[169]"></a>errata_16</STRONG> (Thumb, 42 bytes, Stack size 0 bytes, system_nrf52.o(i.errata_16))
<BR><BR>[Called By]<UL><LI><a href="#[32]">&gt;&gt;</a>&nbsp;&nbsp;&nbsp;SystemInit
</UL>

<P><STRONG><a name="[16a]"></a>errata_31</STRONG> (Thumb, 78 bytes, Stack size 0 bytes, system_nrf52.o(i.errata_31))
<BR><BR>[Called By]<UL><LI><a href="#[32]">&gt;&gt;</a>&nbsp;&nbsp;&nbsp;SystemInit
</UL>

<P><STRONG><a name="[16b]"></a>errata_32</STRONG> (Thumb, 42 bytes, Stack size 0 bytes, system_nrf52.o(i.errata_32))
<BR><BR>[Called By]<UL><LI><a href="#[32]">&gt;&gt;</a>&nbsp;&nbsp;&nbsp;SystemInit
</UL>

<P><STRONG><a name="[16c]"></a>errata_36</STRONG> (Thumb, 78 bytes, Stack size 0 bytes, system_nrf52.o(i.errata_36))
<BR><BR>[Called By]<UL><LI><a href="#[32]">&gt;&gt;</a>&nbsp;&nbsp;&nbsp;SystemInit
</UL>

<P><STRONG><a name="[16d]"></a>errata_37</STRONG> (Thumb, 42 bytes, Stack size 0 bytes, system_nrf52.o(i.errata_37))
<BR><BR>[Called By]<UL><LI><a href="#[32]">&gt;&gt;</a>&nbsp;&nbsp;&nbsp;SystemInit
</UL>

<P><STRONG><a name="[16e]"></a>errata_57</STRONG> (Thumb, 42 bytes, Stack size 0 bytes, system_nrf52.o(i.errata_57))
<BR><BR>[Called By]<UL><LI><a href="#[32]">&gt;&gt;</a>&nbsp;&nbsp;&nbsp;SystemInit
</UL>

<P><STRONG><a name="[16f]"></a>errata_66</STRONG> (Thumb, 42 bytes, Stack size 0 bytes, system_nrf52.o(i.errata_66))
<BR><BR>[Called By]<UL><LI><a href="#[32]">&gt;&gt;</a>&nbsp;&nbsp;&nbsp;SystemInit
</UL>

<P><STRONG><a name="[194]"></a>_pah8series_hr_entrance_check</STRONG> (Thumb, 126 bytes, Stack size 8 bytes, pah8series_hr.o(i._pah8series_hr_entrance_check))
<BR><BR>[Stack]<UL><LI>Max Depth = 56<LI>Call Chain = _pah8series_hr_entrance_check &rArr; _pah8series_hr_reset &rArr; HR8002_Reset &rArr; HR8002_Set_PPG_Ch_Num_Is_IR
</UL>
<BR>[Calls]<UL><LI><a href="#[195]">&gt;&gt;</a>&nbsp;&nbsp;&nbsp;_pah8series_hr_reset
</UL>
<BR>[Called By]<UL><LI><a href="#[343]">&gt;&gt;</a>&nbsp;&nbsp;&nbsp;pah8series_hr_entrance
</UL>

<P><STRONG><a name="[195]"></a>_pah8series_hr_reset</STRONG> (Thumb, 22 bytes, Stack size 8 bytes, pah8series_hr.o(i._pah8series_hr_reset))
<BR><BR>[Stack]<UL><LI>Max Depth = 48<LI>Call Chain = _pah8series_hr_reset &rArr; HR8002_Reset &rArr; HR8002_Set_PPG_Ch_Num_Is_IR
</UL>
<BR>[Calls]<UL><LI><a href="#[ff]">&gt;&gt;</a>&nbsp;&nbsp;&nbsp;HR8002_Reset
</UL>
<BR>[Called By]<UL><LI><a href="#[194]">&gt;&gt;</a>&nbsp;&nbsp;&nbsp;_pah8series_hr_entrance_check
</UL>

<P><STRONG><a name="[296]"></a>mul_s32_s32_s32_sr30</STRONG> (Thumb, 12 bytes, Stack size 0 bytes, filter8002_fixed.o(i.mul_s32_s32_s32_sr30))
<BR><BR>[Called By]<UL><LI><a href="#[294]">&gt;&gt;</a>&nbsp;&nbsp;&nbsp;filter_common
</UL>

<P><STRONG><a name="[295]"></a>mul_s32_s32_s32_sr31</STRONG> (Thumb, 12 bytes, Stack size 0 bytes, filter8002_fixed.o(i.mul_s32_s32_s32_sr31))
<BR><BR>[Called By]<UL><LI><a href="#[294]">&gt;&gt;</a>&nbsp;&nbsp;&nbsp;filter_common
</UL>

<P><STRONG><a name="[18d]"></a>_fp_digits</STRONG> (Thumb, 334 bytes, Stack size 56 bytes, printfa.o(i._fp_digits), UNUSED)
<BR><BR>[Calls]<UL><LI><a href="#[8d]">&gt;&gt;</a>&nbsp;&nbsp;&nbsp;__aeabi_dmul
<LI><a href="#[8e]">&gt;&gt;</a>&nbsp;&nbsp;&nbsp;__aeabi_ddiv
<LI><a href="#[86]">&gt;&gt;</a>&nbsp;&nbsp;&nbsp;__aeabi_dadd
<LI><a href="#[99]">&gt;&gt;</a>&nbsp;&nbsp;&nbsp;__aeabi_d2ulz
<LI><a href="#[187]">&gt;&gt;</a>&nbsp;&nbsp;&nbsp;__aeabi_cdrcmple
<LI><a href="#[7c]">&gt;&gt;</a>&nbsp;&nbsp;&nbsp;__aeabi_uldivmod
</UL>
<BR>[Called By]<UL><LI><a href="#[176]">&gt;&gt;</a>&nbsp;&nbsp;&nbsp;_printf_core
</UL>

<P><STRONG><a name="[176]"></a>_printf_core</STRONG> (Thumb, 1744 bytes, Stack size 136 bytes, printfa.o(i._printf_core), UNUSED)
<BR><BR>[Calls]<UL><LI><a href="#[196]">&gt;&gt;</a>&nbsp;&nbsp;&nbsp;_printf_pre_padding
<LI><a href="#[197]">&gt;&gt;</a>&nbsp;&nbsp;&nbsp;_printf_post_padding
<LI><a href="#[18d]">&gt;&gt;</a>&nbsp;&nbsp;&nbsp;_fp_digits
<LI><a href="#[7c]">&gt;&gt;</a>&nbsp;&nbsp;&nbsp;__aeabi_uldivmod
<LI><a href="#[198]">&gt;&gt;</a>&nbsp;&nbsp;&nbsp;__aeabi_uidivmod
</UL>
<BR>[Called By]<UL><LI><a href="#[177]">&gt;&gt;</a>&nbsp;&nbsp;&nbsp;__0sprintf
<LI><a href="#[175]">&gt;&gt;</a>&nbsp;&nbsp;&nbsp;__0printf
</UL>

<P><STRONG><a name="[197]"></a>_printf_post_padding</STRONG> (Thumb, 36 bytes, Stack size 24 bytes, printfa.o(i._printf_post_padding), UNUSED)
<BR><BR>[Called By]<UL><LI><a href="#[176]">&gt;&gt;</a>&nbsp;&nbsp;&nbsp;_printf_core
</UL>

<P><STRONG><a name="[196]"></a>_printf_pre_padding</STRONG> (Thumb, 46 bytes, Stack size 24 bytes, printfa.o(i._printf_pre_padding), UNUSED)
<BR><BR>[Called By]<UL><LI><a href="#[176]">&gt;&gt;</a>&nbsp;&nbsp;&nbsp;_printf_core
</UL>

<P><STRONG><a name="[38]"></a>_sputc</STRONG> (Thumb, 10 bytes, Stack size 0 bytes, printfa.o(i._sputc))
<BR><BR>[Called By]<UL><LI><a href="#[177]">&gt;&gt;</a>&nbsp;&nbsp;&nbsp;__0sprintf
</UL>
<BR>[Address Reference Count : 1]<UL><LI> printfa.o(i.__0sprintf)
</UL><P>
<H3>
Undefined Global Symbols
</H3><HR></body></html>
