<html>
<body>
<pre>
<h1>µVision Build Log</h1>
<h2>Tool Versions:</h2>
IDE-Version: •ÏVision V5.18a
Copyright (C) 2016 ARM Ltd and ARM Germany GmbH. All rights reserved.
License Information: kim chi, hahaha, LIC=IK12Z-JLD1Z-6Q50X-H8FBH-SH4E6-MN8QR
 
Tool Versions:
Toolchain:       MDK-ARM Standard  Version: 5.18a
Toolchain Path:  C:\Keil_v5\ARM\ARMCC\Bin
C Compiler:      Armcc.exe V5.06 update 1 (build 61)
Assembler:       Armasm.exe V5.06 update 1 (build 61)
Linker/Locator:  ArmLink.exe V5.06 update 1 (build 61)
Library Manager: ArmAr.exe V5.06 update 1 (build 61)
Hex Converter:   FromElf.exe V5.06 update 1 (build 61)
CPU DLL:         
Dialog DLL:      
Target DLL:      Segger\JL2CM3.dll V2.99.19.0
Dialog DLL:      TCM.DLL V1.14.8.0
 
<h2>Project:</h2>
C:\Users\GC-RnD1\Desktop\fit_w_pl\greencomm\project\proj_coach+_nrf52_pca10040.uvprojx
Project File Date:  10/19/2017

<h2>Output:</h2>
*** Using Compiler 'V5.06 update 1 (build 61)', folder: 'C:\Keil_v5\ARM\ARMCC\Bin'
Rebuild target 'nrf52832_xxaa_s132'
compiling print.c...
compiling scc.c...
compiling gc_time.c...
compiling command.c...
../include/flash_control.h(271): warning:  #1295-D: Deprecated declaration savefeatureshow - give arg types
  void savefeatureshow();
../include/flash_control.h(273): warning:  #1295-D: Deprecated declaration FlashAllErase - give arg types
  void FlashAllErase();
../include/flash_control.h(275): warning:  #1295-D: Deprecated declaration findpaststartADDR - give arg types
  void findpaststartADDR();
../include/flash_control.h(276): warning:  #1295-D: Deprecated declaration find_recent_feature_save_on_boot - give arg types
  void find_recent_feature_save_on_boot();
..\application\command.c(1759): warning:  #940-D: missing return statement at end of non-void function "cmd_reset_boot"
  }
..\application\command.c(2039): warning:  #940-D: missing return statement at end of non-void function "cmd_hwtest"
  }
..\application\command.c(1967): warning:  #177-D: variable "retry" was declared but never referenced
  	int retry = 0 ;
..\application\command.c(1968): warning:  #177-D: variable "success" was declared but never referenced
  	int success = 0 ;
..\application\command.c(2446): warning:  #940-D: missing return statement at end of non-void function "cmd_getslpinfo"
  }
..\application\command.c: 9 warnings, 0 errors
compiling main.c...
../include/flash_control.h(271): warning:  #1295-D: Deprecated declaration savefeatureshow - give arg types
  void savefeatureshow();
../include/flash_control.h(273): warning:  #1295-D: Deprecated declaration FlashAllErase - give arg types
  void FlashAllErase();
../include/flash_control.h(275): warning:  #1295-D: Deprecated declaration findpaststartADDR - give arg types
  void findpaststartADDR();
../include/flash_control.h(276): warning:  #1295-D: Deprecated declaration find_recent_feature_save_on_boot - give arg types
  void find_recent_feature_save_on_boot();
..\application\main.c(167): warning:  #47-D: incompatible redefinition of macro "UART_TX_BUF_SIZE" (declared at line 12 of "../include/an520.h")
  	#define UART_TX_BUF_SIZE                1024                                         /**< UART TX buffer size. */
..\application\main.c(168): warning:  #47-D: incompatible redefinition of macro "UART_RX_BUF_SIZE" (declared at line 13 of "../include/an520.h")
  	#define UART_RX_BUF_SIZE               	1024                                        /**< UART RX buffer size. */
..\application\main.c(1634): warning:  #177-D: variable "flags" was declared but never referenced
      uint8_t       flags = BLE_GAP_ADV_FLAGS_LE_ONLY_GENERAL_DISC_MODE; /* Dont' erase */
..\application\main.c(1956): warning:  #68-D: integer conversion resulted in a change of sign
  			if( featureSend.time == -1){
..\application\main.c(2319): warning:  #68-D: integer conversion resulted in a change of sign
  	if(slp_save.sleep_start_year != -1 && recall_slp && slp_save.sleep_start_year > 2010 && slp_end_time.year > 2010)
..\application\main.c(2396): warning:  #177-D: variable "recall_slp" was declared but never referenced
  	int week_day,recall_slp=0 ,i =0;
..\application\main.c(2396): warning:  #177-D: variable "i" was declared but never referenced
  	int week_day,recall_slp=0 ,i =0;
..\application\main.c(981): warning:  #177-D: function "on_conn_params_evt" was declared but never referenced
  static void on_conn_params_evt(ble_conn_params_evt_t * p_evt)
..\application\main.c: 12 warnings, 0 errors
compiling font.c...
compiling gc_comm.c...
compiling gc_hr.c...
compiling flash_control.c...
../include/flash_control.h(271): warning:  #1295-D: Deprecated declaration savefeatureshow - give arg types
  void savefeatureshow();
../include/flash_control.h(273): warning:  #1295-D: Deprecated declaration FlashAllErase - give arg types
  void FlashAllErase();
../include/flash_control.h(275): warning:  #1295-D: Deprecated declaration findpaststartADDR - give arg types
  void findpaststartADDR();
../include/flash_control.h(276): warning:  #1295-D: Deprecated declaration find_recent_feature_save_on_boot - give arg types
  void find_recent_feature_save_on_boot();
..\application\flash_control.c(770): warning:  #68-D: integer conversion resulted in a change of sign
  			if (__featuredatalog.time == -1){
..\application\flash_control.c(797): warning:  #68-D: integer conversion resulted in a change of sign
  			if (__featuredatalog.time == -1){
..\application\flash_control.c(1068): warning:  #177-D: variable "page_time" was declared but never referenced
  	uint32_t	page_time=0;
..\application\flash_control.c(1069): warning:  #550-D: variable "e_page" was set but never used
  	uint16_t 	s_page=0, e_page=0;
..\application\flash_control.c(1071): warning:  #177-D: variable "req_buf" was declared but never referenced
  	uint8_t *req_buf;
..\application\flash_control.c: 9 warnings, 0 errors
compiling gc_activity.c...
../include/flash_control.h(271): warning:  #1295-D: Deprecated declaration savefeatureshow - give arg types
  void savefeatureshow();
../include/flash_control.h(273): warning:  #1295-D: Deprecated declaration FlashAllErase - give arg types
  void FlashAllErase();
../include/flash_control.h(275): warning:  #1295-D: Deprecated declaration findpaststartADDR - give arg types
  void findpaststartADDR();
../include/flash_control.h(276): warning:  #1295-D: Deprecated declaration find_recent_feature_save_on_boot - give arg types
  void find_recent_feature_save_on_boot();
..\application\gc_activity.c(1143): warning:  #177-D: variable "save_step" was declared but never referenced
  				int save_step=0, save_cal=0;
..\application\gc_activity.c(1143): warning:  #177-D: variable "save_cal" was declared but never referenced
  				int save_step=0, save_cal=0;
..\application\gc_activity.c(1144): warning:  #177-D: variable "i" was declared but never referenced
  				int i;
..\application\gc_activity.c: 7 warnings, 0 errors
compiling gc_protocol.c...
../include/flash_control.h(271): warning:  #1295-D: Deprecated declaration savefeatureshow - give arg types
  void savefeatureshow();
../include/flash_control.h(273): warning:  #1295-D: Deprecated declaration FlashAllErase - give arg types
  void FlashAllErase();
../include/flash_control.h(275): warning:  #1295-D: Deprecated declaration findpaststartADDR - give arg types
  void findpaststartADDR();
../include/flash_control.h(276): warning:  #1295-D: Deprecated declaration find_recent_feature_save_on_boot - give arg types
  void find_recent_feature_save_on_boot();
..\application\gc_protocol.c: 4 warnings, 0 errors
compiling gc_util.c...
compiling gc_sleep.c...
../include/flash_control.h(271): warning:  #1295-D: Deprecated declaration savefeatureshow - give arg types
  void savefeatureshow();
../include/flash_control.h(273): warning:  #1295-D: Deprecated declaration FlashAllErase - give arg types
  void FlashAllErase();
../include/flash_control.h(275): warning:  #1295-D: Deprecated declaration findpaststartADDR - give arg types
  void findpaststartADDR();
../include/flash_control.h(276): warning:  #1295-D: Deprecated declaration find_recent_feature_save_on_boot - give arg types
  void find_recent_feature_save_on_boot();
..\application\gc_sleep.c(178): warning:  #223-D: function "nrf_delay_ms" declared implicitly
  	nrf_delay_ms(200);
..\application\gc_sleep.c: 5 warnings, 0 errors
compiling display.c...
..\application\display.c(585): warning:  #68-D: integer conversion resulted in a change of sign
  		day_of_week = -1;
..\application\display.c: 1 warning, 0 errors
compiling gc_saadc.c...
compiling gc_ble_notification.c...
..\application\gc_ble_notification.c(44): warning:  #550-D: variable "ancs_category" was set but never used
  	uint8_t	ancs_category;
..\application\gc_ble_notification.c: 1 warning, 0 errors
compiling bsp.c...
compiling bsp_btn_ble.c...
compiling ble_advdata.c...
compiling ble_advertising.c...
compiling ble_conn_params.c...
compiling ble_srv_common.c...
compiling ble_nus.c...
compiling ble_db_discovery.c...
compiling ble_ancs_c.c...
compiling device_manager_peripheral.c...
compiling app_uart_fifo.c...
compiling nrf_drv_common.c...
compiling nrf_delay.c...
compiling nrf_drv_gpiote.c...
compiling nrf_drv_uart.c...
compiling pstorage.c...
compiling nrf_drv_twi.c...
compiling nrf_drv_clock.c...
compiling nrf_drv_spi.c...
compiling nrf_drv_ppi.c...
compiling nrf_saadc.c...
compiling nrf_drv_saadc.c...
compiling app_button.c...
compiling app_error_weak.c...
compiling app_error.c...
compiling app_fifo.c...
compiling app_util_platform.c...
compiling fstorage.c...
compiling app_timer.c...
compiling nrf_assert.c...
compiling nrf_log.c...
compiling retarget.c...
compiling app_scheduler.c...
compiling RTT_Syscalls_KEIL.c...
compiling SEGGER_RTT.c...
compiling SEGGER_RTT_printf.c...
..\..\external\segger_rtt\SEGGER_RTT_printf.c(300): warning:  #111-D: statement is unreachable
          default:  goto FilterFieldWidth;                   break;
..\..\external\segger_rtt\SEGGER_RTT_printf.c: 1 warning, 0 errors
compiling app_timer_appsh.c...
compiling bma2x2.c...
compiling softdevice_handler.c...
compiling bma2x2_support.c...
compiling oled.c...
compiling an520.c...
compiling spi_flash.c...
../include/flash_control.h(271): warning:  #1295-D: Deprecated declaration savefeatureshow - give arg types
  void savefeatureshow();
../include/flash_control.h(273): warning:  #1295-D: Deprecated declaration FlashAllErase - give arg types
  void FlashAllErase();
../include/flash_control.h(275): warning:  #1295-D: Deprecated declaration findpaststartADDR - give arg types
  void findpaststartADDR();
../include/flash_control.h(276): warning:  #1295-D: Deprecated declaration find_recent_feature_save_on_boot - give arg types
  void find_recent_feature_save_on_boot();
..\drivers\spi_flash.c: 4 warnings, 0 errors
compiling rtc.c...
compiling pah8002.c...
..\drivers\pah8002.c(128): warning:  #223-D: function "gc_spi_pah8002_init" declared implicitly
  	gc_spi_pah8002_init();
..\drivers\pah8002.c: 1 warning, 0 errors
compiling gc_twi.c...
assembling arm_startup_nrf52.s...
compiling pah8002_comm_spi.c...
compiling spi_pah8002.c...
compiling system_nrf52.c...
linking...
Program Size: Code=136816 RO-data=10096 RW-data=1240 ZI-data=35064  
FromELF: creating hex file...
"..\object\F1_1_0_0_7.axf" - 0 Error(s), 54 Warning(s).

<h2>Software Packages used:</h2>

Package Vendor: ARM
                http://www.keil.com/pack/ARM.CMSIS.4.5.0.pack
                ARM::CMSIS:CORE:4.3.0
                CMSIS (Cortex Microcontroller Software Interface Standard)
   * Component: CORE Version: 4.3.0

Package Vendor: NordicSemiconductor
                http://developer.nordicsemi.com/nRF5_SDK/pieces/nRF_DeviceFamilyPack/NordicSemiconductor.nRF_DeviceFamilyPack.8.5.0.pack
                NordicSemiconductor::Device:Startup:8.5.0
                Nordic Semiconductor nRF ARM devices Device Family Pack.
   * Component: Startup Version: 8.5.0

<h2>Collection of Component include folders:</h2>
  C:\Users\GC-RnD1\Desktop\fit_w_pl\greencomm\project\RTE
  C:\Keil_v5\ARM\PACK\ARM\CMSIS\4.5.0\CMSIS\Include
  C:\Keil_v5\ARM\PACK\NordicSemiconductor\nRF_DeviceFamilyPack\8.11.1\Device\Include
  C:\Keil_v5\ARM\PACK\NordicSemiconductor\nRF_DeviceFamilyPack\8.5.0\Device\Include

<h2>Collection of Component Files used:</h2>

   * Component: ARM::CMSIS:CORE:4.3.0

   * Component: NordicSemiconductor::Device:Startup:8.5.0
      Source file:   Device\Source\arm\arm_startup_nrf52.s
      Source file:   Device\Source\system_nrf52.c
      Include file:  Device\Include\system_nrf52.h
Build Time Elapsed:  00:01:15
</pre>
</body>
</html>
